Adeilad
Adeilad ffederal
Amgueddfa
Bwyty
Caffi
Canolfan
Canolfan sgïo
Carchar
Castell
Colisëwm
Comin
Cyfarpar
Cyrchfa gwyliau
Fferm
Fforwm
Gerddi
Gorsaf
Gwersyll
Gwersyll carcharorion
Gwersyll lloches
Gwesty
Hilton
Lloches
Lluestai
Llwybr
Maes awyr
Maes awyr rhynglwadol
Maes awyr rhyngwladol
Mynwent
Neuadd
Pafilwn
Palas
Parc
Pencadlys
Pencadlys cyffredinol
Rhodfa
Safle
Safle maes awyr
Sgwâr
Sinema
Stadiwm
Stiwdios
Stryd
Swyddfa
Sŷ
Tafarn
Theatr
Tŷ
Tŷ chwarae
Tŷr
Wal
Ysgol
adeilad
adeilad ffederal
amgueddfa
bwyty
caffi
canolfan
canolfan sgïo
carchar
castell
colisëwm
comin
cyfarpar
cyrchfa gwyliau
fferm
fforwm
gerddi
gorsaf
gwersyll
gwersyll carcharorion
gwersyll lloches
gwesty
hilton
lloches
lluestai
llwybr
maes awyr
maes awyr rhynglwadol
maes awyr rhyngwladol
mynwent
neuadd
pafilwn
palas
parc
pencadlys
pencadlys cyffredinol
rhodfa
safle
safle maes awyr
sgwâr
sinema
stadiwm
stiwdios
stryd
swyddfa
sŷ
tafarn
theatr
tŷ
tŷ chwarae
tŷr
wal
ysgol
Adeilad Ffederal
Canolfan Sgïo
Cyrchfa Gwyliau
Gwersyll Carcharorion
Gwersyll Lloches
Maes Awyr
Maes Awyr Rhynglwadol
Maes Awyr Rhyngwladol
Pencadlys Cyffredinol
Safle Maes Awyr
Tŷ Chwarae
