Afon Adda
Afon Aeron
Afon Afan
Afon Alaw
Afon Aled
Afon Alun
Afon Alun
Afon Alwen
Afon Aman
Afon Aman
Afon Angell
Afon Annell
Afon Arban
Afon Arth
Afon Artro
Afon Arwy
Afon Banw
Afon Barlwyd
Afon Bechan
Afon Bedw
Afon Berwyn
Afon Bidno
Afon Biga
Afon Braint
Afon Brân
Afon Brefi
Afon Brenig
Afon Brennig
Afon Brochan
Afon Cadnant
Afon Cadnant
Afon Cadnant
Afon Cain
Afon Camarch
Afon Camddwr
Afon Camlad
Afon Camlo
Afon Carno
Afon Carrog
Afon Carrog
Afon Carrog
Afon Castell
Afon Cedig
Afon Cefni
Afon Cegidog
Afon Cegin
Afon Ceidiog
Afon Ceint
Afon Ceirig
Afon Ceiriog
Afon Ceirw
Afon Celynnog
Afon Cennen
Afon Ceri
Afon Cerist
Afon Cerist
Afon Cerniog
Afon Ceulan
Afon Chwiler
Afon Cilieni
Afon Claerddu
Afon Claerwen
Afon Clarach
Afon Cledan
Afon Cledan
Afon Cleddau Ddu
Afon Cleddau Wen
Afon Cletwr
Afon Clwyd
Afon Clydach
Afon Clywedog
Afon Colwyn
Afon Concwest
Afon Conwy
Afon Corrwg
Afon Cothi
Afon Crafnant
Afon Crai
Afon Crawcwellt
Afon Crawnon
Afon Crewi
Afon Crychan
Afon Cwm-ochr
Afon Cyllyfelin
Afon Cymerig
Afon Cynfal
Afon Cynin
Afon Cynon
Afon Cynrig
Afon Cywarch
Afon Cywyn
Afon Daron
Afon Ddawan
Afon Desach
Afon Deunant
Afon Dewi Fawr
Afon Digedi
Afon Doethïe
Afon Drywi
Afon Dulais
Afon Dulais
Afon Dulas
Afon Dulas
Afon Dulas
Afon Dulas
Afon Dulas
Afon Dulas
Afon Duweunydd
Afon Dwyfach
Afon Dwyfor
Afon Dwyryd
Afon Dyfi
Afon Dyfrdwy
Afon Dylif
Afon Dysynni
Afon Ebwy
Afon Ebwy Fach
Afon Eden
Afon Edw
Afon Efyrnwy
Afon Egel
Afon Eglwyseg
Afon Eidda
Afon Elái
Afon Elan
Afon Elwy
Afon Erch
Afon Erwent
Afon Ewenni
Afon Fenni
Afon Fflur
Afon Ffraw
Afon Ffrydlas
Afon Foryd
Afon Frogan
Afon Gafenni
Afon Garw
Afon Gele
Afon Glasgwm
Afon Glaslyn
Afon Goch
Afon Goch
Afon Goch
Afon Goedol
Afon Gorddinan
Afon Gorsen
Afon Grannell
Afon Gronw
Afon Grwyne Fawr
Afon Grwyne Fechan
Afon Gwaun
Afon Gwendraeth Fach
Afon Gwendraeth Fawr
Afon Gwenfro
Afon Gwenlais
Afon Gwesyn
Afon Gwili
Afon Gwili
Afon Gwy
Afon Gwydderig
Afon Gwyrfai
Afon Hafesb
Afon Haffes
Afon Hafren
Afon Helygi
Afon Hengwm
Afon Hepste
Afon Hesbin
Afon Hesgyn
Afon Honddu
Afon Honddu
Afon Horon
Afon Hydfer
Afon Ieithon
Afon Irfon
Afon Iwrch
Afon Iwrch
Afon Llafar
Afon Llafar
Afon Llafar
Afon Lledr
Afon Llia
Afon Llifon
Afon Lliw
Afon Lliw
Afon Llugwy
Afon Llugwy
Afon Llugwy
Afon Llwchwr
Afon Llyfnant
Afon Llyfni
Afon Llynfi
Afon Llynfi
Afon Machno
Afon Maesgwm
Afon Marlais
Afon Marlais
Afon Marteg
Afon Mawddach
Afon Meilwch
Afon Melinddwr
Afon Melindwr
Afon Mellte
Afon Meloch
Afon Merddwr
Afon Miwl
Afon Morlais
Afon Morynion
Afon Myddyfi
Afon Mynach
Afon Mynach
Afon Mynwy
Afon Nug
Afon Nyfer
Afon Ogwen
Afon Ogwr Fach
Afon Ogwr Fawr
Afon Peris
Afon Prysor
Afon Pyrddin
Afon Pysgotwr Fach
Afon Pysgotwr Fawr
Afon Rhaeadr
Afon Rheidol
Afon Rhiangoll
Afon Rhiw
Afon Rhondda Fach
Afon Rhondda Fawr
Afon Rhymni
Afon Rhythallt
Afon Saith
Afon Sannan
Afon Sawdde
Afon Sawdde Fechan
Afon Senni
Afon Serw
Afon Sirhywi
Afon Soch
Afon Solfach
Afon Stewi
Afon Sulgen
Afon Tarell
Afon Tarennig
Afon Tawe
Afon Tefeidiad
Afon Teifi
Afon Teigl
Afon Terrig
Afon Trannon
Afon Troddi
Afon Tryweryn
Afon Twllan
Afon Twrch
Afon Twrch
Afon Twrch
Afon Twymyn
Afon Tyleri
Afon Tywi
Afon Wnion
Afon Wygyr
Afon Wyre
Afon Wysg
Afon y Foel
Afon Ysgir Fawr
Afon Ysgir Fechan
Afon Ystrad
Afon Ystwyth
Severn
Thames
Tyne
