Affganistan
Albania
Algeria
Andorra
Angola
Anguilla
Antarctig
Antigwa a Barbiwda
Armenia
Arwba
Aserbaijan
Awstralia
Awstria
Bahamas
Bahrein
Bangladesh
Barbados
Belarws
Belîs
Benin
Bermiwda
Bhwtan
Bolifia
Bosnia-Hertsegofina
Botswana
Brasil
Brwnei
Bwlgaria
Bwrcina Ffaso
Bwrwndi
Cabo Verde
Caledonia Newydd
Cambodia
Camerŵn
Canada
Caribî yr Iseldiroedd
Casachstan
Catalwnia
Cenia
Chile
Cirgistan
Ciribati
Ciwait
Ciwba
Colombia
Comoros
Congo
Costa Rica
Côte d'Ivoire
Croatia
Curaçao
Cymru
Cyprus
De Affrica
De Corea
De Georgia ac Ynysoedd Sandwich y De
De Sudan
Denmarc
Dinas y Fatican
Dominica
Ecwador
El Salfador
Eritrea
Estonia
Ethiopia
Fanwatw
Feneswela
Ffiji
Ffrainc
Fietnam
Gabon
Gaiana
Gambia
Georgia
Ghana
Gibraltar
Gini
Gini Gyhydeddol
Gini-Bissau
Gogledd Corea
Gogledd Iwerddon
Gorllewin Sahara
Greenland
Grenada
Guadeloupe
Guiana Ffrengig
Gwam
Gwatemala
Gweriniaeth Canolbarth Affrica
Gweriniaeth Ddemocrataidd y Congo
Gweriniaeth Dominica
Gweriniaeth Pobl Tsieina
Gwlad Belg
Gwlad Groeg
Gwlad Iorddonen
Gwlad Pwyl
Gwlad Swasi
Gwlad Tai
Gwlad yr Iâ
Haiti
Hondwras
Hong Cong
Hwngari
Iemen
India
Indonesia
Irac
Iran
Israel
Iwerddon
Jamaica
Japan
Jersey
Jibwti
Laos
Latfia
Lesotho
Libanus
Liberia
Libia
Liechtenstein
Lithwania
Lloegr
Lwcsembwrg
Macau
Macedonia
Madagasgar
Malawi
Maldives
Maleisia
Mali
Malta
Martinique
Mawrisiws
Mawritania
Mayotte
Mecsico
Moldofa
Monaco
Mongolia
Montenegro
Montserrat
Moroco
Mosambic
Myanmar
Namibia
Nawrw
Nepal
Nicaragwa
Niger
Nigeria
Niue
Norwy
Oman
Pacistan
Palau
Palesteina
Panama
Papua Guinea Newydd
Paragwâi
Periw
Polynesia Ffrengig
Portiwgal
Pwerto Rico
Qatar
Réunion
Rwanda
Rwmania
Rwsia
Saint Barthélemy
Saint Helena, Ascension a Tristan da Cunha
Saint Martin
Saint-Pierre-et-Miquelon
Sambia
Samoa
Samoa America
San Marino
Sant Kitts-Nevis
Sant Lwsia
Sant Vincent a'r Grenadines
São Tomé a Príncipe
Sawdi Arabia
Sbaen
Seland Newydd
Senegal
Serbia
Seychelles
Sierra Leone
Simbabwe
Singapôr
Sint Maarten
Slofacia
Slofenia
Somalia
Sri Lanca
Svalbard a Jan Mayen
Swdan
Sweden
Swrinam
Syria
Taiwan
Tajicistan
Taleithiau Ffederal Micronesia
Tanzania
Timor-Leste
Tiriogaeth Brydeinig Cefnfor India
Tiroedd Deheuol ac Antarctig Ffrainc
Tiwnisia
Tocelaw
Togo
Tonga
Trinidad a Thobago
Tsiad
Twfalw
Twrci
Tyrcmenistan
Unol Daleithiau America
Wallis a Futuna
Wcrain
Wganda
Wrwgwái
Wsbecistan
Y Deyrnas Unedig
Y Ffindir
Y Philipinau
Y Swistir
Y Weriniaeth Tsiec
Ynys Bouvet
Ynys Manaw
Ynys Norfolk
Ynys y Garn
Ynys y Nadolig
Ynysoedd Åland
Ynysoedd Caiman
Ynysoedd Cocos
Ynysoedd Cook
Ynysoedd Ffaro
Ynysoedd Gogledd Mariana
Ynysoedd Marshall
Ynysoedd Morwynol Prydain
Ynysoedd Morwynol U.D.
Ynysoedd Pitcairn
Ynysoedd Solomon
Ynysoedd Turks a Caicos
Ynysoedd UDA yn y Môr Canoldir
Ynysoedd y Falklands
Ynysoedd ymylol yr Unol Daleithiau
Yr Aifft
Yr Alban
Yr Almaen
Yr Ariannin
Yr Eidal
Yr Emiradau Arabaidd Unedig
Yr Iseldiroedd
Ysnysoedd Heard a McDonald
DU
