Affganiad
Affganiaid
Affrianwyr
Affricanwr
Affricanwr Canolog
Albanwr
Algeriad
Algeriaid
Almaenes
Almaenwr
Americanwr
Andoriad
Andoriaid
Angoliad
Antigwad
Antigwaid
Arab Sawdïaidd
Archentwr
Archentwraig
Aruban
Aserbaijani
Austro
Awstriad
Bahamiad
Bahrainiad
Bangladeshiad
Barbadiad
Belgiad
Belisiad
Beniniad
Bermiwdiad
Bhwtaniad
Birmaniad
Birmaniaid
Bisawiad Gini
Bolifiad
Bosniad
Brasiliad
Bruneiad
Burcina
Burcinabiad
Bwlgariad
Bwrwndiad
Byrmaniad
Caimaniad
Cambodiad
Camerwniad
Canadiad
Catari
Cazacstaniad
Ceniad
Ceniaid
Chinois
Chinoises
Ciwbäwr
Clermont-
Columbiad
Congoliad
Coread
Coread Deheuol
Coread Gogleddol
Coweitiad
Cymro
Daniad
Dominiciad
Dwyrain-Almaenwr
Ecossaise
Ecwadoriad
Eidalwr
Eifftiad
Eingl
Emirian
Estoniad
Et Element Coordination
Ethiopiad
Fanatawiad
Feneswaliad
Ffaroad
Ffijïad
Ffiniad
Ffrancwr
Ffrancwr Polynesaidd
Fietnamiad
Gaianad
Georgiad
Ghanaiad
Ginïad
Ginïad Cyhydeddol
Ginïad Papua Newydd
Glasynyswr
Gorllewin Almaenwr
Grenadiad
Groegwr
Gwamaniad
Gwatamaliad
Gwyddel
Gwyddel Gogleddol
Haitïad
Iforiad
Indiad
Indo
Indonesiad
Iorddoniad
Iraniad
Iseldirwr
Israeliad
Iwgoslâf
Jamaicad
Laosiaid
Latfiad
Letton
Libaniad
Liberiad
Libiad
Lithwaniad
Lwcsembwrgiad
Macawiad
Malagasiad
Malawiad
Maldifiad
Maleisiad
Maliad
Martiniquais
Mawritaniad
Mecsicanes
Melitiad
Micronesiad
Monegasque
Monegasques
Mongoliad
Morociad
Mosambiciad
Motswaniad
Namibiad
Nepaliad
Nicaragwad
Nigerien
Nigeriens
Nigerwr
Nigerwyr
Norwyad
Omaniad
Pacistaniad
Panamaniad
Periwiad
Philipiniad
Philipiniaid
Philippine
Portiwgead
Prydeiniwr
Pwyliad
Quebecoise
Russo
Rwandiad
Rwmaniad
Rwsiad
Saeraniad
Saes
Salfadoriad
Sambiad
Samoad Americanaidd
Sawdi
Sbaenwr
Selandwr Newydd
Senegaliad
Serb
Siapanead
Siapanead 
Simbabwead
Singaporiad
Sino
Slofac
Somali
Somoad Gorllewinol
Sotho
Sri Lanciad
Suisse
Swasi
Swdaniad
Swediad
Swistirwr
Swrinamiad
Sypriot
Syriad
Tai
Taiwaniad
Tajicstaniad
Tansaniad
Tocelawiad
Togoliad
Tongiad
Trigolyn Caledonia Newydd
Trigolyn Cape Verdean
Trigolyn Costa Rica
Trigolyn De Affrica
Trigolyn Monaco
Trigolyn Montserrat
Trigolyn Niue
Trigolyn Puerto Rican
Trigolyn Quebec
Trigolyn Sierra Leone
Trigolyn St. Lucia
Trinidadiad
Tsiadiad
Tsibowtiad
Tsieciad
Tsiecoslofac
Tsieinead
Tsilead
Tswaniad
Turc
Twnisiad
Twrc
un o Wlad yr Iâ
Vietnamien
Vietnamienne
Vietnamiennes
Vietnamiens
Wcreiniad
Wsbeciad
Yemeniad
Ynyswr y Sianel
affganiad
affganiaid
affrianwyr
affricanwr
affricanwr canolog
albanwr
algeriad
algeriaid
almaenes
almaenwr
americanwr
andoriad
andoriaid
angoliad
antigwad
antigwaid
arab sawdïaidd
archentwr
archentwraig
aruban
aserbaijani
austro
awstriad
bahamiad
bahrainiad
bangladeshiad
barbadiad
belgiad
belisiad
beniniad
bermiwdiad
bhwtaniad
birmaniad
birmaniaid
bisawiad gini
bolifiad
bosniad
brasiliad
bruneiad
burcina
burcinabiad
bwlgariad
bwrwndiad
byrmaniad
caimaniad
cambodiad
camerwniad
canadiad
catari
cazacstaniad
ceniad
ceniaid
chinois
chinoises
ciwbäwr
clermont-
columbiad
congoliad
coread
coread deheuol
coread gogleddol
coweitiad
cymro
daniad
dominiciad
dwyrain-almaenwr
ecossaise
ecwadoriad
eidalwr
eifftiad
eingl
emirian
estoniad
et element coordination
ethiopiad
fanatawiad
feneswaliad
ffaroad
ffijïad
ffiniad
ffrancwr
ffrancwr polynesaidd
fietnamiad
gaianad
georgiad
ghanaiad
ginïad
ginïad cyhydeddol
ginïad papua newydd
glasynyswr
gorllewin almaenwr
grenadiad
groegwr
gwamaniad
gwatamaliad
gwyddel
gwyddel gogleddol
haitïad
iforiad
indiad
indo
indonesiad
iorddoniad
iraniad
iseldirwr
israeliad
iwgoslâf
jamaicad
laosiaid
latfiad
letton
libaniad
liberiad
libiad
lithwaniad
lwcsembwrgiad
macawiad
malagasiad
malawiad
maldifiad
maleisiad
maliad
margarita
martiniquais
mawritaniad
mecsicanes
melitiad
micronesiad
monegasque
monegasques
mongoliad
morociad
mosambiciad
motswaniad
namibiad
nepaliad
nicaragwad
nigerien
nigeriens
nigerwr
nigerwyr
norwyad
omaniad
pacistaniad
panamaniad
periwiad
philipiniad
philipiniaid
philippine
portiwgead
prydeiniwr
pwyliad
quebecoise
russo
rwandiad
rwmaniad
rwsiad
saeraniad
saes
salfadoriad
sambiad
samoad americanaidd
sawdi
sbaenwr
selandwr newydd
senegaliad
serb
siapanead
siapanead 
simbabwead
singaporiad
sino
slofac
somali
somoad gorllewinol
sotho
sri lanciad
suisse
swasi
swdaniad
swediad
swistirwr
swrinamiad
sypriot
syriad
tai
taiwaniad
tajicstaniad
tansaniad
tocelawiad
togoliad
tongiad
trigolyn caledonia newydd
trigolyn cape verdean
trigolyn costa rica
trigolyn de affrica
trigolyn monaco
trigolyn montserrat
trigolyn niue
trigolyn puerto rican
trigolyn quebec
trigolyn sierra leone
trigolyn st. lucia
trinidadiad
tsiadiad
tsibowtiad
tsieciad
tsiecoslofac
tsieinead
tsilead
tswaniad
turc
twnisiad
twrc
un o wlad yr iâ
vietnamien
vietnamienne
vietnamiennes
vietnamiens
wcreiniad
wsbeciad
yemeniad
ynyswr y sianel
