Addysg ac Hyfforddiant Gofal AIDS
BDA
Body Positive
Bwrdd Elusennau'r Loteri Genedlaethol
Byddin yr Iachawdwriaeth
Canolfan Affricanaidd er Trawsnewid Economaidd
Clefyd y Siwgwr y DU
Comisiwn Elusennau
Comisiwn Elusennau Cymru a Lloegr
Cronfa Elusennau’r Tywysog
Cyfraith Elusennau
Cyfrifoldebau Ymddiriedolwyr Elusennau
Cymdeithas y Byddar Prydain
Cymorth Cristnogol ar gyfer clefyd AIDS
Cyrff Elusennol
Diabetes UK Cymru
Eiriolwr Elusennau
Elusen Dyfrffyrdd Newydd
Elusen Gofrestredig
Fforwm Ymgynghorol Elusennau BBC Cymru
Heartwatch
IP-UK
Lifeblood yr Elusen Thrombosis
NCH - Elusen y Plant
P.A.L.S.
PALS
Plant mewn Angen
Portsmouth AIDS Link Support
Pwmpwyr Inswlin
Pwmpwyr Iswlin y DU
RNCB
RNIB CYMRU
Scottish Aids Monitor
Sefydliad Cymorth i Elusennau
Sefydliad Elusennol Corfforedig
Sefydliad Joey Dunlop
Sefydliad Rhyngwladol Joey Dunlop
Stopia
STOPIA
TEAR Fund
the Link Project
Trwydded Elusendy
Y Ganolfan Affricanaidd er Trawsnewid Economaidd
Y Tribiwnlys Apêl Elusennau
YMCA
Ymchwil a Gomisiynir Gan Elusennau
Ymddiriedolaeth Elusennol Stadiwm y Mileniwm
YWCA
