Ashadha
Asun
Asvina
Bastille
Bhadrapada
Blwyddyn Newydd yr Iddewon
Chaitra
Corff Crist
D-day
Dhu-i-Hijja
Diwali
Diwrnod Annibyniaeth
Diwrnod Buddugoliaeth dros Siapan
Diwrnod Buddugoliaeth yn Ewrop
Diwrnod Buddugoliaeth yn Ewrop Diwrnod
Diwrnod Diolchgarwch
Diwrnod San Ffolant
Diwrnod San Steffan
Diwrnod San Steffan 
Diwrnod y Gymanwlad
Dydd Gwener y Groglith
Dydd Gŵyl Andreas
Dydd Gŵyl Basil
Dydd Gŵyl Ddewi
Dydd Gŵyl Nicolas
Dydd Gŵyl Padrig
Dydd Gŵyl Siôr
Dydd Gŵyl Steffan
Dydd Gŵyl Swithin
Dydd Llun y Pasg
Dydd Mawrth Ynyd
Dydd Mercher y Lludw
Dydd Sul y Mamau
Dydd Sul y Tadau
Dydd y Cofio
Dydd y Cymod
Dygwyl yr Holl Saint
Dygwyl yr Holl Saint 
Ffŵl Ebrill
Gwledd Pesach
Gwledd Steffan
Gwledd y Pasg
Gwledd yr Wythnosau
Gŵyl Fair yn Awst
Gŵyl Fair yn Awst 
Gŵyl Wesak
Gŵyl y Cysegriad
Gŵyl y Gwanwyn
Gŵyl y Pebyll
Gŵyl yr Wythnosau
Gwyliau’r Nadolig
Gwyliau’r Pasg
Hana Matsuri
Jiwbilî
Jiwbilî Arian
karttika
Katik
Magar
Magha
Mai
Mehragan
Muharram
Nadolig
Nadolig 
Neiniau a Theidiau
Noruz
Nos Galan
Nos Galan Gaeaf
Noson Burns
Noson Guto Ffowc
Noswyl Dygwyl yr Holl Saint
Noswyl Nadolig
Noswyl y Nadolig
Oli
Pajjusana
Pesach
Phagan
Phalguna
Rabi I
Ramadam
Ramadan
Rosh Hashanah
Saga dawa
Saga Dawa
Saraswati Puja
Shawwal
Shici-go-san
Sul Cyntaf y Grawys
Sul y Blodau
Sul y Cofio
Sul y Drindod
Sul y Dyfodiad
Sul y Dyrchafael
Sul y Grawys
Sul y Gweddïau
Sul y Mamau
Sul y Pasg
Sul y Tadau
Vaisakha
Y Coroni
Y Dyfodiad 
Y Flwyddyn Newydd
Y Flwyddyn Newydd Islamaidd
Y Flwyddyn Newydd Tsieineaidd
Y Flwyddyn Sanctaidd
Y Grawys
Y Jiwbilî Euraidd
Y Nadolig
Y Pasg
Y Pentecost
Y Sul Ar ôl y Pasg
Y Sulgwyn
Y Trydydd Sul cyn y Grawys
Yom Kippur
yr Ystwyll
y Coroni
y Dyfodiad 
y Flwyddyn Newydd
y Flwyddyn Newydd Islamaidd
y Flwyddyn Newydd Tsieineaidd
y Flwyddyn Sanctaidd
y Grawys
y Jiwbilî Euraidd
y Nadolig
y Pasg
y Pentecost
y Sul Ar ôl y Pasg
y Sulgwyn
y Trydydd Sul cyn y Grawys
yom Kippur
yr Ystwyll
