aberfa
abertha
adain
adara
addfwyn
addien
addiena
adenydd
adyna
aelwyd
aledwen
alys
amser
aneira
angharad
anghard
anwen
argel
argiwyddes
argoel
argraff
arial
ariana
arianrhod
arlais
armes
artaith
arthes
arwydd
asgre
atgas
awel
banon
berthog
bettrys
blodwen
blodwyn
braith
brangwen
brangwy
branwen
branwenn
branwyn
bregus
briallan
bronwen
bronwyn
buddug
cadwyn
caethes
cafell
caniad
carys
catrin
ceinwen
ceridwen
cerys
cheryl
cordelia
corsen
cragen
creiddylad
cymreiges
daere
delia
delwen
delyth
dera
derwen
deryn
dicra
dierdre
difyr
dilys
drysi
ebrill
efa
eheubryd
eiluned
eira
eirian
elain
elen
elin
elined
ellylw
eluned
eneuawg
enid
enit
enrhydreg
erdudvyl
eres
esyilt
eurneid
eurolwvn
eyslk
ffanci
ffraid
freda
glad
gladis
gladys
glan
gleda
glenda
glenis
glenys
glinda
glinys
glynae
glynda
glynis
glynnis
goewin
goleuddydd
gorasgwrn
gorawen
guenevere
guinevere
gwaeddan
gwanwyn
gwenabwy
gwenda
gwendi
gwendolen
gwendoline
gwendolyn
gwener
gweneth
gwenhwyfar
gwenhwyvar
gwenledyr
gwenna
gwenyth
gwladys
gwyndolen
gwyndolyn
gwynedd
gwyneth
gwynne
gwynneth
heulwen
idella
indeg
iola
isolda
isolde
jennifer
jestina
jestine
kelemon
kigva
lilybet
linette
linnet
llinos
lowri
lynelle
lynette
lynnet
lynnette
mabli
maegan
mair
mali
maredud
marged
margred
mari
maygan
meagan
meaghan
meeghan
meggan
meghan
mercia
mererid
modlen
morgaine
morgana
morgann
morgant
morvudd
morwenna
myfanawy
myfanwy
nerys
oiwyna
olwen
olwina
olwyn
owena
penarddun
rathtyen
rhan
rhawn
rhedyn
rhiain
rhiannon
rhianwen
rhianwyn
rhona
rhonwen
rhosyn
rowena
saeth
saffir
sarff
seren
sian
sioned
talaith
talar
tangwen
tarian
tarren
tegan
tegwan
teleri
telyn
terrwyn
toreth
torlan
torri
una
vala
vanora
winefred
winifred
winnifred
wynnifred
