Abaty Cwm-hir
Aber
Aber / Caerhun
Aber / Llanllechid
Aber-carn
Aber-carn / Llanhiledd
Aber-nant
Aber-porth
Aber-porth / Llangoedmor
Aberaeron
Aberchwiler
Aberdâr
Aberdâr / Llanwynno
Aberdaron
Aberdaugleddau
Aberedw
Aberffro
Aberffro / Llangadwaladr
Abergele
Abergwaun
Abergwili
Abergwili / Llanpumsaint
Abergwyngregyn
Aberhafesb
Aberhafesb / Tregynon
Aberllynfi
Abermo
Aberriw
Aberriw / Brithdir
Abersychan
Abersychan / Blaenafon
Abersychan / Llanhiledd
Abertawe
Abertawe / Llanrhidian / Tre-gwŷr
Abertawe / Ynysymwn
Aberteifi
Abertyleri
Aberysgir
Aberystruth
Aberystwyth
Aberystwyth / Llanbadarn-y-Creuddyn Isaf
Allt-mawr
Amlwch
Amlwch / Carreg-lefn / Llanbadrig
Amroth
Arberth
As Fach, Yr
As Fawr, Yr
Baglan
Baglan Uchaf / Llanfihangel
Bala
Bangor
Bangor / Pentir / Llandygái
Bangor Is-coed
Barri, Y
Batel, Y
Bausley
Beddgelert
Beddgelert / Dolwyddelan
Beddgelert / Llanfrothen
Bedwas
Bedwellte
Begeli
Beifil, Y
Bers
Bethesda
Betws
Betws / Llangeinwyr
Betws Cedewain
Betws Diserth
Betws Garmon
Betws Garmon / Beddgelert
Betws Garmon / Llanberis
Betws Garmon / Llanberis / Waunfawr
Betws Garmon / Llandwrog / Llanllyfni
Betws Gwerful Goch
Betws Ifan
Betws Leucu
Betws-y-coed
Betws-yn-Rhos
Betws, Y
Biwmares
Blaen-gwrach
Blaen-honddan
Blaenafon
Blaenhonddan
Blaenpennal
Bleddfa
Bodedern
Bodfari
Boduan
Bodwrog
Bont-faen, Y
Borth, Y
Botwnnog
Breudeth
Bridell
Brithdir
Brithdir ac Islaw'r-dref
Brithdir ac Islaw'r-dref / Llanfachreth
Brithdir ac Islaw’r-dref
Bron-gwyn
Brongwyn
Broughton
Brwynllys
Brymbo
Bryn-gwyn
Bryn-mawr
Bryn-mawr / Llanelli
Brynbuga
Bryneglwys
Bryneglwys / Llandysilio
Brynffordd
Bryrnbo
Buan
Buan / Llannor
Bugeildy
Burry Port
Bwcle
Bylchau
Caer-went
Caerdydd
Caereinion Fechan
Caergybi
Caergybi / Rhoscolyn
Caerhun
Caeriw
Caerllion
Caerwys
Caldicot
Camros
Cantref
Cantref / Llanfrynach
Capel Colman
Capel Curig
Capel Curig / Dolwyddelan
Carno
Carno / Llanwnnog
Caron-is-clawdd
Caron-is-clawdd / Llanddewibrefi
Caron-uwch-clawdd
Caron-uwch-clawdd / Caron-is-clawdd
Caron-uwch-clawdd / Fwnnws Uchaf
Carreg-lefn
Carreghwfa
Cas-fuwch
Cas-gwent
Cas-lai
Cas-mael
Casgob
Casllwchwr
Casllwchwr / Tre-gwŷr
Casnewydd
Casnewydd-ar-Wysg
Casnewydd-bach
Castell Caereinion
Castell Gwalchmai
Castell Paen
Castell-llan / Llanfihangel Penbedw
Castell-nedd
Castellan
Castellhenri
Castellmartin
Castellnewydd Emlyn
Castellnewydd Uchaf
Castellnewydd, Y
Cathedin
Cefn
Cefn-llys
Cegidfa
Cemais
Cemais Isaf
Cenarth
Cenarth / Llangeler
Cendl
Ceri
Cerrigceinwen
Cerrigydrudion
Cerrigydrudion / Nantglyn
Ceulan-y-maes-mawr
Cheriton
Chwitffordd
Cil-y-cwm
Cilcain
Cilcain / Wyddgrug, Yr
Cilcennin
Cilcennin / Trefilan
Cilgerran
Cilgwrrwg
Ciliau Aeron
Cilrhedyn
Cilybebyll
Cilybebyll / Dulais Isaf
Cilymaenllwyd
Cilymaenllwyd / Llanboidy
Clas-ar-Wy, Y
Cleiro
Clocaenog
Clun
Clydau
Clynnog
Clynnog / Llandwrog
Clynnog / Llanllyfni
Coed-ffranc
Coedana
Coedcanlas
Coety
Colfa
Connah’s Quay
Conwy
Corwen
Crai
Crai / Senni
Cregrina
Cricieth
Cronwern
Crucadarn
Crucornau Fawr
Crucywel
Cwarter Bach
Cwm
Cwm-du
Cwm-hir
Cwm, Y
Cwmaman
Cwmrheidol
Cwmrheidol / Llanfihangel-y-Creuddyn Uchaf
Cwmrheidol / Llangurig
Cydweli
Cynffig
Cynwyl Elfed
Cynwyl Faeo
Cynwyl Gaeo
Cynwyl Gaeo / Cil-y-cwm
Darowen
Darowen / Cemais
Darowen / Penegoes
Deneio
Derwen
Devauden
Dihewyd
Dinas
Dinbych
Dinbych-y-pysgod
Diserth a Thre-coed
Diserth a Threcoed
Disgoed
Dolbenmaen
Dolbenmaen / Beddgelert
Dolgarrog
Dolgellau
Dolwyddelan
Dolwyddelan / Ffestiniog
Drenewydd Gelli farch
Drenewydd Gelli-farch
Drenewydd yn Notais
Drenewydd, Y
Dukestown
Dulais / Blaenhonddan
Dulais / Castell-nedd
Dulais Uchaf
Dulals Isaf
Dwygyfylchi
Dwyrain Waltwn
Dyffryn
Dyffryn Clydach
Dyserth
Eclusham
Ednol
Efenechdyd
Eglwys Brewys
Eglwys Fair y Mynydd
Eglwys Gymyn
Eglwys Lwyd, Yr
Eglwys Newydd, Yr
Eglwys Wen
Eglwys Wythwr
Eglwys y Drindod
Eglwys-bach
Eglwys-wen
Eglwysilan
Eglwyswrw
Eidda
Enlli
Erbistog
Erddig
Esclusham
Ewenni
Faenor Uchaf
Faenor Uchaf / Parsel Canol
Faenor, Y
Fan, Y
Felindre
Fenni-fach, Y
Fenni, Y
Fenni, Y / Llandeilo Bertholau
Ferwig, Y
Ffestiniog
Ffestiniog / Dolwyddelan
Fflint
Fflint, Y
Ffordun
Forlan, Y
Gaerdydd
Garn, Y
Garthbeibio
Garthbeibio / Llangadfan / Llanbryn-mair
Garthbrengi
Gartheli
Gelli-gaer
Gelligandryll, Y
Genau'r-glyn
Genau’r-glyn
Glasgwm
Glyn
Glyn / Modrydd
Glyn Ebwy
Glyn-fach
Glyncorrwg
Glyncorrwg / Rhondda
Glynebwy / Aberystruth
Glyntawe
Glyntawe / Traean-glas / Ystradgynlais Uchaf
Glyntraean
Goetre
Goetre Fawr
Gorllewin Waltwn
Graig
Gresffordd
Grondre
Grysmwnt
Grysmwnt Fawr
Gwarafog
Gwaunysgor
Gwehelog Fawr
Gwenddwr
Gwenfô
Gwersyllt
Gwndy
Gwnnws Isaf
Gwnnws Uchaf
Gwyddelwern
Gwynfil
Gwytherin
Gyffin, Y
Gyffylliog, Y
Gyffylliog, Y / Clocaenog
Halchdyn
Hanmer
Helygain
Hendy-gwyn ar Daf
Heneglwys
Henfynyw
Henllan
Henllan Fallteg
Henllys
Henlynyw
Henryd
Hirnant
Hirnant / Llanrhaeadr-ym-Mochnant
Hob, Yr
Is-clydach
Is-coed
Is-y-coed
Isygarreg
Isygarreg / Ysgubor-y-coed
Langstone
Larnog
Lecwydd
Llai
Llamyrewig
Llan-arth Fawr
Llan-bedr Gwynllŵg
Llan-crwys
Llan-crwys / Cynwyl Gaeo
Llan-ddew
Llan-dŵ
Llan-faes
Llan-fair
Llan-ffwyst
Llan-ffwyst Fawr
Llan-gain
Llan-gan
Llan-giwg
Llan-giwg / Rhyndwyglydach
Llan-giwg / Ystradgynlais
Llan-gors
Llan-gwm
Llan-lwy
Llan-non
Llan-non / Llanarthne
Llan-non / Llanedi
Llan-non / Llangennech
Llan-rhos
Llan-wern
Llan-y-cefn
Llan-y-tair-mair
Llan-y-wern
Llanaber
Llanaelhaeam
Llanaelhaearn
Llanafan
Llanafan Fawr
Llanafan Fechan
Llanallgo
Llanandras
Llananno
Llanarmon Dyffryn Ceiriog
Llanarmon Dyffryn Ceiriog / Llanrhaeadr-ym-Mochnant
Llanarmon Mynydd Mawr
Llanarmon yn lâl
Llanarmon-yn-Iâl
Llanarth
Llanarthne
Llanasa
Llanbabo
Llanbadarn Fawr
Llanbadarn Fynydd
Llanbadarn Garreg
Llanbadarn Odwyn
Llanbadarn Trefeglwys
Llanbadarn-y-Creuddyn Isaf
Llanbadarn-y-Creuddyn Uchaf
Llanbadog Fawr
Llanbadrig
Llanbeblig
Llanbedr
Llanbedr / Llanfair
Llanbedr Dyffryn Clwyd
Llanbedr Dyffryn Clwyd / Llanarmon
Llanbedr Dyffryn Clwyd / Llanarmon-yn-Iâl
Llanbedr Felffre
Llanbedr Pont Steffan
Llanbedr Ystrad Yw
Llanbedr-ar-fynydd
Llanbedr-y-cennin
Llanbedr-y-fro
Llanbedrog
Llanbedrog / Llannor / Deneio
Llanbedrycennin
Llanberis
Llanberis / Llanddeiniolen
Llanberis / Llandygái
Llanbister
Llanboidy
Llanboidy / Hendy-gwyn
Llanboidy / Llangynin / Llanwinio
Llanbryn-mair
Llanbryn-mair / Carno
Llanbryn-mair / Garthbeibio
Llanbrynmair
Llancarfan
Llandanwg
Llanddaniel-fab
Llanddarog
Llanddarog / Llanarthne
Llanddeiniol
Llanddeiniolen
Llandderfel
Llandderfel / Llandrillo
Llandderfel / Llanfor
Llanddeti
Llanddeti / Llangynidr
Llanddeti / Y Faenor
Llanddeusant
Llanddeusant / Llangadog
Llanddewi
Llanddewi / Llanbedr Felffre
Llanddewi Aber-arth
Llanddewi Aber-arth / Llanbadarn Trefeglwys
Llanddewi Abergwesyn
Llanddewi Fach
Llanddewi Felffre
Llanddewi Ysgyryd
Llanddewi Ysgyryd / Llandeilo Bertholau
Llanddewi Ystradenni
Llanddewi-yn-Heiob
Llanddewi’r-cwm
Llanddewibrefi
Llanddewibrefi / Caron-uwch-clawdd
Llanddewibrefi / Cil-y-cwm
Llanddoged
Llanddona
Llanddowror
Llanddulas
Llanddulas / Penbuallt
Llanddunwyd
Llanddwywe-is-y-graig
Llanddwywe-is-y-graig / Llanaber
Llanddwywe-uwch-y-graig
Llanddwywe-uwch-y-graig / Trawsfynydd
Llanddyfnan
Llandecwyn
Llandegfan
Llandegla
Llandeglau
Llandegley
Llandeilo
Llandeilo / Llangathen
Llandeilo Bertholau
Llandeilo Fawr
Llandeilo Fawr / Cwarter Bach
Llandeilo Fawr / Llandybie
Llandeilo Ferwallt
Llandeilo Graban
Llandeilo Tal-y-bont
Llandeilo Tal-y-bont / Llangyfelach
Llandeilo Tal-y-bont / Mawr
Llandeilo'r-fân
Llandeilo'r-fân / Is-clydach
Llandevenny
Llandinam
Llandingad
Llandingad / Llanfair-ar-y-bryn
Llandrillo
Llandrillo / Llanarmon Dyffryn Ceiriog
Llandrillo-yn-Edeirnion
Llandrillo-yn-Rhos
Llandrindod
Llandrinio
Llandrygarn
Llandudno
Llandudoch
Llandudwg Isaf
Llandudwg Uchaf
Llandwrog
Llandwrog / Betws Garmon
Llandybïe
Llandyfaelog
Llandyfaelog Fach
Llandyfái
Llandyfalle
Llandyfedwg
Llandyfeisant
Llandyfenni
Llandyfodwg
Llandyfodwg / Llangeinwyr
Llandyfodwg / Llantrisant
Llandyfrïog
Llandyfrydog
Llandyfrydog / Penrhosllugwy
Llandygái
Llandygwydd
Llandygwydd / Aber-porth
Llandyrnog
Llandysilio
Llandysilio / Grondre
Llandysilio-yn-Iâl
Llandysilio-yn-lâl
Llandysiliogogo
Llandysul
Llandysul / Llangynllo
Llandysul / Orllwyn Teifi
Llanedern
Llanedi
Llanefydd
Llanegryn
Llanegwad
Llanegwad / Abergwili
Llanegwad / Llanfihangel Rhos-y-corn
Llaneilfyw
Llaneilian
Llaneilian-yn-Rhos
Llaneirwg
Llaneleu
Llanelidan
Llanelli
Llanelli / Llangyndeyrn
Llanelltud
Llanelltud / Llanfachreth
Llanelwedd
Llanelwy
Llanenddwyn
Llanenddwyn / Llanddwywe-uwch-y-graig
Llanengan
Llanengan / Llanbedrog
Llanerfyl
Llaneugrad
Llaneurgain
Llanfabon
Llanfabon / Eglwysilan
Llanfaches
Llanfachreth
Llanfachreth / Llanuwchllyn
Llanfaelog
Llanfaethlu
Llanfaglan
Llanfair
Llanfair / Trawsfynydd
Llanfair Caereinion
Llanfair Caereinion / Llanllugan / Aberriw
Llanfair Clydogau
Llanfair Dinbych-y-pysgod
Llanfair Dyffryn Clwyd
Llanfair Dyffryn Clwyd / Llanarmon-yn-Ial
Llanfair Dyffryn Clwyd / Llanarmon-yn-Iâl
Llanfair Llythynwg
Llanfair Mathafarn Eithaf
Llanfair Nant-gwyn
Llanfair Nant-y-gof
Llanfair Pwllgwyngyll
Llanfair Talhaearn
Llanfair-ar-y-bryn
Llanfair-is-gaer
Llanfair-ym-Muallt
Llanfair-yn-neubwll
Llanfair-yn-Neubwll
Llanfair-yng-Nghornwy
Llanfairfechan
Llanfairtalhaearn / Llansannan
Llanfallteg
Llanfaredd
Llanfaredd / Llanelwedd
Llanfarthin
Llanfechain
Llanfechain / Llanfyllin
Llanfechell
Llanfedw
Llanferres
Llanfeugan
Llanfeuthin
Llanfgyfelach
Llanfihangel
Llanfihangel Aberbythych
Llanfihangel Abergwesyn
Llanfihangel Brynpabuan
Llanfihangel Cwm Du
Llanfihangel Dyffryn Arwy
Llanfihangel Fechan
Llanfihangel Glyn Myfyr
Llanfihangel Glyn Myfyr / Clocaenog
Llanfihangel Helygen
Llanfihangel Llantarnam
Llanfihangel Nant Bran
Llanfihangel Nant Melan
Llanfihangel Penbedw
Llanfihangel Rhos-y-corn
Llanfihangel Rhos-y-corn / Llanybydder
Llanfihangel Rhydieithon
Llanfihangel Tal-y-llyn
Llanfihangel Tre'r-beirdd
Llanfihangel Troddi
Llanfihangel y Bont-faen
Llanfihangel Ysgeifiog
Llanfihangel Ystrad
Llanfihangel Ystrad / Gartheli
Llanfihangel-ar-arth
Llanfihangel-y-Creuddyn Isaf
Llanfihangel-y-Creuddyn Uchaf
Llanfihangel-y-fedw
Llanfihangel-y-Pennant
Llanfihangel-y-pwll
Llanfihangel-yng Ngwynfa
Llanfihangel-yng-Ngwynfa
Llanfihangel-yng-Ngwynfa / Llanfyllin
Llanfihangel-yng-Ngwynfa / Llanrhaeadr-ym-Mochnant / Llanfyllin
Llanfihangel-ynys-Afan
Llanfihangell-ar-arth
Llanfilo
Llanfleiddan
Llanfor
Llanfor / Llangynog
Llanfor / Llangywer
Llanfrechfa
Llanfrechfa Isaf
Llanfrechfa Uchaf
Llanfrothen
Llanfrothen / Ffestiniog
Llanfrynach
Llanfwrog
Llanfyllin
Llanfyllin / Llanrhaeadr-ym-Mochnant
Llanfynydd
Llanfynydd / Llangathen
Llanfyrnach
Llanfyrnach / Llanfair Nant-gwyn
Llangadfan
Llangadog
Llangadwaladr
Llangaffo
Llanganten
Llangar
Llangar / Llandrillo
Llangasty Tal-y-llyn
Llangathen
Llangatwg
Llangatwg Feibion Afel
Llangedwyn
Llangefni
Llangeinwen
Llangeinwyr
Llangeinwyr / Llangrallo
Llangeitho
Llangeler
Llangelynnin
Llangennech
Llangenni
Llangenni / Llan-ffwyst Fawr
Llangernyw
Llangoed
Llangoedmor
Llangoedmor / Y Ferwig
Llangollen
Llangollen / Llandysilio
Llangolman
Llangorwen
Llangrallo
Llangrallo Isaf
Llangrallo Uchaf
Llangrannog
Llangristiolus
Llangurig
Llangwm
Llangwm / Llanfor
Llangwyllog
Llangwyryfon
Llangybi
Llangybi / Llanfair Clydogau
Llangybi Fawr
Llangyfelach
Llangyfelach / Mawr
Llangyndeyrn
Llangyndoyrn
Llangynfelyn
Llangynfelyn / Ceulan-y-maes-mawr
Llangynhafal
Llangynhafal / Cilcain
Llangynidr
Llangynin
Llangynllo
Llangynllo / Llandysul
Llangynllo / Troed-yr-aur
Llangynnwr
Llangynnwyr
Llangynog
Llangynog / Llanwddyn
Llangynwyd
Llangynwyd / Port Talbot
Llangynwyd / Trelales
Llangynwyd Ganol
Llangynwyd Isaf
Llangynwyd Uchaf
Llangynwyd Uchaf / Glyncorrwg
Llangynydd
Llangynyw
Llangynyw / Meifod
Llangywer
Llangywer / Llanfor / Llanuwchllyn
Llanhamlach
Llanharan
Llanhari
Llanhenwg Fawr
Llanhiledd
Llanhlechid / Capel Curig
Llanhuadain
Llanhywel
Llanidan
Llanidloes
Llanidloes / Trefeglwys
Llaniestyn
Llanigon
Llanigon / Y Gelli
Llanilar
Llanilid
Llanilltern
Llanilltud Faerdref
Llanilltud Fawr
Llanilltud Gŵyr
Llanina
Llanismel
Llanllawddog
Llanllawddog / Llanpumsaint
Llanllawern
Llanllechid
Llanllugan
Llanllwchaearn
Llanllwni
Llanllyfni
Llanllŷr-yn-Rhos
Llanllywenfel
Llanmadog
Llannarth
Llannarth / Llanina
Llannerch Banna
Llannerch-y-medd
Llannewydd
Llannor
Llannor / Llanystumdwy
Llanofer Fawr
Llanpumsaint
Llanrhaeadr-ym-Mochnant
Llanrhaeadr-ym-Mochnant / Llanarmon Dyffryn Ceiriog
Llanrhaeadr-ym-Mochnant / Llanarmon Mynydd Mawr
Llanrhaeadr-ym-Mochnant / Llandrillo
Llanrhaeadr-yng-Nghinmeirch
Llanrhaeadr-yng-Nghinmeirch / Y Gyffylliog / Cerrigydrudion
Llanrheithan
Llanrhian
Llanrhidian
Llanrhidian Uchaf
Llanrhuddlad
Llanrhychwyn
Llanrhystud / Llangwyryfon
Llanrhystud Anhuniog
Llanrhystud Anhuniog / Mefenydd
Llanrhystud Mefenydd
Llanrug
Llanrug / Llanddeiniolen
Llanrug / Waunfawr
Llanrwst
Llansadwrn
Llansainffraid Cwmteuddwr / Llanwrthwl
Llansainffraid Deuddwr
Llansanffraid
Llansanffraid / Llanbadarn Trefeglwys
Llansanffraid / Llanfihangel Cwm Du
Llansanffraid / Llanrhystud Anhuniog
Llansanffraid Cwmteuddwr
Llansanffraid Deuddwr
Llansanffraid Elái
Llansanffraid Glan Conwy
Llansanffraid Glynceiriog
Llansanffraid Glyndyfrdwy
Llansanffraid Gwynllŵg
Llansanffraid-ar-Elái
Llansanffraid-ar-Ogwr
Llansanffraid-ym-Mechain
Llansanffraid-yn-Elfael
Llansannan
Llansannan / Bylchau
Llansanwyr
Llansawel
Llansbyddyd
Llansilin
Llansilin / Amwythig
Llanstadwel
Llansteffan
Llanstinan
Llantood
Llantriddyd
Llantrisaint
Llantrisaint Fawr
Llantrisant
Llantrisant / Llanharan
Llantrisant Fawr
Llantwyd
Llantydewi
Llanuwchllyn
Llanuwchllyn / Brithdir ac Islaw'r-dref
Llanuwchllyn / Llangywer
Llanuwchllyn / Llanycil
Llanwddyn
Llanwddyn / Llangadfan / Garthbeibio
Llanwenog
Llanwinio
Llanwnda
Llanwnda / Llandwrog
Llanwnda / Waunfawr
Llanwnnen
Llanwnnog
Llanwrda
Llanwrin
Llanwrthwl
Llanwrtyd
Llanwyddelan
Llanwynno
Llanybydder
Llanybydder / Llansawel
Llanychaearn
Llanychaearn / Llanilar
Llanychâr
Llanychâr / Morfil
Llanychlwydog
Llanycil
Llanycil / Llanfor
Llanycil / Llanuwchllyn
Llanymawddwy
Llanymawddwy / Llanuwchllyn / Brithdir ac Islaw'r-dref
Llanymawddwy / Mallwyd
Llanynghenedl
Llanynys
Llanystumdwy
Llanystumdwy / Dolbenmaen
Llechgynfarwy
Llechryd
Llechryd / Dukestown
Llechylched
Llechyled
Lledrod Isaf
Lledrod Uchaf
Llowes
Llwyneliddon
Llys-faen
Llys-wen
Llys-y-frân
Llysdinam
Llysdinam / Llanwrthwl
Llyswyrny
Machen
Machynlleth
Maenan
Maenclochog
Maendy
Maenorbŷr
Maenordeifi
Maentwrog
Maentwrog / Trawsfynydd
Maerun
Maes-car
Maesmynys
Maesyfed
Magwyr
Mallwyd
Mallwyd / Caereinion Fechan
Mallwyd / Llanymawddwy
Manafon
Marchwiail
Marcroes
Marloes
Marnawan
Matharn
Mathri
Mawr
Meidrim / Sancler
Meidrym
Meifod
Melindwr
Meline
Meline / Eglwys Wen / Mynachlog-ddu
Merthyr Cynog
Merthyr Mawr
Merthyr Tudful
Mochdre
Modrydd
Morfil
Mot, Y
Mwynglawdd
Myddfai
Mynachlog-ddu
Mynwar
Mynyddislwyn
Nancwnlle
Nannerch
Nannerch / Cilcain
Nannerch / Cilcain / Llandyrnog
Nantglyn
Nantmel
Nedd Isaf
Nedd Uchaf
Nefyn
Nercwys
Nercwys / Treuddyn
Niwbwrch
Nyfer
Nyfer / Mynachlog-ddu
Orllwyn Teifi
OrllwynTeifi
Owrtyn
Pant-teg
Parsel Canol
Patrisio
Pen-bre
Pen-coed
Pen-hw
Pen-Ilin
Pen-llin
Pen-maen
Pen-marc
Pen-marc / Porthceri
Pen-pont
Pen-rhys
Pen-tyrch
Pen-tyrch / Llanilltud Faerdref
Pen-y-bont ar Ogwr
Pen-y-Cae
Penalun
Penarlâg
Penarth
Penbryn
Penbryn / Betws Ifan
Penbryn / Llangrannog / Llandysiliogogo
Penbuallt
Penbuallt / Treflys
Pencarreg
Pencraig
Penderyn
Penderyn / Cantref
Pendeulwyn
Penegoes
Penegoes / Uwchygarreg
Penmachno
Penmachno / Eidda
Penmynydd
Pennal
Pennant
Pennant / Llanrhaeadr-ym-Mochnant
Pennard
Penrhosllugwy
Penrhosllugwy / Llaneugrad
Penrhydd
Penrhydd / Llanfihangel Penbedw
Penrhyndeudraeth
Penteri
Pentir
Pentraeth
Pentre Helygain
Pentrefoelas
Pentrefoelas / Cerrigydrudion
Pentrefoelas / Llansannan
Pentywyn
Penystrywaid
Pil, Y
Pîl, Y
Pistyll
Pistyll / Llanaelhaearn
Pistyll / Llannor
Pontyberem
Pontypridd
Pontypridd / Eglwysilan
PontypŵI
Port Einon
Port Talbot
Porth Sgiwed
Porthceri
Prestatyn
Pwll-y-blaidd a Thre’rdelyn
Pyllalai
Radur
Resolfen
Resolfen / Clun, Y
Rhaeadr Gwy
Rhaglan
Rhasau
Rhigos / Glyncorrwg / Rhondda
Rhigos, Y
Rhisga
Rhiwabon
Rhiwlen
Rhodogeidio
Rhondda
Rhondda / Aberdâr / Llanwynno
Rhondda / Pontypridd
Rhos-y-bol
Rhoscolyn
Rhoscrowdder
Rhosferig
Rhosili
Rhosllannerchrugog
Rhuddlan
Rhuthun
Rhyd-y-gwern
Rhydaman
Rhydri
Rhyl
Rhymni
Rhyndwyglydach
Rhyndwyglydach / Mawr
Rogiet
Sain Dunwyd
Sain Ffagan
Sain Ffrêd
Sain Nicolas
Sain Pedr
Sain Pedr.
Sain Pedrog
Sain Siorys
Sain Tathan
Sain Tathan / Pen-marc
Saint Andras
Saint Harmon
Saint Harmon / Abaty Cwm-hir
Saint Harmon / Cwm-hir
Saint Hilari
Saint Ishel
Saint-y-brid
Sanclêr
Senni
Senni / Maes-car
Senni / Ystradfellte
Sger, Y
Sili
Silian
Silstwn
Slebets
St. Arvan’s
St. David
St. Edrens
TaI-y-lIyn
Tal-y-llyn
Talach-ddu
Talach-ddu / Llanfilo
Talacharn
Talbenni
Talgarth
Talgarth / Llanfihangel Cwm Du
Talsarnau
Talsarnau / Llandanwg / Llanfair
Talyllychau
Tir Ifan
Tir Ifan / Cerrigydrudion
Tir Ifan / Cerrigydrudion / Llanfor
Tir Ifan / Trawsfynydd / Llanycil
Tirymynach
Tirymynach / Genau'r-glyn
Tirymynach / Trefeurig
Tonna
Towyn
Traean-glas
Traean-mawr
Traean-mawr / Llandeilo'r-fân
Trallong
Trallwng, Y
Trawsfynydd
Trawsfynydd / Llanuwchllyn
Trawsfynydd / Llanuwchllyn / Llanycil
Tre-goed a Felindre
Tre-gwyr
Tre-gŵyr
Tre-lech a'r Betws
Tre-lech a’r Betws
Tre-lech atr Betws
Tre-wern
Tre'rdelyn a Phwll-y-blaidd
Tre'ronnen
Treamlod
Treberfedd
Tredegar
Trefaldwyn
Trefalun
Trefdraeth
Trefdraeth / Llanychlwydog
Trefeglwvs
Trefeglwys
Trefeglwys / Carno / Llandinam
Trefelen
Trefesgob
Trefeurig
Trefeurig / Uwchygarreg
Trefflemin
Treffynnon
Trefgarn
Trefilan
Treflys
Trefnant
Trefriw
Trefwrdan
Trefyclawdd
Trefynwy
Tregaean
Tregolwyn
Tregynon
Trelales
Trelawnyd
Treletert
Trelystan
Tremarchog
Tremeirchion
Treopert
Tresimwn
Treuddyn
Treuddyn / Llanfynydd
Trewalchmai
Trewyddel
Troed-yr-aur
Tryleg
Tudweiliog
Tŷ-du
Tyddewi
Tyndyrn
Tywyn
Uwchygarreg
Waun, Y
Waunfawr
Wdig
Whitton
Wig, Y
Wig, Y / As Fawr, Yr
Wig,Y
Wrecsam
Wrecsam / Bers
Wyddgrug, Yr
Ynys Bŷr
Ynys Enlli
Ynys Seiriol
Ynysawdre
Ynyscynhaearn
Ynysymwn
Ysbyty Ystwyth
YsbytyYstwyth
Ysgeifiog
Ysgubor-y-coed
Ystog, Yr
Ystradfellte
Ystradfellte / Glyn
Ystradgynlais
Ystradgynlais Isaf
Ystradgynlais Uchaf
Ystradowen
Ystumllwynarth
