Arian Cyfred Asiadd
Arian Cyfred Ewropeaidd
Austral
Awstral
Baht
Balboa
Birr
Bolifar
Cedi
Ceiniog
Ceiniogau
Cfp Franc
Ciat
Cina
Colon
Colon Costa Rica
Coner
Cordoba
Corwna
Couronne
Couronnes
Crôn
Crona
Croner
Crwseiro
Cwacha
Cwansa
Cwetsal
Cwna
Dalasi
Dinar
Dinari
Dirham
Doler
Doler Newydd Taiwan
Doler Newydd Tawain
Doler UDA
Doleri
Doleri Dwyrain Y Caribï
Doleri Newydd Taiwan
Doleri Uda
Dollar
Drach
Drachma
Drachmâu
E
Ecu
Esgwdo
Esgwdos
Euc
Ewro
Ewros
Ewros
EWROS
Fatw
Ffloren
Fflorennau
Fforennau
Fforint
Ffranc
Ffranc Canol Affrica
Ffranc Ffrainc
Ffranc Gwlad Belg
Ffranc Y Swistir
Ffrancod
Forint
GBP
Gildern
Gildernau
Gwarani
Ien
Lef
Lempira
Leone
Leu
Lifre
Lilangeni
Lira
Liras
Lire
Maloti
Marc
Marc Almeinig
Marc Ost
Marca
Marciau
Marciau Almeinig
Metical
Naira
Ostmarc
Ouguiya
Palaca
Palaca Macau
Peseta
Pesetas
Peso
Pesos
Punnoedd
Punnoedd Sterling
Punt
Punt Sterling
Pwla
Pynt
Pyntiau
Rand
Randiau
Renminbi
Rial
Ringgit
Riyal
Riyal Saudi
Rwbl
Rwblau
Rwpî
Rwpïa
Rwpîs
Saïr
Schilling
Schillings
Sent
Sentiau
Shilling
Shillings
Sicl
Siclau
Sloti
Sol
Sol Newydd
Sterling
Swcre
Taca
Twgric
Won
arian cyfred asiadd
arian cyfred ewropeaidd
austral
awstral
baht
balboa
birr
bolifar
cedi
ceiniog
ceiniogau
CFP franc
ciat
cina
colon
colon costa rica
coner
cordoba
corwna
couronne
couronnes
crôn
crona
croner
crwseiro
cwacha
cwansa
cwetsal
cwna
dalasi
dinar
dinari
dirham
doler
doler newydd taiwan
doler newydd tawain
doler UDA
doleri
doleri dwyrain y caribï
doleri newydd taiwan
doleri uda
dollar
drach
drachma
drachmâu
ecu
esgwdo
esgwdos
euc
ewro
ewros
fatw
ffloren
fflorennau
fforennau
fforint
ffranc
ffranc canol affrica
ffranc ffrainc
ffranc gwlad belg
ffranc y swistir
ffrancod
forint
gildern
gildernau
gwarani
ien
lef
lempira
leone
leu
lifre
lilangeni
lira
liras
lire
maloti
marc
marc almeinig
marc ost
marca
marciau
marciau almeinig
metical
naira
ostmarc
ouguiya
palaca
palaca macau
peseta
pesetas
peso
pesos
punnoedd
punnoedd sterling
punt
punt sterling
pwla
pynt
pyntiau
rand
randiau
renminbi
rial
ringgit
riyal
riyal saudi
rwbl
rwblau
rwpî
rwpïa
rwpîs
saïr
schilling
schillings
sent
sentiau
shilling
shillings
sicl
siclau
sloti
sol
sol newydd
sterling
swcre
taca
twgric
won
