Aled Roberts
Alison Halford
Altaf Hussain
Alun Cairns
Alun Davies
Alun Ffred Jones
Alun Michael
Alun Pugh
Alyn & Deeside - Tom Middlehurst
Andrew Davies
Andrew R T Davies
Angela Burns
Ann Jones
Bethan Jenkins
Brian Gibbons
Brian Hancock
Brynle Williams
Carl Sargeant
Carwyn Jones
Catherine Thomas
Christine Chapman
Christine Gwyther
Christine Humphries
Christopher Franks
Cynog Dafis
Dafydd Elis-Thomas
Dafydd Wigley
Dai Lloyd
Darren Millar
David Davies
David Jones
David Melding
David Melding 
David Rees
David Rhys Lloyd
Delyth Evans
Denise Idris Jones
Edwina Hart
Eleanor Burnham
Eleanor Burnham 
Elin Jones
Eluned Parrott
Gareth Jones
Geraint Davies
Glyn Davies
Gwenda Thomas
Gwyn Price
Helen Mary Jones
Helen Mary Jones 
Huw Lewis
Ieuan Wyn Jones
Irene James
Jane Davidson
Jane Hutt
Janet Davies
Janet Finch-Saunders
Janet Haworth
Janet Ryder
Janice Gregory
Jeff Cuthbert
Jeffrey Cuthbert
Jenny Randerson
Jenny Rathbone
Jocelyn Davies
John Griffiths
John Marek
Jonathan Morgan
Joyce Watson
Julie James
Julie Morgan
Karen Sinclair
Keith Davies
Ken Skates
Kirsty Williams
Laura Anne Jones 
Leanne Wood
Leighton Andrews
Lesley Griffiths
Lindsay Whittle
Lisa Francis
Llyr Huws Gruffydd
Lord Dafydd Elis Thomas
Lord Dafydd Elis-Thomas
Lorraine Barrett
Lynne Neagle
Mark Drakeford
Mark Isherwood
Michael German
Mick Antoniw
Mick Bates
Mike Hedges
Mohammad Asghar
Nerys Evans
Nicholas Bourne
Nick Bourne
Nick Ramsay
Nick Ramsey
Owen John Thomas
Paul Davies
Pauline Jarman
Peter Black
Peter Law
Peter Rogers
Phil Williams
Rebecca Evans
Rhodri Glyn Thomas
Rhun ap Iorwerth
Richard Edwards
Rod Richards
Ron Davies
Rosemary Butler
Rt. Hon Rhodri Morgan
Russell George
Sandy Mewies
Simon Thomas
Sue Essex
Suzy Davies
Tamsin Dunwoody
Trish Law
Val Feld
Val Lloyd
Vaughan Gething
Veronica German
William Graham
William Powell
Y Fonesig / Dame Rosemary Butler
