Cardiganshire / Sir Drefaldwyn
Ceredigion
Glamorgan
Herefords (det), loc. in Sir Fynwy
Herefordshire
Sir Amwythig
Sir Amwythig / Sir Drefaldwyn
Sir Befro
Sir Benfro
Sir Ddinbych
Sir Ddinbych / Sir Drefaldwyn
Sir Ddinbych / Sir Feirionnydd
Sir Ddinbych / Sir Feirionnydd / Sir Drefaldwyn
Sir Ddinbych / Sir Fflint
Sir Ddinbych / Sir Gaernarfon
Sir Ddinbych/ Sir Amwythig
Sir Ddinbych/Sir Fflint
Sir Drefaldwyn
Sir Faesyfed
Sir Feirionnydd
Sir Feirionnydd / Sir Drefaldwyn
Sir Feirionnydd / Sir Gaernarfon
Sir Feirionnydd/ Sir Ddinbych
Sir Fflint
Sir Fflint (det), loc in Sir Ddinbych
Sir Fflint / Sir Ddinbych
Sir Fôn
Sir Forgannwg
Sir Forgannwg / Sir Frycheiniog
Sir Forganwg
Sir Forganwg/Sir Frycheiniog
Sir Frycheiniog
Sir Frycheiniog / Sir Faesyfed
Sir Frycheiniog / Sir Fynwy
Sir Fynwy
Sir Gaefyrddin
Sir Gaerfyrddin
Sir Gaerfyrddin / Sir Frycheiniog
Sir Gaernarfon
Sir Gaernarfon (det), loc. in Sir Ddinbych
Sir Gaernarfon / Sir Feirionnydd
Sir Gaernarfon/ Sir Ddinbych/ Sir Feirionnydd
Bridgn'd
Bro Taf
Bro Morgannwg
Bwrdeisdref Sirol Blaenau Gwent
Bwrdeistref Sirol Blaenau Gwent
Bwrdeistref Sirol Caerffili
Bwrdeistref Sirol Castell-nedd Port Talbot
Bwrdeistref Sirol Conwy
Bwrdeistref Sirol Merthyr Tudful
Bwrdeistref Sirol Pen-y-bont ar Ogwr
Bwrdeistref Sirol Torfaen
Bwrdeistref Sirol Wrecsam
Bwrdeistref Sirol Wrecsam/Shropshire
Dinas Casnewydd
Gwynedd
Rhondda Cynon Taf
Sir Caerdydd
Sir Ceredigion
Sir Ddinbych
Sir Ddinbych / Bwrdeistref Sirol Wrecsam
Sir Ddinbych/ Bwrdeistref Sirol Wrecsam
Sir Ddinbychshire
Sir Fynwy
Sir Gaerfyrddin
Sir Penfro
Sir Penfroeshire
Sir Powys
Sir y Fflint
Sir Ynys Môn
Dinas a Sir Abertawe
Monmth
VaGam
