Abaty Cwm-hir
Abbey-cwm-hir
Aber
Aber Arad
Aber Cegir
Aber Clydach
Aber Pwll
Aber Village
Aber-Arad
Aber-arth
Aber-banc
Aber-big
Aber-bîg
Aber-carn
Aber-castle
Aber-Cegir
Aber-craf
Aber-cuch
Aber-cwm-y-fuwch
Aber-Cywarch
Aber-Duar
Aber-Eiddy
Aber-erch
Aber-fan
Aber-ffrwd
Aber-Garwed
Aber-Giâr
Aber-lash
Aber-mad
Aber-Magwr
Aber-miwl
Aber-nant
Aber-oer
Aber-pergwm
Aber-Rhaeadr
Aber-soch
Aberaeron
Aberafan
Aberaman
Aberangell
Aberarad
Aberarth
Aberavon
Aberbaiden
Aberbargod
Aberbargoed
Aberbechan
Aberbeeg
Aberbrân
Abercanaid
Abercannaid
Abercarn
Abercastell
Abercastle
Abercegir
Abercegyr
Aberchwiler
Aberclydach
Abercorris
Abercraf
Abercregan
Abercwmboi
Abercych
Abercynffig
Abercynon
Abercywarch
Aberdâr
Aberdare
Aberdaron
Aberdaugleddau
Aberdaugleddyf
Aberddawan
Aberdesach
Aberdovey
Aberdulais
Aberdyar
Aberdyfi
Aberedw
Abereiddi
Abereiddy
Abererch
Aberfan
Aberffraw
Aberffro
Aberffrwd
Abergarw
Abergarwed
Abergavenny
Abergele
Abergiâr
Aberglaslyn
Aberglasne
Aberglasney
Abergorci
Abergorlech
Abergwaun
Abergwesyn
Abergwili
Abergwngu
Abergwynfi
Abergwyngiegyn
Abergwyngregyn
Abergynolwyn
Aberhafesb
Aberhalen
Aberhonddu
Aberhosan
Aberkenfig
Aberlash
Aberleri
Aberlerry
Aberllefenni
Aberllolwyn
Aberllydan
Aberllynfi
Abermagwr
Abermaw
Abermeurig
Abermo
Abermorddu
Abermule
Abernant
Aberogwr
Aberpennar
Aberpensidan
Aberpergwm
Aberporth
Aberpwll
Aberriw
Abersoch
Abersychan
Abertawe
Aberteifi
Aberteleri
Aberthaw
Aberthin
Abertillery
Abertridwr
Abertrinant
Abertyleri
Abertysswg
Abertyswg
Aberyscir
Aberysgir
Aberystruth
Aberystwyth
Achddu
Acre-fair
Acrefair
Acstyn
Acton
Adfa
Adpar
Adwy'r-clawdd
Adwyr
Afon Eitha
Afon Hyddgen
Afon Wen
Afon-wen
Afoneitha
Aifft
Aithnen
Albert Town
Albro
Albro Castle
AlItmelyd
Allt
Allt Cunedda
Allt Fawr
Allt Goch
Allt Melyd
Allt Tairffynnon
Allt y Genlli
Allt y Main
Allt-mawr
Allt-wen
Allt-y-goed
Allt-y-grug
Allt-y-Main
Allt-yr-yn
Allt-yr-ynn
Yr Allt
Alltami
Allteuryn
Alltmawr
Alltwalis
Alltwen
Alltyblaca
Alltyblacca
Alltyrodyn
Alport
ALTERNATIVE VERSIONS OF 
Alway
Ambleston
Amlwch
Amlwch Port
Ammanford
Amroth
Ancient Druid
Anelog
Angle
Aran Benllyn
Aran Fawddwy
yr Aran
Arberth
Ardd-lin
Ardd-line
Arddleen
yr Arddu
Arennig Fach
Arennig Fawr
Argoed
Arowry
Arthog
yr As Fach
yr As Fawr
Ash Grove
Ashfield
Ashvale
Aston
Atpar
Axton
Babel
Babell
Babylon
Bach-wen
Bach-y-gwreiddyn
Bachaethlon
Bachau
Bacheiddion
Bacheldre
Bachelltre
Bachie Ganol
Bachymbyd
Bachymbyd Fawr
Backe
Baddegai
Bae Cinmel
Bae Colwyn
Bae Kinmel
Bagillt
Baglan
Bâl Bach
Bâl Mawr
Y Bala
Balaclava
Ballan
Banc Cwmhelen
Banc Darren-fawr
Banc Du
Banc Myddfai
Banc y Groes
Banc-y-Darren
Banc-y-ffordd
Banc-y-mor
Bancffosfelen
Bancycapel
Bancyfelin
Bancyfford
Bancyffordd
Bancymansel
Baneswell
Bangor
Bangor Is-coed
Bangor Teifi
Bangor Uchaf
Bangor-is-y-coed
Bangor-on-Dee
Bannau Brycheiniog
Banwen
Banwen Pyrddin
Barbadoes Green
Barclodiad y Gawres
Bardsey Island
Bargod
Bargoed
Barland
Barland Common
Barmouth
Barnard's Hill
Barnardtown
Barnlake
Barrack Hill
Barri
Barry
Barry Dock
Barry Island
Basaleg
Bassaleg
Bastleford
Y Batel
Bateman's Hill
Bathafarn
Battle
Bayvil
Beaufort
Beaumaris
Beaupre
Beaupré
Bedd Porus
Bedd Taliesin
Bedd y Cawr
Beddau
Beddau Gwŷr Ardudwy
Beddau'r Cewri
Beddau'r Derwyddon
Beddgelert
Beddgeraint
Bedlinog
Bedlwyn
Bedwas
Bedwell
Bedwellte
Bedwellty
Bedwellty Pits
Bedwlwyn
Beechwood
Began
Begeli
Begelly
Beggar's Bush
Beggars Pound
Beguildy
Y Beifil
Beili-glas
Belan
Y Belan
Belgrano
Bengal
Benllech
Bennar
Bentlass
Berain
Berllan-gollen
Berriew
Berry
Berry Hill
Y Bers
Berse Drelincourt
Bersham
Berth-ddu
Berth-lwyd
Berthen-gam
Berthengam
Berwyn
Y Berwyn
Bethania
Bethasda
Bethel
Bethesda
Bethlehem
Bettisfield
Bettws
Bettws Bledrws
Bettws Cedewain
Bettws Gwerfil Goch
Bettws Newydd
Betws
Betws Abergele
Betws Bledrws
Betws Cedewain
Betws Diserth
Betws Fawr
Betws Garmon
Betws Gwerful Goch
Betws Ifan
Betws Leucu
Betws Newydd
Betws Tir Iarll
Betws-y-coed
Betws-yn-Rhos
Y Betws
Beulah
Y Bewpyr
Bicton
Big Arowry
Big Mancot
Big Neeston
Bigil
Billins
Birch Grove
Birchgrove
Bishop's Town
Bishops Town
Bishopston
Bishpool
Bishton
Bishtwn
Biwmares
Biwmaris
Black Bridge
Black Brook
Black Hill
Black Park
Black Pill
Black Tar
Black Vein
Blackbridge
Blackbrook
Blackhills
Blackmill
Blacknuck
Blackpool
Blackrock
Blacktown
Blackweir
Blackwells
Blackwood
Blaen Carno
Blaen Celyn
Blaen Clydach
Blaen cwm
Blaen-cwm
Blaen-geuffordd
Blaen-gwawr
Blaen-gwrach
Blaen-gwynfi
Blaen-pant
Blaen-plwyf
Blaen-porth
Blaen-waun
Blaen-y-coed
Blaen-y-cwm
Blaen-y-ffos
Blaen-y-Glyn Hill
Blaenafon
Blaenannerch
Blaenau
Blaenau Dolwyddelan
Blaenau Ffestiniog
Blaenau Gwent
Blaenavon
Blaenbedw Fawr
Blaenborthyn
Blaencaerau
Blaencannaid
Blaencarno
Blaencelyn
Blaencerniog
Blaenclydach
Blaencorrwg
Blaencwm
Blaencwmboi
Blaendulais
Blaenffos
Blaengarw
Blaengeuffordd
Blaengwaith-Noah
Blaengwawr
Blaengwrach
Blaengwynfi
Blaenhalen
Blaenhonddan
Blaenieithon
Blaenllechau
Blaenos
Blaenpennal
Blaenplwyf
Blaenporth
Blaenrhondda
Blaenwaun
Blaina
Bleddfa
Bletherston
Blorens
Blue Anchor
Bochrwyd
Bod-Gadfan
Bodafon
Bodedern
Bodelwyddan
Bodewryd
Bodfach
Bodfari
Bodfean
Bodfel
Bodferin
Bodffordd
Bodgadfan
Bodlith
Bodnant
Bodorgan
Bodowyr
Bodrida
Bodringallt
Boduan
Bodwrda
Bodwrog
Bodwyn
Bodyddon
Bodylling
Bodysgallen
Bolahaul
Bolgoed
Boltonhill
Bôn-y-maen
Boncath
Bont
Bont Dolgadfan
Bont Fawr
Bont goch
Y Bont-ddu
Bont-Dolgadfan
Y Bont-faen
Bont-goch
Bont-newydd
Bont-uchaf
Bontddu
Bontdolgadfan
Bontnewydd
Bontuchaf
Bontuchel
Bonvilston
Borras
Borth
Borth Uchaf
Borth-y-gest
Bosherston
Botany Bay
Botffari
Botffordd
Botwnnog
Boughrood
Boughrood Brest
Boulston
Bovehill
Boverton
Bow Street
Bowett
Bowling Bank
Box
Boys Village
Brackla
Bracla
Bradle
Bradley
Braenog
Bragle
Braich y Parc
Braich yr Hwch
Braich-du
Braich-melyn
Braich-talog
Braichmelyn
Braichyfedw
Branas-isaf
Branas-uchaf
Brechfa
Brecon
Bretton
Breudeth
Brewis
Bridell
Bridge End
Bridgend
Briery Hill
Brilley Mountain
Brimaston
Britannia
Brithdir
Brithdir ac Islaw'r-dref
Brithdir-coch
British
Briton Ferry
Y Britwn
Broad Haven
Broad Heath
Broad Oak
Broadclose
Broadfield
Broadlay
Broadmoor
Broadoak
Broadstone
Broadstreet Common
Broadway
Brocastle
Broginin
Brogynin
Brombil
Bron-gwyn
Bron-y-nant
Bronaber
Bronant
Broncastellan
Bronclydwr
Broneirion
Brongain
Brongest
Broniarth
Broniarth Hill
Bronington
Bronllys
Bronnant
Bronwydd
Bronwydd Arms
Bronwylfa
Bronydd
Brook
Brook Estate
Brook House
Brookhouse
Brooks
Broom
Brunant
Y Brwcws
Brwymant
Brwynant
Brychdwn
Brychdyn
Brymbo
Bryn
Bryn Amlwg
Bryn Blaen-y-glyn
Bryn Bwbach
Bryn Cader Faner
Bryn Celyn
Bryn Cerbyd
Bryn coch
Bryn coed Ifor
Bryn Common
Bryn Du
Bryn Dulas
Bryn Eden
Bryn Eglwys
Bryn Elen
Bryn Euryn
Bryn Golau
Bryn Goleu
Bryn Hofa
Bryn Iwan
Bryn Llus
Bryn Llwyd
Bryn Llydan
Bryn Llyndwr
Bryn Llynwynddŵr
Bryn Mawr
Bryn Myrddin
Bryn Offa
Bryn Owen
Bryn Pen-y-lan
Bryn Pydew
Bryn Rhyd-yr-Arian
Bryn Saith Marchog
Bryn Tail
Bryn Tanat
Bryn Trillyn
Bryn y Brath
Bryn y Castell
Bryn y Fawnog
Bryn y Gadair
Bryn y Saethau
Bryn yr Eithin
Bryn yr Hen Bobl
Bryn yr Oerfa
Bryn-Awel
Bryn-berian
Bryn-cae
Bryn-celli-ddu
Bryn-coch
Bryn-crug
Bryn-du
Bryn-Eden
Bryn-Eglwys
Bryn-glas
Bryn-goleu
Bryn-gwyn
Bryn-henllan
Bryn-llwyd
Bryn-mawr
Bryn-newydd
Bryn-oer
Bryn-penarth
Bryn-rhys
Bryn-teg
Bryn-uchel-isaf
Bryn-uchel-uchaf
Bryn-wern
Bryn-y-baal
Bryn-y-bedd
Bryn-y-Ddol
Bryn-y-garreg
Bryn-y-groes
Bryn-y-maen
Bryn-y-mor
Bryn-y-môr
Bryn-y-waen
Bryn-yr-eos
Bryn-yr-ogof
Bryn'refail
Brynafan
Brynaman
Brynamman
Brynau
Brynawel
Brynbeddau
Brynberian
Brynbryddan
Brynbuga
Bryncae
Bryncelyn
Bryncethin
Bryncir
Bryncoch
Bryncroes
Bryncrug
Bryncunallt
Bryncyn Felen
Bryncyn-felen
Brynddu
Brynderwen
Bryndioddef Uchaf
Bryndioddef-isaf
Bryndu
Bryneglwys
Brynelen
Brynengan
Brynffanigl
Brynffordd
Brynfields
Brynford
Brynglas
Bryngolau
Bryngoleu
Bryngwran
Bryngwyn
Brynhenllan
Brynheulog
Brynhoffnant
Brynhovah
Brynhyfryd
Bryniau
Bryniau Duon
Brynithel
Brynllywarch
Brynmaethlu
Brynmawr
Brynmenyn
Brynmill
Brynmorfudd
Brynmyrddin
Brynn
Brynna
Brynnau Gwynion
Brynog
Brynrefail
Brynsadler
Brynsaithmarchog
Brynsiencyn
Brynteg
Bryntelych
Bryntirion
Brynuchel
Brynybedd
Brynygwenin
Brynygwenyn
Brynyrodyn
Brynyrogof
Buan
Buarth Mawr
Buckholt
Buckley
Buckley Mountain
Bugeildy
Builth Road
Builth Wells
Bull Bay
Bullyhole Bottom
Bulwark
Bunkers Hill
Burdonshill
Burgedin
Burlingjobb
Burntwood Pentre
Burry
Burry Green
Burrygreen
Burton
Burton Ferry
Burton Green
Burwen
Bush
Bute Town
Butetown
Buttington
Bwcle
Bwlch
Bwlch Gwyn
Bwlch Mawr
Bwlch Trewyn
Bwlch y Cibau
Bwlch y Garreg
Bwlch y Mynydd
Bwlch y Plain
Bwlch y Sarnau
Bwlch-derwin
Bwlch-gwyn
Bwlch-llan
Bwlch-mawr
Bwlch-newydd
Bwlch-y-cibau
Bwlch-y-cwm
Bwlch-y-fadfa
Bwlch-y-ffridd
Bwlch-y-groes
Bwlch-y-llyn
Bwlch-y-Mynydd
Bwlch-y-Plain
Bwlch-y-sarnau
Bwlchderwin
Bwlchgwyn
Bwlchnewydd
Bwlchtocyn
Bwlchybeudy
Bwlchycibau
Bwlchyddar
Bwlchyfadfa
Bwlchyffridd
Bwlchygarreg
Bwlchygroes
Bwlchyllyn
Bwlchymynydd
Bwlchysarnau
Y Bwlwarcau
Bwrdd Arthur
Byeastwood
Bylchau
Bynea
Byrllysg
Y Byrwydd
Cadair Benllyn
Cadair Idris
Cadle
Cadnant Park
Cadney Bank
Cadole
Cadoxton
Cadoxton Juxta Neath
Cadoxton-Juxta-Neath
Cadwgan
Cadwst
Cae Camp
Cae Clyd
Cae Hopkin
Cae Maen
Cae-crwn
Cae-draw
Cae-du
Cae-Harris
Cae-llea
Cae-mawr
Cae'r-bont
Cae'r-bryn
Cae'r-gwerlas
Cae'r-lan
Caeathro
Caeffynnon
Caeharris
Caehopkin
Caemorgan
Caeo
Caer Beris
Caer Caradog
Caer Ddunod
Caer Din
Caer Drewyn
Caer Du
Caer Eini
Caer Einon
Caer Estyn
Caer Fawr
Caer Gai
Caer Licyn
Caer Llugwy
Caer-Estyn
Caer-Farchell
Caer-gai
Caer-went
Caeracca
Caerau
Caerau Gaer
Caerau Park
Caerdeon
Caerdydd
Caereinion Fechan
Caereithin
Caerfarchell
Caerffili
Caerfilli
Caerfyrddin
Caergeiliog
Caergwrle
Caergybi
Caerhendy
Caerhowel
Caerhun
Caeriw
Caerleon
Caerllion
Caermead
Caermeini
Caernarfon
Caernarvon
Caerphilly
Caersws
Caersŵs
Caerwedros
Caerwent
Caerwent Brook
Caerwys
Cafnan
Caggle Street
Caim
Caio
Calcoed
Calcot
Caldy Island
Camlan
Cammen Mawr
Cammen Ucha
Camnant
Camp Hill
Camros
Camrose
Candleston
Canton
Cantref
Cantwn
Capcoch
Capel
Capel Arthog
Capel Bangor
Capel Betws Lleucu
Capel Celyn
Capel Coch
Capel Colman
Capel Curig
Capel Cynon
Capel Dewi
Capel Garmon
Capel Gwyn
Capel Gwynfe
Capel Hendre
Capel Isaac
Capel Iwan
Capel Llanilltern
Capel Llaniltern
Capel Mawr
Capel Nantddu
Capel Parc
Capel Sain Silin
Capel Saron
Capel Seion
Capel Siloam
Capel Spon
Capel Tygwydd
Capel Uchaf
Capel Ulo
Capel-Bangor
Capel-Betws-Lleucu
Capel-Dewi
Capel-Gwynfe
Capel-Iawn
Capel-Isaac
Capel-Iwan
Capel-Seion
Capel-y-ffin
Capel-y-graig
Capelmawr
Capeluchaf
Capelulo
Carcwm
Cardiff
Cardigan
Cardigan Island
Careg-wen
Careghofa
Carew
Carew Cheriton
Carew Newton
Carfarchell
Carmarthen
Carmel
Carmeltown
Carn Briw
Carn Caglau
Carn Cornel
Carn Fadryn
Carn Ferched
Carn Foesen
Carn Frân
Carn Gafallt
Carn Gelli
Carn Gwilyrn
Carn Gyfrwy
Carn Ingli
Carn Llechart
Carn Llidi
Carn Lwyd
Carn March Arthur
Carn Owen
Carn Penrhiw-ddu
Carn Penrhiwllwydog
Carn Ricet
Carn Twrch
Carn Wen
Carn y Bugail
Carn y Castell
Carn y Geifr
Carn y Gigfran
Carn y Pigwn
Carn yr Hyrddod
Carn-coed
Carn-hedryn-uchaf
Carn-wen
Carnau Cefn-y-ffordd
Carnedd
Carnedd Iago
Carnedd Llywelyn
Carnedd Wen
Carnedd y Ci
Carnedd y Cylch
Carnedd y Ddelw
Carnedd y Filiast
Carneddau
Carneddau Hengwm
Carneddi Llwydion
Carnetown
Carnglas
Carngowil
Carnguwch
Carnguwch Bach
Carngwcw
Carnhedryn
Carno
Caron-is-clawdd
Caron-uwch-clawdd
Carreg Pumsaint
Carreg Waun-llech
Carreg Wen
Carreg y Frân
Carreg y Garth
Carreg-lefn
Carreg-wen
Carreg-y-gath
Carreglefn
Carrog
Carrow Hill
Carway
Carwe
Cas-bach
Cas-blaidd
Cas-bwnsh
Cas-fuwch
Cas-gwent
Cas-lai
Cas-mael
Cas-wis
Cascade
Cascob
Casgob
Casllwchwr
Casmal
Casmorys
Casnewydd
Casnewydd-bach
Castell
Castell Aberlleiniog
Castell Blaenllynfi
Castell Bugad
Castell Caemardy
Castell Caerau
Castell Caereinion
Castell Carndochan
Castell Cawr
Castell Coch
Castell Collen
Castell Crychydd
Castell Dinas Brân
Castell Dolbadarn
Castell Dolforwyn
Castell Dolwyddelan
Castell Draenen
Castell Fflemish
Castell Forlan
Castell Goetre
Castell Grogwynion
Castell Gwalchmai
Castell Gwallter
Castell Heinif
Castell Meurig
Castell Moeddyn
Castell Nadolig
Castell Pen-yr-allt
Castell Rhyfel
Castell Tal-y-fan
Castell Tomen-y-mur
Castell y Bere
Castell y Gaer
Castell y Garn
Castell y Geifr
Castell-llan
Castell-nedd
Castell-paen
Castell-y-bwch
Castell-y-rhingy
Castellau
Castelldwyran
Castellhenri
Castellior
Castellmai
Castellmarch
Castellmartin
Castellnewydd
Castellnewydd Emlyn
Castellnewydd Uchaf
Castellrhingyll
Castle Bank
Castle Caereinion
Castle Ely
Castle Green
Castle Hill
Castle Morris
Castle upon Alun
Castle-upon-Alun
Castlebigh
Castlebythe
Castlemartin
Castlemorris
Castleton
Caswell
Caswell Bay
Caswilia
Cat Hole
Cat's Ash
Catbrook
Catch
Cathays
Cathays Park
Cathedin
Cathedine
Causeway
Ceciliford
Cedris
Cefn
Cefn Berain
Cefn Blewog
Cefn Brith
Cefn Brwynog
Cefn Bryn
Cefn Brynich
Cefn Bychan
Cefn Canol
Cefn Carnfadog
Cefn Cerrigellgwm
Cefn Cilsanws
Cefn Coch
Cefn Cribwr
Cefn Cross
Cefn Du
Cefn Fanog
Cefn Fforest
Cefn Glas
Cefn Golau
Cefn Gwryd
Cefn Hengoed
Cefn Hergest
Cefn Hirfynydd
Cefn Hirgoed
Cefn Llwyd
Cefn Llwydlo
Cefn Llyfnog
Cefn Llysgŵr
Cefn Llystyn
Cefn Mawr
Cefn Meiriadog
Cefn Meriadog
Cefn Onn
Cefn Onnau
Cefn Rhigos
Cefn Rhyswg
Cefn Sidan
Cefn Tresbyty
Cefn yr Ogof
Cefn-brith
Cefn-bryn-brain
Cefn-Brynich
Cefn-bychan
Cefn-caled
Cefn-coch
Cefn-coed
Cefn-coed-y-cymmer
Cefn-crib
Cefn-ddwysarn
Cefn-eurgain
Cefn-Goleu Ganol
Cefn-goleu-uchaf
Cefn-gorwydd
Cefn-hengoed
Cefn-llwyd
Cefn-llyfnog
Cefn-llys
Cefn-mawr
Cefn-pentre
Cefn-Rhowniarth
Cefn-twlch
Cefn-y-bedd
Cefn-y-coed
Cefn-y-ffynnon
Cefn-y-garth
Cefn-y-pant
Cefnamwlch
Cefncaeau
Cefncoed
Cefncoedycymer
Cefncoedycymmer
Cefncribwr
Cefnddwysarn
Cefneithin
Cefngorwydd
Cefnllwyd
Cefnmabli
Cefnmelgoed
Cefnpennar
Cefnydfa
Cegidfa
Cei Connah
Ceidio
Ceidio Fawr
Ceinewydd
Ceinws
Ceinws bach
Ceinws-bach
Ceiswyn
Cellan
Cellar
Celstryn
Celyn-Mali
Celynnen
Cemaes
Cemaes Bay
Cemais
Cemais Comawndwr
Cemlyn
Cemmaes
Cemmaes Road
Cenarth
Cendl
Ceniarth
Cenin
Ceri
Cerig Llwydion
Cerist
Cernioge
Cernioge bach
Cernioge Mawr
Cernioge-bach
Cerrig Cedny
Cerrig Chwibanog
Cerrig Duon
Cerrig Llwydion
Cerrig y Gof
Cerrig yr Iwrch
Cerrig-man
Cerrigceinwen
Cerrigydrudion
Ceulan-y-maes-mawr
Ceunant
Chancery
Chapel Hill
Chapel of Ease
Chapelhill
Charlesville
Chatham
Cheltenham
Chepstow
Chequer, The
Cheriton
Chippenham
Chirch
Chirk
Chirk Green
Christchurch
Church Hill
Church Lake
Church Stoke
Church Village
Churchstoke
Churchton
Chweffordd
Chwilog
Chwitffordd
Cicelyford
Cil
Cil Cowen
Cil-cochwyn
Cil-ffriw
Cil-frwch
Cil-maen
Cil-sant
Cil-y-coed
Cil-y-cwm
Cilâ
Cilan
Cilau
Cilcain
Cilcennin
Cilcewydd
Cilcochwyn
Cilcowen
Cilfodan
Cilfrew
Cilfwnwr
Cilfynydd
Cilgerran
Cilgeti
Cilgwrrwg
Cilgwyn
Cilhepste
Ciliau
Ciliau Aeron
Cilmaengwyn
Cilmeri
Cilmery
Cilrhedyn
Cilsan
Cilshafe
Cilshafe Fawr
Cilshafe Ganol
Cilshafe Isaf
Cilshafe Uchaf
Ciltalgarth
Ciltwrch
Cilwendeg
Cilybebyll
Cilybion
Cilycwm
Cilymaenllwyd
Cim
Cimla
Cinders
Cinmel
Cippin
Cippyn
City
City Dulas
Clarach
Clarbeston
Clarbeston Road
Clareston
Clas-ar-Wy
Clase
Clatter
Clawdd Coch
Clawdd Mawr
Clawdd Poncen
Clawdd y Mynach
Clawdd-coch
Clawdd-llesg
Clawdd-newydd
Clawddnewydd
Clawddponcen
Clearwell
Cleddon
Clegyr-Boia
Clegyrfwya
Clegyrnant
Clegyrog-wen
Cleidda
Cleiro
Cleirwy
Clemenston
Clemenstone
Clenennau
Cletterwood
Clip y Gylfinir
Clipiau
Clocaenog
Cloddiau
Clogau
Clogwyn Candryll
Clogwyn Melyn
Clogydd
Cloigin
Cloigyn
Cloy
Clun-du
Clun
Clunderwen
Clwchdernog
Clwt
Clwt-y-bont
Clwyd Gwilym
Clwyd-Gwilym
Clwyd-y-Fagwyr
Clwydyfagwyr
Clydach
Clydach Terrace
Clydach Vale
Clydau
Clyn-Du
Clynderwen
Clyne
Clyne Common
Clynnog
Clynnog Fawr
Clynnog-fawr
Clyro
Clytha Park
Cnap-llwyd
Cnicht
Cnwcau
Cnwch Coch
Cnwch-coch
Cnwclas
Cnydfa
Coalbrook
Coalbrookvale
Cobbler's Plain
Cobbler’s Plain
Cochwillan
Cock Bank
Cockett
Cockshead
Cocyd
Coed Coch
Coed Cwnwr
Coed Duon
Coed Ely
Coed Esgob
Coed Eva
Coed Gwent
Coed Mawr
Coed Morgan
Coed y Garth
Coed Ystumgwern
Coed-Cwnwr
Coed-duon
Coed-elái
Coed-ffranc
Coed-llai
Coed-pen-maen
Coed-poeth
Coed-talon
Coed-talon Banks
Coed-y-bryn
Coed-y-caerau
Coed-y-fedw
Coed-y-foel
Coed-y-paen
Coed-y-parc
Coed-y-paun
Coed-y-wlad
Coed-yr-iarll
Coed-yr-ynys
Coedana
Coedcae
Coedcanlas
Coedcernyw
Coedely
Coedkernew
Coedmor
Coedmorgan
Coedpoeth
Coedrhiglan
Coedsaeson
Coedway
Coedyfoel
Coedymwstwr
Coelbren
Coeten Arthur
Coety
Cog
Cogan
Coity
Colbren
Colbrwg
Colcot
Cold Blow
Cold Inn
Coldbrook
Coldra
Coleshill
Colfa
Collfryn
Colston
Colts Hill
Coltshill
Colva
Colwinston
Colwyn Bay
Comin Cefn-llwyn
Comins Coch
Comins-coch
Commins
Commins Coch
Common Cefn-llwyn
Common-y-coed
Commons
Commonwood
Congl y Wal
Congl-y-wal
Connah's Quay
Conwy
Coombs
Coopers
Copa Ceiliog
Copenhagen
Coppa View
Corlannau
Corn Du
Corneli
Cornelly
Cornelyn
Cornhill
Cornist
Cornist Ganol
Corntown
Corntwn
Corris
Corris Uchaf
Corwen
Coryton
Cosheston
Cosmeston
Cotland
Court Colman
Court Henry
Court Sart
Court-Henry
Cowbridge
Coychurch
Coytrahen
Crabtree Green
Cradoc
Crai
Craig Bedw
Craig Berthlwyd
Craig Bronbannog
Craig Cefn Parc
Craig Dwrch
Craig Gelli-wen
Craig Gellinudd
Craig Glyn-meirch
Craig Llangiwg
Craig Orllwyn
Craig Rhymni
Craig Swffryd
Craig Wion
Craig y Dinas
Craig y duke
Craig y Garn
Craig yr Allt-goch
Craig Ysgïog
Craig-cefn-parc
Craig-gelli-nedd
Craig-Glyn-Meirch
Craig-Rhymney
Craig-Trewyddfa
Craig-y-don
Craig-y-dorth
Craig-y-Duke
Craig-y-fedw
Craig-y-penrhyn
Craig-y-Rhacca
Craigcefnparc
Cray
Cregrina
Creigau
Creigiau
Creigiau Llwydion
Creignant
Cremlyn
Creseli
Cresselly
Creunant
Crewgreen
Crib y Ddysgl
Cribyn
Criccieth
Cricieth
Crick
Crickadarn
Crickhowell
Criggion
Crindau
Crinow
Crochan Llanddwyn
Croes Hywel
Croes Llanfair
Croes y pant
Croes-goch
Croes-Hywel
Croes-lan
Croes-pen-maen
Croes-wian
Croes-y-Ceiliog
Croes-y-mwyalch
Croesbychan
Croeserw
Croesor
Croespenmaen
Croesyceiliog
Croesyceilog
Croesymwyalch
Croesywaun
Crofty
Crogen
Cronwear
Cronwern
Cross Ash
Cross Hands
Cross Inn
Cross Lanes
Cross Oak
Cross-Hands
Crossgates
Crosshands
Crosskeys
Crosspenmaen
Crosstown
Crossway
Crossway Green
Crossways
Crosswell
Crosswood
Crow Hill
Crowther's Pool
Crucadarn
Crucornau
Crucywel
Crug
Crug Perfa
Crug yr Afan
Crug-y-bar
Crug-y-byddar
Crugiau Ladis
Crugiau Rhos-wen
Crugion
Crugybar
Crugyn Amlwg
Crugyn Gwyddel
Crugyreryr
Crumlin
Crundale
Crundale Hook
Crunwear
Crunwere
Crwbin
Crwys
Crymlyn
Crymlyn Burrows
Crymych
Crymych Arms
Crynant
Cryngae
Crynllwyn
Crynwedd
Cuckoo's Corner
Cuckoo's Row
Cuffern
Cumber's Bank
Cupid's Hill
Cutiau
Cuttybridge
Cwarter Bach
Cwlach
Cwm
Cwm Aran
Cwm Bargod
Cwm Bromley
Cwm Capel
Cwm Ciddy
Cwm Cledan
Cwm Cownwy
Cwm Dows
Cwm Dulais
Cwm Dwygo
Cwm Einon
Cwm Ffrwd
Cwm Ffrwd-oer
Cwm Fields
Cwm Gelli
Cwm Glesyrch
Cwm Gwyn
Cwm Heyop
Cwm Irfon
Cwm Ivy
Cwm Llwyd
Cwm Nant-gam
Cwm Ogwr
Cwm Parc
Cwm Penmachno
Cwm Plysgog
Cwm Rhondda
Cwm Rhyd y Cierw
Cwm-ann
Cwm-bach
Cwm-Belan
Cwm-blaen-bwlan
Cwm-Bromley
Cwm-brwyno
Cwm-bwr
Cwm-byr
Cwm-carn
Cwm-celyn
Cwm-Cewydd
Cwm-corrwg
Cwm-cou
Cwm-Crawnon
Cwm-Cych
Cwm-derwen
Cwm-dows
Cwm-du
Cwm-dwr
Cwm-dwygo
Cwm-fedw
Cwm-felin-fach
Cwm-ffrwd
Cwm-ffrwd-oer
Cwm-Fields
Cwm-gors
Cwm-gwrach
Cwm-hir
Cwm-hwnt
Cwm-Ifor
Cwm-iou
Cwm-is-fael
Cwm-Llinau
Cwm-mawr
Cwm-miles
Cwm-nant-gwynt
Cwm-nant-yr-odyn
Cwm-oernant
Cwm-parc
Cwm-pen-graig
Cwm-rhos
Cwm-Rhyd-y-Cierw
Cwm-twrch
Cwm-twrch Isaf
Cwm-twrch Uchaf
Cwm-y-glo
Cwm-y-llech
Cwm-ynys-cou
Cwm-yr-Eglwys
Cwm
Cwmafan
Cwmafon
Cwmaman
Cwmann
Cwmaran
Cwmavon
Cwmbach
Cwmbach Llechrhyd
Cwmbelan
Cwmbrân
Cwmbran Uchaf
Cwmbrân Uchaf
Cwmbrwyno
Cwmbwrla
Cwmbychan
Cwmcarfan
Cwmcarn
Cwmcarnhywel
Cwmcarvan
Cwmcerdinen
Cwmcoednerth
Cwmcorrwg
Cwmcrawnon
Cwmcych
Cwmdâr
Cwmdare
Cwmderwen
Cwmdu
Cwmduad
Cwmdulais
Cwmdwr
Cwmeldeg
Cwmerfyn
Cwmfelin
Cwmfelin Boeth
Cwmfelin Mynach
Cwmfelin-boeth
Cwmfelin-fach
Cwmfelinfach
Cwmfelinmynach
Cwmffrwd
Cwmffrwdoer
Cwmfields
Cwmgiedd
Cwmgïedd
Cwmgors
Cwmgwili
Cwmgwrach
Cwmgwyn
Cwmhiraeth
Cwmifor
Cwmisfael
Cwmlanerch
Cwmllethryd
Cwmlline
Cwmllynfell
Cwmmiles
Cwmnantyrodyn
Cwmorgan
Cwmorthin
Cwmparc
Cwmpengraig
Cwmpennar
Cwmprysor
Cwmrhaiadr
Cwmrheidol
Cwmrhos
Cwmrhydyceirw
Cwmsychan
Cwmsychbant
Cwmsychpant
Cwmsyfiog
Cwmsyfïog
Cwmsymlog
Cwmteuddwr
Cwmtillery
Cwmtyleri
Cwmtylo
Cwmwdig
Cwmwdig Water
Cwmwysg
Cwmyniscoy
Cwmynyscoy
Cwmyoy
Cwmyreglwys
Cwmystradllyn
Cwmystwyth
Cwnsyllt
Cwrt
Cwrt Bryn-y-beirdd
Cwrt Sart
Cwrt y Person
Cwrt-henri
Cwrt-newydd
Cwrt-y-cadno
Cwrtllechryd
Cwrtnewydd
Cwrtycadno
Cwrtycarnau
Cwrtyrala
Cwys yr Ychen Bannog
Cydweli
Cyfarthfa
Cyffin
Cyffordd Llandudno
Cyffredin
Cyffredyn
Cyffylliog
Cyfronnydd
Cyfronydd
Cymau
Cymdda
Cymer
Cymin
Cymmer
Cyncoed
Cynfal
Cynfal-Fawr
Cynffig
Cynghordy
Cynheidre
Cynlas
Cynllwyd
Cynnull-mawr
Cynonville
Cyntwell
Cynwyd
Cynwyl Elfed
Cynwyl Gaeo
Cyrn y Brain
Cyrniau Nod
Cywarch
Dafen
Dale
Dan Caerlan
Dan yr Ogof
Dan-y-deri
Dan-y-graig
Danygraig
Dardy
Daren
Daren-felen
Darenfelen
Darland
Darowen
Darran
Darranlas
Darren
David's Well
Davids Well
Dawn
Ddol
Ddol Cownwy
Ddraenen Wen
Dduallt
Ddwyryd
De Corneli
De Croesyceiliog
De Llanyrafon
Deepweir
Deerland
Defynnog
Degannwy
Deganwy
Degar
Deiniolen
Denant
Denbigh
Deneio
Denio
Deri
Derlwyn
Derry Ormond
Derwen
Derwen Las
Derwen-fawr
Derwen-gam
Derwen-las
Derwenlas
Derwydd
Dethenydd
Deuddwr
Devauden
Devil's Bridge
Devynock
Dewstow
Difffwys
Dihewyd
Dimlands
Dinam
Dinas
Dinas Bach
Dinas Basing
Dinas Cross
Dinas Dinlle
Dinas Dinoethwy
Dinas Emrys
Dinas Gynfor
Dinas Mawddwy
Dinas Mawr
Dinas Powis
Dinas Powys
Dinas-Mawddwy
Dinbych
Dinbych-y-pysgod
Dingestow
Dinham
Dinllugwy
Dinmael
Dinorwic
Dinorwig
Discoed
Diserth
Diserth a Thre-coed
Disgoed
Disgwylfa
Disserth
Dixton
Dobs Hill
Doc Penfro
Dôl Ifan Gethin
Dol-dre
Dol-fach
Dol-ffanog
Dol-forwyn
Dol-gau
Dôl-goch
Dol-gran
Dôl-wen
Dôl-y-bont
Dol-y-cannau
Dôl-y-gaer
Dol-y-maen
Dol-y-pandy
Dol-y-Wern
Dol-yr-Onen
Dolanog
Dolarddyn
Dolau
Dolbenmaen
Doldowlod
Dole
Dolfach
Dolfonddu
Dolfor
Dolfor Lock
Dolforwyn
Dolgarrog
Dolgau
Dolgellau
Dolgerdd
Dôlgoch
Dolgran
Dolhelfa
Dolhendre
Dolley Green
Dollwen
Dolobran
Dolphin
Dolwar-fach
Dolwen
Dôlwen
Dolwyd
Dolwyddelan
Dolydd
Dôlygaer
Dolyhir
Dolymelinau
Dolypandy
Dolyronnen
Dolywern
Domen Ddu
Domen yr Allt
Domgay
Dothan
Douglas Hill
Dowlais
Dowlais Top
Downs
Downton
Draethen
Dre-fach
Dre-goch
Dreenhill
Drefach
Drefelin
Drenewydd Gelli-farch
Drenewydd yn Notais
Drenewydd
Drim
Drope
Drosgl
Druid
Druidston
Druidstone
Drury
Drury Lane
Drws-y-coed
Drws-y-nant
Drysgol
Dryslwyn
Dudwells
Duffryn
Dugoed
Dugoedydd
Dulais Isaf
Dulais Uchaf
Dulas
Dunston Park
Dunvant
Dutlas
Dwygyfylchi
Dwyrain Aberddawan
Dwyrain Waltwn
Dwyran
Dwyrhiw
Dyffryn
Dyffryn Ardudwy
Dyffryn Ceidrych
Dyffryn Cellwen
Dyffryn Clydach
Dyffryn Henllys
Dyffryn Tanat
Dyffryn-bern
Dyffryn-mawr
Dyfnant
Dylife
Dynfant
Dyserth
Dysserth
Earlswood
Earlswood Common
East Aberthaw
East Bank
East Brook
East Moors
East Trewent
East Village
East Williamston
Eastbrook
Eastern Slade
Ebbw Vale
Edern
Edmondstown
Ednol
Edwardsville
Edwinsford
Efail Fach
Efail Isaf
Efail-fach
Efail-rhyd
Efail-wen
Efailisaf
Efailnewydd
Efailwen
Efailwen isaf
Efenechdyd
Efenechtyd
Eglwys Brewys
Eglwys Cross
Eglwys Fach
Eglwys Fair a Churig
Eglwys Fair y Mynydd
Eglwys Gymyn
Eglwys Henllys
Eglwys Lwyd
Eglwys Newydd ar y Cefn
Eglwys Newydd
Eglwys Wen
Eglwys Wythwr
Eglwys y Drindod
Eglwys-bach
Eglwys-Brewis
Eglwys-fach
Eglwys-rhos
Eglwysbach
Eglwyscummin
Eglwyseg
Eglwysfach
Eglwysilan
Eglwyswen
Eglwyswrw
Eidda
Eifl
Eirias
Eisengrug
Eisingrug
Elan Village
Elerch
Elidir Fach
Elidir Fawr
Elim
Elliot's Town
Elwyn
Ely
Energlyn
Engedi
Erbistock
Erbistog
Erddig
Ergyd Isaf
Ergyd Uchaf
Erlas
Erwood
Eryrys
Esgair
Esgair Ddu
Esgair Garthen
Esgair Irfon
Esgair Llwyn-gwyn
Esgair Maen
Esgair Nantau
Esgair y Groes
Esgair y Maes
Esgair-Geiliog
Esgair-Maen
Esgairgeiliog
Esgyryn
Estavarney
Eunant
Eutun
Evanstown
Evenjobb
Ewenni
Ewenny
Ewenny Cross
Eweston
Ewlo
Ewloe
Ewloe Green
Eyton
Fach-wen
Fachell
Fachwen
Fachwen-ganol
Fachwen-isaf
Fachwen-uchaf
Faenor Gaer
Faenor Uchaf
Faenor-Uchaf
Faenor
Faerdre
Faerdre-fawr
Faerdrefawr
Fagwyr
Fairbourne
Fairfield
Fairoak
Fairwater
Falcondale
Fan Bwlch Chwyth
Fan Fawr
Fan
Farmers
Farnowen
Farteg
Fawnog
Fedw Fawr
Felin Newydd
Felin Puleston
Felin-Crai
Felin-fach
Felin-foel
Felin-gwm-isaf
Felin-gwm-uchaf
Felin-newydd
Felin-wen
Felin-Wnda
Felindre
Felindre Farchog
Felinfach
Felinfoel
Felinganol
Felingwmisaf
Felinheli
Fenn's Bank
Fenni-fach
Fenni
Fennifach
Ferley
Ferndale
Fernhill
Ferryside
Ferwig
Ffair Rhos
Ffair-fach
Ffair-rhos
Ffairfach
Ffald-y-Brenin
Ffaldau
Ffaldybrenin
Ffarmers
Ffawyddog
Fferam
Fferws Hill
Ffestiniog
Fflint
Ffon-mon
Fforchegel
Fforchorci
Ffordd y Gyfraith
Ffordd-las
Ffordd-y-Gyfraith
Fforddlas
Ffordun
Fforest
Fforest Coal Pit
Fforest Goch
Fforest-fach
Fforest
Fforestfach
Ffos-y-ffin
Ffos-y-fran
Ffos-y-go
Ffostrasol
Ffridd
Ffridd Faldwyn
Ffridd Ganol
Ffridd Penthryn
Ffrith
Ffrwd
Ffwl-y-mwn
Ffwrnais
Ffynnon
Ffynnon Allgo
Ffynnon Bedr
Ffynnon Cegin Arthur
Ffynnon Ddewi
Ffynnon Ddygfael
Ffynnon Deilo
Ffynnon Derfel
Ffynnon Dogfan
Ffynnon Eilian
Ffynnon Faglan
Ffynnon Gron
Ffynnon Gynydd
Ffynnon Illog
Ffynnon Sulien
Ffynnon Taf
Ffynnon Trillo
Ffynnon-ddrain
Ffynnon-oer
Ffynnon-wen
Ffynnonddewi
Ffynnonddrain
Ffynnongroyw
Ffynnonwen
Figure Four
Fishguard
Fishpool
Fishpools
Five Lanes
Five Locks
Five Roads
Flemingston
Fleur-de-lis
Flint
Flint Mountain
Fochriw
Foel
Foel Benddin
Foel Boeth
Foel Chwern
Foel Cnwch
Foel Ddu
Foel Drygarn
Foel Dyrch
Foel Eryr
Foel Fawr
Foel Feddau
Foel Fenlli
Foel Figenau
Foel Fras
Foel Frech
Foel Gasydd
Foel Goch
Foel Gopyn
Foel Greon
Foel Gron
Foel Gurig
Foel Isbri
Foel Las
Foel Mallwyd
Foel Offrwm
Foel Rhiwlas
Foel Rudd
Foel Wen
Foel Wylfa
Foel y Geifr
Foel y Gwynt
Foel yr Hydd
Foel
Foelallt
Foelgastell
Folly
Fonmon
Font-y-gary
Ford
Forden
Forest Coal Pit
Forge
Forge Hammer
Forge Side
Forgeside
Forlan
Foryd
Foundry Town
Fountain
Four Crosses
Four Mile Bridge
Four Roads
Fox Hole
Foxhole
Frank's Bridge
Frankwell
Frederick Place
Freehold Land
Frenni Fawr
Freshwater East
Freystrop
Friog
Frochas
Frog Moor
Froghall
Fron
Fron Bache
Fron Isaf
Fron-Bache
Fron-deg
Fron-deg
Fron-goch
Fron-oleu
Froncysylltau
Froncysyllte
Frondeg
Frongoch
Furnace
Gabalfa
Gadfa
Gadlys
Gaer
Gaer Fach
Gaer Fawr
Gaer-fawr
Gaer-lwyd
Gaerllwydd
Gaerwen
Galdlys
Galdys
Gallowsgreen
Gallt Melyd
Gallt-y-foel
Galltegfa
Galltfaenan
Galon Uchaf
Gamriw
Ganllwyd
Garden City
Garden Village
Gardiffaith
Garig-adwy-wynt
Garizim
Garn
Garn Bach
Garn Bentyrch
Garn Bica
Garn Boduan
Garn Ddyrys
Garn Fawr
Garn Felen
Garn Goch
Garn Lwyd
Garn Lydan
Garn-Dolbenmaen
Garn-Las
Garn-swllt
Garn-yr-erw
Garn
Garnant
Garnant
Garndiffaith
Garndolbenmaen
Garnedd Fawr
Garnedd Wen
Garneddwen
Garnfadrun
Garnfadryn
Garnlydan
Garnswllt
Garnyrerw
Garreg
Garreg Fraith
Garth
Garth Hill
Garth Owen
Garth Place
Garth Trefor
Garth Trevor
Garth Uchaf
Garth-obry
Garthbeibio
Garthbrengi
Garthbrengy
Gartheiniog
Gartheli
Garthgellin
Garthmyl
Garwfynydd
Gas-Gwent
Gatewen
Gatlas
Gaufron
Gegin
Geifr Common
Geinas
Gell
Gelli
Gelli Ffrydiau
Gelli Gandryll
Gelli Ucha
Gelli-aur
Gelli-groes
Gelli-gron
Gelli-haf
Gelli-nudd
Gelli-wen
Gelli
Gellideg
Gellifelen
Gellifor
Gelligaer
Gelligroes
Gellilydan
Gellinedd
Gellinudd
Gelliswick
Gelliwastad
Gellygron
Gellyswick
Gellywen
Genau’r-glyn
Gendros
Geneva
George Town
Georgetown
Gerdinen isaf
Gerlan
Geseilfa
Geuffordd
Geufron
Giant's Grave
Gïas
Gibbet Hill
Gignog
Gileston
Gilfach
Gilfach Goch
Gilfach-goch
Gilfachreda
Gilwern
Gladestry
Glais
Glan Adda
Glan Clwyd
Glan Clwyd Ganol
Glan Mule
Glan-Adda
Glan-Alaw
Glan-bad
Glan-Bran
Glan-Clwyd
Glan-Duar
Glan-dwr
Glan-Dwyfach
Glan-Frogan
Glan-Gwili
Glan-llyn
Glan-pwll-afon
Glan-rhyd
Glan-tawe
Glan-y-don
Glan-y-llyn
Glan-y-mor
Glan-y-nant
Glan-y-Pwll
Glan-y-wern
Glan-yr-afon
Glanadda
Glanafon
Glanalaw
Glanaman
Glanbran
Glanconwy
Glandwr
Glandŵr
Glandy Cross
Glandyfi
Glaneirw
Glangrwyne
Glangrwyney
Glanhanog
Glanmule
Glanmwrwg
Glanpwllafon
Glanrafon
Glanrhyd
Glansevin
Glantawe
Glantwymyn
Glanwern
Glanwydden
Glanyferi
Glanyfferi
Glanypwll
Glanyrafon
Glasbury
Glascoed
Glascwm
Glasdir
Glasfryn
Glasgoed
Glasgwm
Glasinfryn
Glasllwch
Glaspwll
Glebeland
Gleiniant
Glen-Usk
Glenowen
Globwll
Glog Hill
Glog
Glogue
Glyddyn
Glyn
Glyn Brochan
Glyn Castle
Glyn Ceiriog
Glyn Fach
Glyn Neath
Glyn-coch
Glyn-fach
Glyn-Gower
Glyn-hir
Glyn-moch
Glyn-neath
Glyn-nedd
Glyn-taf
Glyn-teg
Glynarthen
Glynbrochan
Glyncoch
Glyncoed
Glyncorrwg
Glyndyfrdwy
Glynebwy
Glynfach
Glynhafren
Glynllan
Glynogwr
Glynrhedynog
Glyntaff
Glyntawe
Glynteg
Glyntraean
Glyntrefnant
Gnoll
Godre'r-graig
Godre’r-graig
Godreaman
Goetre
Goetre Hill
Goetre-hen
Goetref
Goferydd
Gofilon
Gogerddan
Goginan
Gogledd Croesyceiliog
Gogledd Llanyrafon
Gogofau
Gogoyan
Goitre
Golan
Golch
Gold Cliff
Gold Tops
Goldcliff
Golden Grove
Golden Hill
Golfa
Golftyn
Golly
Golynos
Goodwick
Goostrey
Goppa
Gorddinog
Gore
Gored Beuno
Gorllewin Aberddawan
Gorllewin Waltwn
Gorn
Gorof
Goron-ddu
Gorrig
Gors
Gors-las
Gorsedd
Gorsedd Brân
Gorseinon
Gorsgoch
Gorslas
Gourton
Govilon
Gowerton
Goytre
Graianrhyd
Graig
Graig Adwy Wynt
Graig Fawr
Graig Felen
Graig Lwyd
Graig Penllyn
Graig Trewyddfa
Graig Wen
Graig-adwy-wynt
Graig-Fawr
Graig-fechan
Graig-lwyd
Graig-Olway
Graig-Trewyddfa
Graig-y-gronfa
Graig
Graigcefnparc
Graigfechan
Graigwen
Graigyrhaca
Grangetown
Granston
Great Cellws
Great Hardwick
Great Hem
Great Honeyborough
Great Llyfos
Great Oak
Great Rudbaxton
Great Tre Rhew
Great Tre-rhew
Great Weston
Green
Green Grove
Green Lane
Greenfield
Greenmeadow
Greenway
Gregynog
Gresffordd
Gresford
Greynor
Gribin Oernant
Gribin
Griffithstown
Groes
Groes Efa
Groes Faen
Groes Llwyd
Groes-faen
Groes-faen
Groes-fawr
Groes-Goch
Groes-lwyd
Groes-wen
Groes
Groesfford
Groesffordd
Groesffordd Marli
Groeslon
Groeslon
Groespluan
Grofield
Gronant
Grondre
Grongaer
Grosmont
Grove
Grovesend
Gryn Goch
Grysmwnt
Guilford
Guilsfield
Gumfreston
Gungrog Fawr
Gurn
Gurn Ddu
Gurn Goch
Gurn Moelfre
Gurn Wigau
Gurn
Gurnos
Gurnos
Gwaelod-y-garth
Gwaenysgor
Gwaithla
Gwâl y Filiast
Gwalchmai
Gwalchmai Uchaf
Gwarafog
Gwastad
Gwastadcoed
Gwastadgoed
Gwastadnant
Gwaun Treoda
Gwaun-Cae-Gurwen
Gwaun-gyd
Gwaun-Leision
Gwauncaegurwen
Gwaunleision
Gwaunysgor
Gwaunyterfyn
Gwbert
Gwbert on Sea
Gwehelog
Gwehelog Common
Gwely Gwyddfarch
Gwely Melangell
Gwenddwr
Gwenffrwd
Gwenfô
Gwepra
Gwern
Gwern Hywel Uchaf
Gwern Pen-y-nant
Gwern-Estyn
Gwern-y-Cil
Gwern-y-go
Gwern-y-Steeple
Gwernaffield
Gwernafon
Gwerneirin
Gwernesney
Gwernesni
Gwernestyn
Gwernhywel Bach
Gwernhywel isaf
Gwernhywel-ganol
Gwernoge
Gwernogle
Gwernol
Gwernyclepa
Gwernydd
Gwernyfed
Gwernymynydd
Gwersyllt
Gwerthefyriwg
Gwesbyr
Gwespyr
Gwestydd
Gwndy
Gwnnws Isaf
Gwnnws Uchaf
Gwredog
Gwrhay
Gwrhyd Mawr
Gwrhyd-Mawr
Gwyddelwern
Gwyddgrug
Gwyn-Fynydd
Gwynant
Gwynfil
Gwynfryn
Gwynfynydd
Gwystre
Gwytherin
Gyfeillon
Gyfelia
Gyffin
Gyffin
Gyffylliog
Gylchedd
Gyrn
Gyrnos
Hadnock
Hafod
Hafod Fawr
Hafod ganol
Hafod Grove
Hafod Uchaf
Hafod-y-bwch
Hafod-y-coed
Hafod-y-Green
Hafodiwan
Hafodyrynys
Hailey Park
Haimwood
Hakin
Halchdyn
Halcock
Halfpenny Furze
Halfway
Halfway Bridge
Halghton
Halkyn
Halkyn Mountain
Hall Green
Halton
Ham
Hanmer
Hanover Square
Harbour Village
Hardwick
Harlech
Harmeston Cross
Haroldston West
Harpton
Harts Heath
Hartsheath
Haughton
Haven's Head
Haverfordwest
Hawarden
Hawen
Hawthorn
Hay-on-Wye
Haycastle Cross
Haylett
Hayscastle
Haysford
Haysgate
Hayston
Hazelbank
Hazelbeach
Heartsease
Heath
Hebron
Heldre
Helygain
Hem
Hem Moor
Hen Ben-y-garn
Hen Ddinbych
Hen Domen
Hen Gastell
Hen Gerrig
Hen Golwyn
Hen Gwmbrân
Hen-barc
Hen-domen
Hen-efail
Henallt
Henbarc
Henblas
Hendidley
Hendomen
Hendre
Hendre-ddu
Hendre-Rhys
Hendre-rwydd
Hendredenny
Hendredenny Park
Hendreforgan
Hendrerwydd
Hendrewen
Hendy
Hendy-gwyn
Hendy-gwyn ar Daf
Heneglwys
Henfeddau
Henfynyw
Hengoed
Heniarth
Henllan
Henllan Amgoed
Henllan Fallteg
Henllan-fawr
Henllys
Henllys Vale
Henry's Moat
Henryd
Hensol
Heol Gerrig
Heol Las
Heol Senni
Heol-ddu
Heol-laethog
Heol-las
Heol-ty-Maen
Heol-y-cyw
Heol-y-gaer
Heol-y-mynydd
Heolddu Uchaf
Heolgaled
Heolgerrig
Heolsenni
Herbrandston
Hermon
Heronston
Heyop
Heyope
High Cross
Higher Ferry
Higher Kinnerton
Higher Shotton
Highfield
Highgate
Highlight
Highmead
Highmoor Hill
Hightown
Hill
Hill Mountain
Hillblock
Hillend
Hilltop
Hir-rhos
Hirael
Hiraeth
Hirdre-faig
Hirfynydd
Hirnant
Hirwaen
Hirwaun
Hirwaun Common
Hob
Hodgeston
Hodley
Hoel Laethog
Holly Bush
Hollybush
Holt
Holway
Holy Island
Holyhead
Holywell
Holywell Common
Honkley
Hook
Hoop
Hope
Hope Mountain
Hopkinstown
Hopton Isaf
Hopton Uchaf
Horeb
Horseman's Green
Horton
Hoseley
Houghton
Howey
Howick
Hubberston
Hundleton
Hundred House
Hurdley
Hwlffordd
Hwytyn
Hydan
Hyssington
Hyssington Marsh
Idole
Iet-y-bwlch
Ifftwn
Ifton
Ifton Hill
Ilston
Iolyn Park
Iorath
Is-clydach
Is-coed
Is-y-coed
Isallt Bach
Islaw'r-dref
Isycoed
Isygarreg
Itton
Itton Common
Iwerddon
Jameston
Jeffreyston
Jersey Marine
Jingle Street
John's Town
Johnston
Johnstown
Jordanston
Jordanstown
Keeston
Kelsterton
Kemeys
Kemeys Commander
Kendon
Kenfig
Kenfig Hill
Kenson
Kerry
Kete
Kidwelly
Kilgetty
Kilgwrrwg
Kilgwrrwg Common
Killay
Kilvelgy
Kilvrough
King's Bridge
King's Mills
Kingcoed
Kings Mills
Kingsbridge
Kingsfold
Kingsland
Kingswood
Kinmel
Kinmel Bay
Kinnerton
Kinnerton Green
Kittle
Knaveston
Knelston
Knighton
Knollbury
Knolton
Knolton Bryn
Knucklas
Kymin
Lacharn
Lake
Laleston
Lambston
Lampeter
Lampeter Velfrey
Lampha
Lamphey
Lan-wen
Landimor
Landimôr
Landimore
Landore
Landshipping
Landshipping Quay
Lane End
Lane Head
Lanesend
Langdon
Langland
Langland Bay
Langstone
Lanlluest
Lansbury Park
Lantrisant
Larch Grove
Larnog
Lasgarn
Laugharne
Lavernock
Lavernock Point
Lavister
Lawnt
Lawrence Hill
Lawrenni
Lawrenny
Lawrenny Quay
Leadmill
Leasbrook
Leason
Leckwith
Lecwydd
Leech Pool
Leechpool
Leeswood
Legar
Leighton
Lenten Pool
Leonardston
Lerpwl
Letterston
Letty Brongu
Level of Mendalgief
Leweston
Lewistown
Libanus
Licswm
Liddeston
Lightwood Green
Limeslade
Lingoed
Lisbon
Lisvane
Liswerry
Litchard
Little Arowry
Little Ffordd-fawr
Little Green
Little Hardwick
Little Harmeston
Little Haven
Little Honeyborough
Little London
Little Mancot
Little Milford
Little Mill
Little Mountain
Little Newcastle
Little Ormes Head
Little Overton
Little Reynoldston
Little Rickeston
Lixwm
Llaethdy
Llai
Llain-goch
Llain-y-gawsai
Llaingarreglwyd
Llaingoch
Llaithgwm
Llam-march
Llampha
Llamyrewig
Llan Sain Siôr
Llan-arth
Llan-arth Fawr
Llan-bedr
Llan-bedr Gwynllŵg
Llan-crwys
Llan-dafal
Llan-dawg
Llan-ddew
Llan-draw
Llan-faes
Llan-fair
Llan-ffwyst
Llan-gain
Llan-gan
Llan-giwg
Llan-gors
Llan-gwm
Llan-gwm Isaf
Llan-llwch
Llan-lwy
Llan-mill
Llan-non
Llan-rhos
Llan-rhudd
Llan-saint
Llan-soe
Llan-teg
Llan-wern
Llan-y-bri
Llan-y-cefn
Llan-y-pwll
Llan-y-tair-mair
Llan-y-wern
Llanaber
Llanaelhaearn
Llanafan
Llanafan Fawr
Llanafan Fechan
Llanafan-fawr
Llanallgo
Llanandras
Llananno
Llanarmon
Llanarmon Dyffryn Ceiriog
Llanarmon Mynydd Mawr
Llanarmon Mynydd-mawr
Llanarmon-yn-lâl
Llanarthne
Llanarthney
Llanasa
Llanbabo
Llanbad
Llanbadarn Fawr
Llanbadarn Fynydd
Llanbadarn Garreg
Llanbadarn Odwyn
Llanbadarn Trefeglwys
Llanbadarn-y-Creuddyn Isaf
Llanbadarn-y-Creuddyn Uchaf
Llanbadarn-y-garreg
Llanbadoc
Llanbadog
Llanbadrig
Llanbeblig
Llanbeder
Llanbedr
Llanbedr Castell-paen
Llanbedr Dyffryn Clwyd
Llanbedr Efelfre
Llanbedr Felffre
Llanbedr Gwynllwg
Llanbedr Painscastle
Llanbedr Pont Steffan
Llanbedr Ystrad Yw
Llanbedr-ar-fynydd
Llanbedr-Dyffryn-Clwyd
Llanbedr-goch
Llanbedr-y-fro
Llanbedrgoch
Llanbedrog
Llanbedrycennin
Llanbeidy
Llanbella
Llanberis
Llanbethery
Llanbister
Llanblethian
Llanboidy
Llanbradach
Llanbryn-mair
Llanbydderi
Llancadle
Llancaeach
Llancaeo
Llancaiach
Llancarfan
Llancatal
Llancayo
Llancowrid
Llancyfelyn
Llancynfelyn
Lland-lwy
Llandaf
Llandafal
Llandaff
Llandaff North
Llandanwg
Llandarcy
Llandawke
Llanddaniel Fab
Llanddaniel-fab
Llanddarog
Llanddeiniol
Llanddeiniolen
Llandderfel
Llanddeti
Llanddetty
Llanddeusant
Llanddew
Llanddewi
Llanddewi Aber-arth
Llanddewi Abergwesyn
Llanddewi Fach
Llanddewi Felffre
Llanddewi Gaer
Llanddewi Nant Hodni
Llanddewi Rhydderch
Llanddewi Velfrey
Llanddewi Ysgyryd
Llanddewi Ystradenni
Llanddewi-Brefi
Llanddewi-yn-Heiob
Llanddewi'r cwm
Llanddewi’r-cwm
Llanddewibrefi
Llanddingad
Llanddinol
Llanddoged
Llanddona
Llanddowror
Llanddulas
Llanddunwyd
Llanddwyn Island
Llanddwywe
Llanddwywe-is-y-graig
Llanddwywe-uwch-y-graig
Llanddyfnan
Llandebie
Llandecwyn
Llandefaelog
Llandefaelog Tre'r-graig
Llandefaelog-tre'r-graig
Llandefalle
Llandegai
Llandegfan
Llandegfedd
Llandegla
Llandeglau
Llandegveth
Llandegwning
Llandegwyn
Llandeilo
Llandeilo [Fawr]
Llandeilo Bertholau
Llandeilo Ferwallt
Llandeilo Graban
Llandeilo Gresynni
Llandeilo Porth Halog
Llandeilo Tal-y-bont
Llandeilo'r Fân
Llandeilo'r-fân
Llandeloy
Llandenni
Llandenni Walks
Llandenny
Llandenny Walks
Llandetty
Llandevaud
Llandevenny
Llandidiwg
Llandilo
Llandilo-abercowin
Llandilo-yr-ynys
Llandinam
Llandingad
Llandissilio
Llandochau
Llandoche
Llandogo
Llandough
Llandovery
Llandow
Llandraw
Llandre
Llandridian
Llandrillo
Llandrillo-yn-Rhos
Llandrindod
Llandrindod Wells
Llandrinio
Llandruidion
Llandrygarn
Llandudno
Llandudno Junction
Llandudoch
Llandudwen
Llandudwg
Llandudwg Isaf
Llandudwg Uchaf
Llandulas
Llanduloch
Llandw
Llandŵ
Llandwrog
Llandybïe
Llandyfaelog
Llandyfaelog Fach
Llandyfaelog Tre'r-graig
Llandyfái
Llandyfalle
Llandyfân
Llandyfeisant
Llandyfenni
Llandyfodwg
Llandyfrïog
Llandyfrydog
Llandygái
Llandygwydd
Llandynan
Llandynnan
Llandyrnog
Llandyry
Llandysilio
Llandysiliogogo
Llandysoe
Llandyssil
Llandysul
Llanedern
Llanedeyrn
Llanedi
Llanefydd
Llaneglwys
Llanegryn
Llanegwad
Llaneigon
Llaneilfyw
Llaneilian
Llaneilian-yn-Rhos
Llaneirwg
Llanelen
Llaneleu
Llanelian yn-Rhos
Llanelidan
Llanelieu
Llanellen
Llanelli
Llanelli Hill
Llanelltud
Llanelltyd
Llanelly
Llanelly Hill
Llanelwedd
Llanelwy
Llanenddwyn
Llanengan
Llanerch
Llanerch Emrys
Llanerch-Emrys
Llanerch-y-medd
Llanerchemrys
Llanerchydol
Llanerchymedd
Llanerfyl
Llaneuddog
Llaneugrad
Llaneurgain
Llanfable
Llanfabon
Llanfach
Llanfaches
Llanfachraeth
Llanfachreth
Llanfaelog
Llanfaelrhys
Llanfaenor
Llanfaes
Llanfaethlu
Llanfaglan
Llanfair
Llanfair Caereinion
Llanfair Cilgedin
Llanfair Clydogau
Llanfair Dinbych-y-pysgod
Llanfair Disgoed
Llanfair Dyffryn Clwyd
Llanfair Isgoed
Llanfair Kilgeddin
Llanfair Llythynwg
Llanfair Mathafarn Eithaf
Llanfair Nant-gwyn
Llanfair Nant-y-gof
Llanfair Pwllgwyngyll
Llanfair Talhaearn
Llanfair Talhaiarn
Llanfair-ar-y-bryn
Llanfair-is-gaer
Llanfair-Nant-Gwyn
Llanfair-ym-Muallt
Llanfair-yn-neubwll
Llanfair-yn-y-cwmwd
Llanfair-yng-Nghornwy
Llanfairfechan
Llanfairpwllgwyngyll
Llanfairyneubwll
Llanfairynghornwy
Llanfallteg
Llanfallteg West
Llanfannar
Llanfaredd
Llanfarian
Llanfarthin
Llanfechain
Llanfechan
Llanfechell
Llanfedw
Llanfellte
Llanferres
Llanfeugan
Llanfeuthin
Llanffa
Llanfflewyn
Llanfigael
Llanfihangel Aberbythych
Llanfihangel Abergwesyn
Llanfihangel Brynpabuan
Llanfihangel Crucornau
Llanfihangel Cwm Du
Llanfihangel Dyffryn Arwy
Llanfihangel Fechan
Llanfihangel Genau'r-glyn
Llanfihangel Glyn Myfyr
Llanfihangel Gobion
Llanfihangel Helygen
Llanfihangel Llantarnam
Llanfihangel Nant Brân
Llanfihangel Nant Melan
Llanfihangel near Rogiet
Llanfihangel Penbedw
Llanfihangel Pont-y-moel
Llanfihangel Pontymoel
Llanfihangel Rhos-y-corn
Llanfihangel Rhydieithon
Llanfihangel Rhydithon
Llanfihangel Rogiet
Llanfihangel Tal-y-llyn
Llanfihangel Torymynydd
Llanfihangel Tre'r-beirdd
Llanfihangel Troddi
Llanfihangel Troi
Llanfihangel y Bont-faen
Llanfihangel yn Nhowyn
Llanfihangel yng Ngwynfa
Llanfihangel Ysgeifiog
Llanfihangel Ystrad
Llanfihangel Ystum Llewern
Llanfihangel Ystum Llywern
Llanfihangel-ar-arth
Llanfihangel-ar-Elái
Llanfihangel-helygen
Llanfihangel-nant-Melan
Llanfihangel-uwch-Gwili
Llanfihangel-y-Creuddyn
Llanfihangel-y-Creuddyn Isaf
Llanfihangel-y-Creuddyn Uchaf
Llanfihangel-y-fedw
Llanfihangel-y-gofion
Llanfihangel-y-Pennant
Llanfihangel-y-pwll
Llanfihangel-y-traethau
Llanfihangel-yn-Nhywyn
Llanfihangel-yng-Ngwynfa
Llanfihangel-yng-Nhywyn
Llanfihangel-ynys-Afan
Llanfillo
Llanfilo
Llanfleiddan
Llanfocha
Llanfoist
Llanfor
Llanfrechfa
Llanfrothen
Llanfrynach
Llanfwrog
Llanfyllin
Llanfynydd
Llanfyrnach
Llangadfan
Llangadock
Llangadog
Llangadwaladr
Llangaffo
Llangain
Llangamarch
Llangammarch
Llangammarch Wells
Llangan
Llanganhafal
Llanganna
Llanganten
Llangar
Llangasty Tal-y-llyn
Llangasty-Talyllyn
Llangathen
Llangattock
Llangattock Lingoed
Llangattock Nigh Usk
Llangattock-Vibon-Avel
Llangatwg
Llangatwg Dyffryn Wysg
Llangatwg Feibion Afel
Llangatwg Lingoed
Llangedwyn
Llangefni
Llangeinor
Llangeinwen
Llangeinwyr
Llangeitho
Llangeler
Llangelynnin
Llangenau
Llangendeirne
Llangennech
Llangenni
Llangennith
Llangenny
Llangernyw
Llangeview
Llangïan
Llanginning
Llangiwa
Llangiwg
Llangloffan
Llanglydwen
Llangoed
Llangoedmor
Llangofan
Llangollen
Llangolman
Llangorse
Llangorwen
Llangovan
Llangower
Llangrallo
Llangrallo Isaf
Llangrallo Uchaf
Llangrannog
Llangranog
Llangristiolus
Llangrwyne
Llangrwyney
Llangua
Llanguicke
Llangunllo
Llangunnor
Llangurig
Llangwm
Llangwm Isaf
Llangwnnadl
Llangwstenin
Llangwyfan
Llangwyfan-isaf
Llangwyllog
Llangwyryddon
Llangwyryfon
Llangybi
Llangyfelach
Llangyfiw
Llangyndeyrn
Llangynfarwy
Llangynfelyn
Llangynhafal
Llangynidr
Llangyniew
Llangynin
Llangynllo
Llangynnwr
Llangynog
Llangynwyd
Llangynydd
Llangynyw
Llangywair
Llangywer
Llanhamlach
Llanharan
Llanhari
Llanharry
Llanhennock
Llanhenwg
Llanhiledd
Llanhilleth
Llanhowel
Llanhuadain
Llanhychan
Llanhywel
Llanhywg Fawr
Llanidan
Llanidloes
Llanieithion
Llaniestyn
Llanifyny
Llanigon
Llanilar
Llanilid
Llanilltern
Llanilltud Faerdref
Llanilltud Fawr
Llanilltud Gwyr
Llanilltud Gŵyr
Llanina
Llanion
Llanishen
Llanisien
Llanismel
Llanllawddog
Llanllawen
Llanllawen Fawr
Llanllawern
Llanllechid
Llanlleiana
Llanllibio Fawr
Llanllowell
Llanllugan
Llanllwch
Llanllwchaearn
Llanllwchaiarn
Llanllwni
Llanllyfni
Llanllyr
Llanllŷr
Llanllyr-yn-Rhos
Llanllywel
Llanllywenfel
Llanmadoc
Llanmadog
Llanmaes
Llanmartin
Llanmerwig
Llanmihangel
Llanmiloe
Llanmorlais
Llannarth
Llannefydd
Llannerch Banna
Llannerch-Fydaf
Llannerch-y-medd
Llannerch-y-môr
Llannerchfydaf
Llannewydd
Llannon
Llannor
Llanofer
Llanofer Uchaf
Llanon
Llanover
Llanpumsaint
Llanreath
Llanreithan
Llanrhaeadr
Llanrhaeadr-ym-Mochnant
Llanrheithan
Llanrhian
Llanrhidian
Llanrhos
Llanrhuddlad
Llanrhychwyn
Llanrhydd
Llanrhyddlad
Llanrhymni
Llanrhystud
Llanrhystud Anhuniog
Llanrhystud Mefenydd
Llanrug
Llanrumney
Llanrwst
Llansadurnen
Llansadwrn
Llansadyrnin
Llansaint
Llansamlet
Llansan-Siôr
Llansanffraid
Llansanffraid Cwmteuddwr
Llansanffraid Deuddwr
Llansanffraid Elái
Llansanffraid Glan Conwy
Llansanffraid Glyn Ceiriog
Llansanffraid Glyndyfrdwy
Llansanffraid Gwynllwg
Llansanffraid Gwynllŵg
Llansanffraid-ar-Ogwr
Llansanffraid-ym-Mechain
Llansanffraid-yn-Elfael
Llansannan
Llansannor
Llansantffraed
Llansantffraed-Cwmdeuddwr
Llansantffraed-in-Elvel
Llansantffraed-in-Elwel
Llansantffraed-in-Elwell
Llansantffraid ym Mechain
Llansantffraid-ym-Mechain
Llansanwyr
Llansawel
Llansbyddyd
Llansilin
Llansôr
Llansoy
Llanspyddid
Llanstadwel
Llanstadwell
Llansteffan
Llanstephan
Llanstinan
Llanstrisant
Llantarnam
Llantarnam Nant Teyrnon
Llanteems
Llanteg
Llanthewy Vach
Llanthony
Llantilio Crossenny
Llantilio Pertholey
Llantriddyd
Llantrisaint
Llantrisaint Fawr
Llantrisant
Llantrissent Fawr
Llantrithyd
Llantwit
Llantwit Fardre
Llantwit Major
Llantwyd
Llantydewi
Llantysilio
Llanuwchllyn
Llanvaches
Llanvair-Discoed
Llanvapley
Llanvetherine
Llanvihangel Crucorney
Llanvihangel Gobion
Llanvihangel Llantarnam
Llanvihangel near Roggiett
Llanvihangel-Ystern-Llewern
Llanvirn
Llanwarw
Llanwddyn
Llanwenarth
Llanwenog
Llanwern
Llanwinio
Llanwnda
Llanwnnen
Llanwnnog
Llanwnog
Llanwonno
Llanwrda
Llanwrin
Llanwrthwl
Llanwrtyd
Llanwrtyd Wells
Llanwyddelan
Llanwynell
Llanwynno
Llanwynoro
Llanwytherin
Llanybri
Llanybydder
Llanycefn
Llanychaearn
Llanychaer
Llanychan
Llanychâr
Llanychlwydog
Llanycil
Llanyfaelog
Llanygofain
Llanymawddwy
Llanymddyfri
Llanymynech
Llanynghenedl
Llanynys
Llanyrafon
Llanyre
Llanystumdwy
Llanywern
Llawhaden
Llawndy
Llawr-y-Bettws
Llawr-y-glyn
Llawryglyn
Llay
Llech Gron
Llech-faen
Llechcynfarwy
Llecheiddior
Llechfaen
Llechfraith
Llechgynfarwy
Llechryd
Llechwedd
Llechwedd Hirgoed
Llechwedd Hwlcyn
Llechwedd Llwyd
Llechylched
Lled Croen yr Ych
Lledrod
Lledrod Isaf
Lledrod Uchaf
Lledwigan
Llettem-ddu
Llettum-ddu
Lletty Brongu
Lletty Harry
Lletty-Gwilym
Llettygynfach
Llettyharri
Llettyrychen
Llewitha
Llidiad-Nenog
Llidiardau
Llidiart-y-parc
Llidiart-y-waun
Llidiartywaun
Llithfaen
Lliwedd
Lloc
Llong
Llowes
Lloyney
Lluest
Llugwy
Llundain
Llundain-fach
Llwydarth
Llwydcoed
Llwydiarth-Esgob
Llwyn
Llwyn Einion
Llwyn-derw
Llwyn-du
Llwyn-gwern
Llwyn-mawr
Llwyn-on
Llwyn-on Village
Llwyn-Onn
Llwyn-teg
Llwyn-y-brain
Llwyn-y-groes
Llwyn-yr-hwrdd
Llwynbrwydrau
Llwyncelyn
Llwyndafydd
Llwynderw
Llwyndrain
Llwynduris
Llwyndyrys
Llwyneinion
Llwyneliddon
Llwyngwril
Llwynhendy
Llwynmawr
Llwynon
Llwynygog
Llwynypia
Llwynypïa
Llwytgoed
Llwythyfnwg
Llwytmor
Llyfanod
Llyn-dwr Hill
Llyn-y-pandy
Llyndu
Llynfaes
Llynpenmaen
Llys Bradwen
Llys-faen
Llys-wen
Llys-y-frân
Llysdinam
Llysfaen
Llyswen
Llysworney
Llyswyrny
Llysyfronydd
Llythyfnwg
Llywel
Llywernog
Lock's Common
Loggerheads
Login
Lon
Lon-las
Long Hill
Longcross
Longford
Longstone
Loughor
Loveston
Lower Blacknuck
Lower Brynamman
Lower Castlewright
Lower Chapel
Lower Common
Lower Cwm-twrch
Lower Eweston
Lower Freystrop
Lower Green
Lower Hem
Lower Kingheriot
Lower Machen
Lower Mountain
Lower Nash
Lower New Inn
Lower Ochrwyth
Lower Penarth
Lower Porthkerry
Lower Rabber
Lower Race
Lower Redbrook
Lower Rickeston
Lower Sketty
Lower Solva
Lower Town
Lower Trehelig
Lowlands
Ludchurch
Lunnon
Lydart
Lydstep
Lygan-y-wern
Machen
Machroes
Machynlleth
Machynys
Maddox Moor
Maelienydd
Maen Achwyfan
Maen Addwyn
Maen Beuno
Maen Bras
Maen Colman
Maen Llwyd
Maen Pebyll
Maen Penddu
Maen Twrog
Maen-Addwyn
Maen-du'r Arddu
Maen-offeren
Maen-y-bardd
Maen-y-groes
Maenaddwyn
Maenan
Maenclochog
Maendy
Maendy
Maengwynedd
Maenlle-gwaun
Maenllegwaun
Maenofferen
Maenorbyr
Maenorbŷr
Maenordeifi
Maenordeilo
Maentwrog
Maerdy
Maerdy
Maerun
Maes llyn
Maes Pennant
Maes y Castell
Maes y Coed
Maes y Gaer
Maes-bangor
Maes-car
Maes-glas
Maes-gwyn
Maes-hafn
Maes-llyn
Maes-mawr
Maes-y-bont
Maes-y-crugiau
Maes-y-dre
Maes-y-gwartha
Maes-y-waen
Maesgeirchen
Maesglasau
Maesgwynne
Maeshafn
Maesllyn
Maesmawr
Maesmynis
Maesmynys
Maesteg
Maestir
Maestregymer
Maesybont
Maesycoed
Maesycrugiau
Maesycwmer
Maesycwmmer
Maesyfed
Maesyffynnon
Maesygwartha
Maesypandy
Maesyrhandir
Magor
Magwyr
Maiden Wells
Maindee
Maindy
Malldraeth
Malltraeth
Mallwyd
Malpas
Mamheilad
Mamhilad
Man-moel
Manafon
Manceinion
Mancot Royal
Manian-fawr
Manmoel
Manod
Manod Bach
Manod Mawr
Manorbier
Manorbier Newton
Manordeilo
Manorowen
Mansant
Manselfield
Manselton
Marble Hall
Marchwiel
Marcroes
Marcross
Mardy
Marford
Margam
Marial Gwyn
Marian
Marian Cwm
Marian-bach
Marian-glas
Marian-y-de
Marian-y-mor
Mariandyrys
Marianglas
Markham
Marli
Marloes
Marnawan
Marros
Marshfield
Martletwy
Maryland
Mascle Bridge
Matharn
Mathern
Mathrafal
Mathri
Mathry
Mathry Road
Maudlam
Mawdlam
Mawr
May Hill
Mayals
Mayeston
Mayhill
Maypole
Medwaledd
Meidrim
Meifod
Meinciau
Meini Gwŷr
Meinir
Meiros
Meisgyn
Meliden
Melin Caiach
Melin Court
Melin Griffith
Melin Gruffydd
Melin Ifan Ddu
Melin-Carnguwch
Melin-crwt
Melin-cwrt
Melin-y-coed
Melin-y-ddol
Melin-y-grug
Melin-y-wig
Melinau
Melinbyrhedyn
Melincourt
Melincryddan
Melindwr
Meline
Melingriffith
Melingruffudd
Mellington
Mellteyrn
Menai Bridge
Mendalgief
Merehead
Merlin's Bridge
Merlin's Cross
Merllyn
Merrion
Merry Green
Merthyr
Merthyr Cynog
Merthyr Dovan
Merthyr Dyfan
Merthyr Mawr
Merthyr Tudful
Merthyr Tydfil
Merthyr Vale
Mesur-y-dorth
Michaelchurch on Arrow
Michaelchurch-on-Arrow
Michaelston super Ely
Michaelston-le-Pit
Michaelston-super-Ely
Michaelston-y-Fedw
Michaelston-y-Vedw
Middle Blacknuck
Middle Heldre
Middle Hill
Middle Mill
Middleton
Middletown
Migneint,Y
Milebrook
Milffwrd
Milford
Milford Haven
Millbrook
Millin Cross
Milo
Milton
Milwr
Min-gwern
Minera
Minffordd
Minke
Minllyn
Minwear
Miskin
Mitchel Troy
Mitcheltroy Common
Mochdre
Modrydd
Moel Arthur
Moel Corsygarnedd
Moel Darren
Moel Ddolwen
Moel Ddu
Moel Derwydd
Moel Druman
Moel Dyrnogydd
Moel Dywyll
Moel Eiddew
Moel Eilio
Moel Eithinen
Moel Emoel
Moel Fama
Moel Farlwyd
Moel Fodig
Moel Garegog
Moel Goedog
Moel Grugor
Moel Gyw
Moel Hebog
Moel Hiraddug
Moel Iart
Moel Lefn
Moel Llaethbwlch
Moel Llanfair
Moel Llechwedd Hafod
Moel Llyfnant
Moel Llyn
Moel Llys-y-coed
Moel Maelogen
Moel Maenefa
Moel Marchyria
Moel Meirch
Moel Morfudd
Moel Oernant
Moel Pen-y-bryn
Moel Penamnen
Moel Penllechog
Moel Phylip
Moel Plas-yw
Moel Rhiwlug
Moel Siabod
Moel Slatus
Moel Smytho
Moel Sych
Moel Trwyn-swch
Moel Tryfan
Moel Tywysog
Moel Wnion
Moel y Dyniewyd
Moel y Faen
Moel y Feidiog
Moel y Fronllwyd
Moel y Gaer
Moel y Gamelin
Moel y Gaseg-wen
Moel y Golfa
Moel y Gwelltyn
Moel y Llyn
Moel y Plas
Moel yr Henfaes
Moel yr Hydd
Moel Ystradau
Moel Yta
Moel-Tryfan
Moel-y-crio
Moel-y-don
Moel-y-garth
Moel-y-Main
Moelfre
Moelfryn
Moelwyn Bach
Moelwyn Mawr
Moity
Mold
Mona
Monachty
Monaughty
Monaughty Poeth
Monington
Monknash
Monkswood
Monkton
Monmouth
Monmouth Cap
Montgomery
Moore Town
Morfa
Morfa Bach
Morfa Borth
Morfa Bychan
Morfa Glas
Morfa Nefyn
Morfabach
Morfil
Morfydd
Morgan Town
Morganstown
Moriah
Morriston
Morristown
Morvil
Moss
Mostyn
Mostyn Quay
Mot
Moulton
Mount Ballan
Mount Pleasant
Mount Sion
Mountain
Mountain Air
Mountain Ash
Mountain Hare
Mountain Water
Mounton
Moydog
Moylgrove
Mullock
Mullock Bridge
Mumbles Hill
Mur-moch
Murch
Murton
Musselwick
Mwdwl-eithin
Mwmbwls
Mwynbwll
Mwyndy
Mwynglawdd
Myddfai
Myddyn-fych
Mydroilyn
Mynachdy
Mynachlog Nedd
Mynachlog-ddu
Myndd Llandegai
Mynwar
Mynwent y Crynwyr
Mynydd Abergwynfi
Mynydd Bach
Mynydd Bach Trecastell
Mynydd Bedwellte
Mynydd Beili-glas
Mynydd Blaenafan
Mynydd Blaengwynfi
Mynydd Blaenrhondda
Mynydd Bodafon
Mynydd Bodrychwyn
Mynydd Brithweunydd
Mynydd Bwlch-y-groes
Mynydd Bychan
Mynydd Caerau
Mynydd Caregog
Mynydd Carn Ingli
Mynydd Carn-y-cefn
Mynydd Carnguwch
Mynydd Cennin
Mynydd Cerrig
Mynydd Cerrigllwydion
Mynydd Cilan
Mynydd Cilciffeth
Mynydd Clogau
Mynydd Coch
Mynydd Cricor
Mynydd Du
Mynydd Eglwysilan
Mynydd Epynt
Mynydd Esgair
Mynydd Esgairneiriau
Mynydd Farteg Fach
Mynydd Farteg Fawr
Mynydd Fochriw
Mynydd Gartheiniog
Mynydd Garthmaelwg
Mynydd Gellionnen
Mynydd Gelliwastad
Mynydd Gorllwyn
Mynydd Helygain
Mynydd Hiraethog
Mynydd Illtud
Mynydd Isa
Mynydd Llan-gors
Mynydd Llandygái
Mynydd Llangatwg
Mynydd Llangynidr
Mynydd Llanhiledd
Mynydd Llanwenarth
Mynydd Llanybydder
Mynydd Llech
Mynydd Lledrod
Mynydd Llwydiarth
Mynydd Llwytgoed
Mynydd Llyn Coch-hwyad
Mynydd Llyndy
Mynydd Llysiau
Mynydd Maendy
Mynydd Malláen
Mynydd Marchywel
Mynydd Marian
Mynydd Mechell
Mynydd Meio
Mynydd Melyn
Mynydd Moelgeila
Mynydd Morfil
Mynydd Myddfai
Mynydd Mynyllod
Mynydd Nefyn
Mynydd Nodol
Mynydd Pen-bre
Mynydd Pen-y-fâl
Mynydd Pencarreg
Mynydd Penypistyll
Mynydd Perfedd
Mynydd Pysgodlyn
Mynydd Rhiwsaeson
Mynydd Sylen
Mynydd Talyglannau
Mynydd Talymignedd
Mynydd Tarw
Mynydd Ton
Mynydd Trawsnant
Mynydd Trenewydd
Mynydd Tri Arglwydd
Mynydd Troed
Mynydd Tryfan
Mynydd Tyle-coch
Mynydd y Betws
Mynydd y Bryn
Mynydd y Bwllfa
Mynydd y Drum
Mynydd y Ffaldau
Mynydd y Gaer
Mynydd y Garth
Mynydd y Gwair
Mynydd Ynyscorrwg
Mynydd yr Hendre
Mynydd-bach
Mynydd-bach-y-glo
Mynydd-dwlan-uchaf
Mynydd-llan
Mynydd-mawr
Mynydd-Pen-bre
Mynydd-y-briw
Mynyddcynffig
Mynyddfawr
Mynyddislwyn
Mynyddmechell
Mynyddygarreg
Mynytho
Myrtle Hill
Naid-y-march
Nancwnlle
Nanhyfer
Nannau
Nannerch
Nant
Nant Alyn
Nant Mawr
Nant Peris
Nant y Pandy
Nant yr Arian
Nant-ddu
Nant-fforch
Nant-glas
Nant-porth
Nant-y-Bai
Nant-y-Bwch
Nant-y-cafn
Nant-y-caws
Nant-y-ceisiad
Nant-y-derry
Nant-y-dugoed
Nant-y-felin
Nant-y-ffin
Nant-y-glo
Nant-y-groes
Nant-y-meichiaid
Nant-y-moel
Nant-y-pandy
Nant-y-rhibo
Nant-y-Rhiw
Nantclwyd
Nantddu
Nanternis
Nantgaredig
Nantgarw
Nantglas
Nantglyn
Nantgwyn
Nantgwynant
Nantlle
Nantmel
Nantmor
Nantoer
Nantperis
Nantserth
Nantycaws
Nantyderi
Nantyffyllon
Nantyglo
Nantymoel
Nantyrarian
Nantyrhibo
Narberth
Narberth Bridge
Narth
Nasareth
Nash
Neath
Neath Abbey
Nebo
Nedd Isaf
Nedd Uchaf
Nefyn
Nelly Andrews' Green
Nelson
Nercwys
Nerquis
Neuadd
Neuadd-ddu
Neuadd-yr-ynys
Neuaddyrynys
Nevern
Nevin
New Beaupre
New Beaupré
New Bridge
New Brighton
New Broughton
New Cross
New Hedges
New Inn
New Mills
New Moat
New Quay
New Radnor
New Rhosrobin
New Row
New Tredegar
New Well
New Wells
Newborough
Newbridge
Newbridge on Usk
Newbridge on Wye
Newbridge-on-Wye
Newcastle
Newcastle Emlyn
Newchapel
Newchurch
Newgale
Newlands Park
Newmarket
Newport
Newton
Newton Cross
Newton Green
Newtown
Newydd Fynyddog
Neyland
Nicholaston
Nicholaston Burrows
Nine Wells
Niwbwrch
Niwgwl
Nolton
Nolton Haven
Norchard
North Cornelly
North Johnston
Northop
Northop Hall
Northville
Northway
Norton
Nottage
Noyadd Trefawr
Noyadd Wilym
Nurston
Nyfer
Oakdale
Oakenholt
Oakfield
Oakford
Oaklands
Oakley Park
Ochr glan hafon
Ochr-glan-hafon
Ochr-y-foel
Ogmore
Ogmore Vale
Ogmore-by-Sea
Olchfa
Old Beaupre
Old Beaupré
Old Church Stoke
Old Colwyn
Old Ffordd-fawr
Old Furnace
Old Goginan
Old Hall
Old Llanberis
Old Neuadd
Old Radnor
Old Rhosrobin
Old Warren
Oldcastle
Oldhall
Oldwalls
Oldway
Olmarch
Onen
Onllwyn
Onnen
Orlandon
Orllwyn Teifi
Orsedd
Osbaston
Over Monnow
Overton
Overton Bridge
Owrtyn
Oxwich
Oxwich Green
Oystermouth
Pabo
Padeswood
Padog
Painscastle
Painters Green
Pale
Palmerstown
Pancross
Pandy
Pandy Tudur
Pandy-Llwydiarth
Pandy'r Capel
Pandy'r-Capel
Pandytudur
Pant
Pant Caerhun
Pant Du
Pant Glas
Pant Mawr
Pant y Wacco
Pant-caerhun
Pant-glas
Pant-gwyn
Pant-hoel
Pant-Iasau
Pant-mawr
Pant-pastynog
Pant-Perthog
Pant-teg
Pant-Teg Cross Roads
Pant-y-Buarth
Pant-y-Caws
Pant-y-crug
Pant-y-cwcw
Pant-y-cwrt
Pant-y-Deri
Pant-y-dwr
Pant-y-dŵr
Pant-y-Ffordd
Pant-y-ffridd
Pant-y-ffynnon
Pant-y-Gelli
Pant-y-gof
Pant-y-Goitre
Pant-y-Goytre
Pant-y-mwyn
Pant-y-Phillip
Pant-y-pyllau
Pant-y-rhiw
Pant-yr-awel
Panta
Pantasa
Pantasaph
Pantcadifor
Pantdu
Panteg
Pantgwyn
Panthowell
Pantinker
Pantmawr
Pantperthog
Pantside
Pantteg
Pantycwcw
Pantydwr
Pantyffynnon
Pantygaseg
Pantygasseg
Pantygelli
Pantygraig Wen
Pantygraigwen
Pantymwyn
Pany-y-mwyn
Panylau Gwynion
Paradwys
Paran
Parc
Parc Beck
Parc Grace Dieu
Parc Howard
Parc Llwydiarth
Parc Mawr
Parc y Rhath
Parc-hendy
Parc-llyn
Parc-Seymour
Parc-y-rhos
Parcbeck
Parciau
Parcletis
Parcllyn
Park Lane
Parkey
Parkhouse
Parkmill
Parkside
Parrog
Parsel Canol
Partrishow
Parwyd
Patrisio
Pedair-ffordd
Pedair-hewl
Pelcam
Pelcomb
Pelcomb Bridge
Pelcomb Cross
Pemberton
Pembrey
Pembroke
Pembroke Dock
Pembroke Ferry
Pen Cerrig Calch
Pen Craig
Pen Dinas Lochdyn
Pen Gorphwysfa
Pen Rhiw
Pen Rhiwfawr
Pen Tas Eithin
Pen Twyn
Pen y Ball
Pen y Banc
Pen y Bedw
Pen y Dinas
Pen y Fan
Pen y Foel
Pen y Gadair
Pen y Gadair Fawr
Pen y Garn
Pen y Mwdwl
Pen Yard
Pen yr Ole Wen
Pen yr Orsedd
Pen-allt
Pen-bedw
Pen-bont Rhydybeddau
Pen-bont-rhyd-y-beddau
Pen-bont-Twrch
Pen-boyr
Pen-bre
Pen-cae
Pen-caer-fenny
Pen-clawdd
Pen-common
Pen-dre
Pen-ffordd
Pen-gilfach
Pen-groes-oped
Pen-helyg
Pen-how
Pen-hw
Pen-isa'r-waen
Pen-lan
Pen-Lan-mabws
Pen-llain-wen
Pen-llan
Pen-llin
Pen-llwyn
Pen-llyn
Pen-lon
Pen-maen
Pen-marc
Pen-meiddyn
Pen-onn
Pen-Parcau
Pen-pedair heol
Pen-Pedair-Heol
Pen-pont
Pen-Prisk
Pen-pych
Pen-rhew
Pen-rhiw
Pen-Rhiw-fawr
Pen-Rhiw-Gareg
Pen-rhiw-llech
Pen-Rhiw-Newydd
Pen-rhos
Pen-rhyd-lyniog
Pen-rhys
Pen-sarn
Pen-twyn
Pen-tyrch
Pen-Uchar Plwyf
Pen-y-Ball Top
Pen-y-banc
Pen-y-bank
Pen-y-bont
Pen-y-bont ar Ogwr
Pen-y-bont Llanerch Emrys
Pen-y-bont-fawr
Pen-y-bryn
Pen-y-Bwlch
Pen-y-cae
Pen-y-cae-mawr
Pen-y-cefn
Pen-y-clawdd
Pen-y-cnap
Pen-y-coed
Pen-y-coedcae
Pen-y-crug
Pen-y-cwm
Pen-y-Darren
Pen-y-Dre
Pen-y-fai
Pen-y-fan
Pen-y-felin
Pen-y-ffordd
Pen-y-ffridd
Pen-y-gaer
Pen-y-gaer 
Pen-y-gaer-fach
Pen-y-garn
Pen-y-Garn-Ddu
Pen-y-garnedd
Pen-y-Gelli
Pen-y-Glodfa
Pen-y-graig
Pen-y-Graig-Wen
Pen-y-groes
Pen-y-groeslon
Pen-y-lan
Pen-y-maes
Pen-y-Pound
Pen-y-Rheol
Pen-y-rhiw
Pen-y-sarn
Pen-y-stryt
Pen-y-waun
Pen-y-wern
Pen-yr-englyn
Pen-yr-heol
Penallt
Penallta
Penally
Penalum
Penalun
Penaran
Penarlâg
Penarron
Penarth
Penbedw
Penbidwal
Penbodlas
Penbol
Penbont-twrch
Penbontrhydyfothau
Penboyr
Penbryn
Penbuallt
Pencader
Pencaenewydd
Pencaerau
Pencarnisiog
Pencarreg
Penceiliogi
Pencelli
Penclawdd
Pencoed
Pencoedcae
Penconisiog
Pencraig
Pencroesoped
Pendderi
Penderyn
Pendeulwyn
Pendinas
Pendine
Pendoylan
Pendre
Penegoes
Penffordd
Penffordd-las
Penfilia
Penfro
Pengam
Pengarnddu
Pengelli
Pengelli-ddrain
Pengenffordd
Pengorffwysfa
Pengroesoped
Pengwern
Penhelig
Penhelyg
Penhill
Penhow
Peniarth
Peniel
Penisa'r Waun
Penisa'r-waun
Penisa’r-waun
Penishawain
Penlan
Penlasgarn
Penley
Penlle'r-gaer
Penlle’r-gaer
Penllech
Penllergaer
Penllwyn
Penllwyncoch-fawr
Penllyn
Penlon
Penmachno
Penmaen
Penmaen Rhos
Penmaen-mawr
Penmaen-pwl
Penmaen-rhos
Penmaenan
Penmaenmawr
Penmaenpool
Penmark
Penmeiddyn
Penmon
Penmorfa
Penmynydd
Pennal
Pennant
Pennar
Pennar Park
Pennard
Pennon
Pennorth
Penoros
Penparc
Penparcau
Penpedairheol
Penpelleni
Penpergwm
Penperlleni
Penplas
Penpont
Penprysg
Penrallt
Penrherber
Penrhiw
Penrhiw-ceibr
Penrhiw-fawr
Penrhiw-fer
Penrhiw-goch
Penrhiw-llan
Penrhiw-llech
Penrhiw-pâl
Penrhiwceiber
Penrhiwfer
Penrhiwgareg
Penrhiwgarreg
Penrhiwgoch
Penrhiwpâl
Penrhiwtyn
Penrhos
Penrhos-garnedd
Penrhosfeilw
Penrhosgarnedd
Penrhosllugwy
Penrhyd Lastra
Penrhydd
Penrhydlyniog
Penrhydlynoig
Penrhyn
Penrhyn Bay
Penrhyn Bodeilias
Penrhyn Castle
Penrhyn side
Penrhyn-coch
Penrhyn-Gwyr
Penrhyn-side
Penrhyncoch
Penrhyndeudraeth
Penrhys
Penrice
Pensarn
Penstruet
Penthryn
Pentir
Pentlepoir
Pentopyn
Pentowin
Pentraeth
Pentrapeod
Pentre
Pentre Bach
Pentre Beirdd
Pentre Berw
Pentre Broughton
Pentre Cilcwm
Pentre Cilgwyn
Pentre Dolau Honddu
Pentre Galar
Pentre Gwynfryn
Pentre Halkyn
Pentre Helygain
Pentre Ifan
Pentre Isaf
Pentre Llifior
Pentre Llwyn-llwyd
Pentre Maelor
Pentre Mawr
Pentre Meyrick
Pentre Saron
Pentre Tafarnyfedw
Pentre Uchaf
Pentre-bach
Pentre-baen
Pentre-Berw
Pentre-bont
Pentre-cagal
Pentre-castell
Pentre-celyn
Pentre-chwyth
Pentre-cwrt
Pentre-Dolau-Honddu
Pentre-du
Pentre-dwr
Pentre-dŵr
Pentre-elan
Pentre-felin
Pentre-Ffwrndan
Pentre-galar
Pentre-gât
Pentre-Gwenlais
Pentre-isaf
Pentre-Llanrhaeadr
Pentre-llwyn-llwyd
Pentre-llymry
Pentre-llyn
Pentre-llyn-cymmer
Pentre-piod
Pentre-poeth
Pentre-Poid
Pentre-rhew
Pentre-Saeson
Pentre-ty-gwyn
Pentre-uchaf
Pentre-waun
Pentre'r beirdd
Pentre'r felin
Pentre'r Gaseg
Pentre'r-felin
Pentre'r-Gaseg
Pentre’r-felin
Pentrebach
Pentrebane
Pentrebeirdd
Pentreberw
Pentrecagal
Pentrecelyn
Pentrecilgwyn
Pentreclwyda
Pentreclwydau
Pentrecourt
Pentredwr
Pentref Henllys
Pentref Victoria
Pentref-y-groes
Pentrefelin
Pentreffynnon
Pentrefoelas
Pentregalar
Pentregât
Pentregwenlais
Pentrellifior
Pentrellifor
Pentrellwyn
Pentrellyncymer
Pentremeurig
Pentrepiod
Pentrepoeth
Pentrepoid
Pentresaeson
Pentreuchaf
Pentrisil
Pentwyn
Pentwyn Berthlwyd
Pentwyn-mawr
Pentyrch
Pentywyn
Penuwch
Penwyllt
Penyard
Penybanc
Penybedd
Penyboncyn Trefeilw
Penybont
Penybontfawr
PenyBryn
Penybylchau
Penycae
Penycaerau
Penycloddiau
Penycoed
Penycwm
Penydre
Penyfeidr
Penyffordd
Penyffridd
Penyfoel
Penyfynwent
Penygarn
Penygarnedd
Penygelli
Penygloddfa
Penygorddyn
Penygraig
Penygraigwen
Penygroes
Penylan
Penymynydd
Penyraber
Penyrheol
Penyrheolgerrig
Penyrherber
Penysarn
Penystrowed
Penystrywaid
Penywaun
Per-ffordd-llan
Perris Wood
Perriswood
Persondy
Perthcelyn
Perthi
Peterston-super-Ely
Peterstone Wentlooge
Phillip's Town
Pibwrlwyd
Pickhill
Picton
Picton Ferry
Piercefield
Pigeon's Ford
Pigeonsford
Pigyn Esgob
Pîl
Pilgwenlli
Pill
Pilleth
Pillgwenlly
Pilton Green
Pinged
Pisgah
Pistyll
Pit
Pitcot
Pitton
Plain Dealings
Plas Berw
Plas Berwyn
Plas Bodafon
Plas Coch
Plas Dinam
Plas Gogerddan
Plas Gwyn
Plas Llanfair
Plas Llangwyfan
Plas lolyn
Plas Madoc
Plas Meredydd
Plas Penmynydd
Plas rhiw-saeson
Plas yn Dinas
Plas-Ivor
Plas-marl
Plashett
Plasiolyn
Plasnewydd
Pleasant Valley
Plwmp
Pochin Houses
Ponciau
Ponde
Pont Ar Ddulas
Pont ar Hydfer
Pont Baldwyn
Pont Ceri
Pont Cynon
Pont Cysyllte
Pont Dôl-goch
Pont Fadlen
Pont Hwfa
Pont Lanio
Pont Llanio
Pont Llogel
Pont Morlais
Pont Owrtyn
Pont Radin
Pont Rhyd-y-berry
Pont Rhyd-y-cyff
Pont Rhydd-y-cyff
Pont Rhydgaled
Pont Sion Norton
Pont Siôn Norton
Pont Tywely
Pont y Gilfach
Pont-Ar-Ddulas
Pont-ar-gothi
Pont-ar-llechau
Pont-ar-sais
Pont-Baldwyn
Pont-Ceri
Pont-Cyfyng
Pont-Cysyllte
Pont-dôl-goch
Pont-faen
Pont-goch
Pont-henri
Pont-Henry
Pont-hir
Pont-hirwaun
Pont-Hwfa
Pont-iets
Pont-Lanio
Pont-lliw
Pont-Nedd Fechan
Pont-newydd
Pont-Rhyd-Saeson
Pont-Rhyd-y-Ceirt
Pont-rhyd-y-cyff
Pont-rhyd-y-fen
Pont-rhyd-y-groes
Pont-rhyd-yr-ynn
Pont-rhydbont
Pont-Rhythallt
Pont-rug
Pont-sarn
Pont-siân
Pont-tyweli
Pont-Walby
Pont-y-blew
Pont-y-bodkin
Pont-y-clun
Pont-y-felin
Pont-y-Fenni
Pont-y-Gilfach
Pont-y-glazier
Pont-y-Gof
Pont-y-gwaith
Pont-y-Mister
Pont-y-moel
Pont-y-pant
Pont-y-pwl
Pont-y-pŵl
Pont-y-rhyl
Pont-y-wal
Pont-y-waun
Pont-yr-hafod
Pont-yr-hyl
Pont-Ysgawrhyd
Pont-Ystrad
Pontaman
Pontamman
Pontantwn
Pontardawe
Pontarddulais
Pontardulais
Pontarfynach
Pontargothi
Pontarllechau
Pontarsais
Pontblyddyn
Pontbren Araeth
Pontcanna
Pontcynon
Pontcysyllte
Pontdôlgoch
Pontebwy
Ponterwyd
Ponterwyl
Pontfadog
Pontfaen
Pontgarreg
Ponthir
Ponthirwaun
Pontiago
Pontithel
Pontllan-fraith
Pontllanfraith
Pontlliw
Pontllogail
Pontllyfni
Pontlottyn
Pontlotyn
Pontlyfni
Pontmorlais
Pontneathvaughan
Pontneddfechan
Pontnewydd
Pontnewyndd
Pontnewynydd
Pontrhyd-Saeson
Pontrhyd-y-fen
Pontrhyd-y-groes
Pontrhydfendigaid
Pontrhydyceirt
Pontrhydycyff
Pontrhydyfen
Pontrhydyrun
Pontrhythallt
Pontrobert
Pontsarn
Pontsenni
Pontshaen
Pontshonnorton
Pontsticill
Pontwalby
Pontwgan
Ponty-y-rhyl
Pontyates
Pontyberem
Pontybodkin
Pontybrenin
Pontyclun
Pontycymer
Pontyfelin
Pontyglasier
Pontyglazier
Pontygwaith
Pontymister
Pontymoel
Pontypool
Pontypridd
Pontypwl
Pontysgawrhyd
Pontywaun
Pool Mouth
Pool Quay
Pope Hill
Port Dinorwic
Port Dinorwig
Port Einon
Port Lion
Port Mead
Port Penrhyn
Port Talbot
Port Tennant
Port Tywyn
Port-Eynon
Portfield Gate
Porth
Porth Colmon
Porth Mawr
Porth Penrhyn
Porth Tywyn
Porth Ysgewin
Porth-gain
Porth-y-felin
Porth-y-rhyd
Porthaethwy
Porthcawl
Porthceri
Portheiddy
Porthgain
Porthkerry
Porthllechog
Porthmadog
Porthyrhyd
Porthysgewin
Portmead
Portmeirion
Portskewett
Post Bach
Post-mawr
Poundffald
Powis Castle
Powis Castle Park
Poyston
Poyston Cross
Pren-gwyn
Pren-teg
Prenbrigog
Prendergast
Prenteg
Prestatyn
Presteigne
Price Town
Priestholm
Princes Gate
Princetown
Prion
Priors Town
Priory
Prisk
Priskilly Forest
Prospect Place
Prys-Iorwerth
Prysiorwerth Ucha
Puffin Island
Pump-hewl
Pumpsaint
Pumsaint
Puncheston
Pwll
Pwll Gwaun
Pwll Meyrick
Pwll-clai
Pwll-du
Pwll-fanogl
Pwll-glas
Pwll-Mawr
Pwll-melyn
Pwll-Meyric
Pwll-trap
Pwll-y-blaidd
Pwll-y-blaidd a Thre’rdelyn
Pwll-y-glaw
Pwll-y-pant
Pwllcrochan
Pwllfanogl
Pwllglas
Pwllgloyw
Pwllgwaun
Pwllheli
Pwllhobi
Pwllmeurig
Pwllmeyric
Pwllypant
Pye Corner
Pyle
Pyllalai
Quaker's Yard
Quarr-Clydach
Queensferry
Rachub
Radur
Radyr
Raglan
Rallt
Ram
Ramsey Island
Ras Isaf
Rasa
Rassau
Rasuchaf
Raven Hill
Ravenhill
Red Hill
Red Roses
Red Wharf Bay
Redberth
Redbrook
Redwick
Redwither
Refail
Resolfen
Resolven
Reynalton
Reynoldston
Rhadyr
Rhaeadr
Rhaglan
Rhandir
Rhandir-mwyn
Rhandirmwyn
Rhath
Rhayader
Rhes-y-cae
Rhewl
Rhewl Mostyn
Rhewl-fawr
Rhewl-Mostyn
Rhigian
Rhigos
Rhigos
Rhinog Fach
Rhinog Fawr
Rhippinllwyd
Rhisga
Rhiw
Rhiw Saeson
Rhiw-gam
Rhiw-yr-adar
Rhiw
Rhiwabon
Rhiwaedog
Rhiwbebyll
Rhiwbebyll isa
Rhiwbeina
Rhiwbina
Rhiwbryfdir
Rhiwceiliog
Rhiwderin
Rhiwderyn
Rhiwen
Rhiwinder
Rhiwlas
Rhiwlen
Rhiwnachor
Rhiwperra
Rhiwsaeson
Rhobell Fawr
Rhobell-y-big
Rhodiad
Rhodogeidio
Rhoose
Rhos
Rhos Common
Rhos ddu
Rhos fawr
Rhos Haminiog
Rhos Lligwy
Rhos y Bont
Rhos y Gelynnen
Rhos y madoc
Rhos y Pentref
Rhos-cefn-hir
Rhos-Crug
Rhos-ddu
Rhos-fawr
Rhos-goch
Rhos-grug
Rhos-Hill
Rhos-hyl
Rhos-lan
Rhos-maen
Rhos-meirch
Rhos-on-Sea
Rhos-y-beddau
Rhos-y-bol
Rhos-y-brithdir
Rhos-y-brwyner
Rhos-y-caerau
Rhos-y-garth
Rhos-y-gwaliau
Rhos-y-llan
Rhos-y-Madoc
Rhos-y-meirch
Rhos-y-pentref
Rhosaman
Rhosbeirio
Rhoscefnhir
Rhoscolyn
Rhoscrowdder
Rhoscrowther
Rhosdylluan
Rhosesmor
Rhosfach
Rhosferig
Rhosgadfan
Rhosgoch
Rhosgyll
Rhoshirwaun
Rhosili
Rhoslan
Rhoslefain
Rhosllanerchrugog
Rhosllannerchrugog
Rhosllugwy
Rhosmaen
Rhosmeirch
Rhosneigr
Rhosnesni
Rhosrobin
Rhossili
Rhosson
Rhostrehwfa
Rhostryfan
Rhostyllen
Rhosybol
Rhosycaerau
Rhosygadair Newydd
Rhosygilwen
Rhosygwaliau
Rhosymadoc
Rhosymedre
Rhosyn-coch
Rhosywaen
Rhosywaun
Rhuallt
Rhuddlan
Rhulen
Rhuthin
Rhuthun
Rhws
Rhyd
Rhyd uchaf
Rhyd y gwin
Rhyd y meirch
Rhyd-ddu
Rhyd-esgyn
Rhyd-lafer
Rhyd-meirionydd
Rhyd-Owen
Rhyd-Rosser
Rhyd-uchaf
Rhyd-wen
Rhyd-wilym
Rhyd-wyn
Rhyd-y-Bedd
Rhyd-y-Beillen
Rhyd-y-Brown
Rhyd-y-car
Rhyd-y-ceirw
Rhyd-y-clafdy
Rhyd-y-felin
Rhyd-y-foel
Rhyd-y-fro
Rhyd-y-gele
Rhyd-y-goleu
Rhyd-y-groes
Rhyd-y-gwern
Rhyd-y-gwin
Rhyd-y-gwystl
Rhyd-y-main
Rhyd-y-meirch
Rhyd-y-meudwy
Rhyd-y-mwyn
Rhyd-y-pandy
Rhyd-y-pennau
Rhyd-y-sarn
Rhyd-y-Wernen
Rhyd-y-wrach
Rhyd-yr-onen
Rhyd-yr-onnen
Rhydaman
Rhydargaeau
Rhydcymerau
Rhyddgoed-fawr
Rhydding
Rhyddlan
Rhydescyn
Rhydfelen
Rhydgaled
Rhydings
Rhydlanfair
Rhydlewis
Rhydlios
Rhydlydan
Rhydodyn
Rhydowen
Rhydri
Rhydtalog
Rhyduchaf
Rhydwaedlyd
Rhydwernen
Rhydwilym
Rhydwyn
Rhydyclafdy
Rhydycroesau
Rhydyfelin
Rhydygele
Rhydymain
Rhydymeudwy
Rhydymwyn
Rhydypennau
Rhydyronnen
Rhydywernen
Rhydywrach
Rhyl
Rhylownyd
Rhymney
Rhymney Bridge
Rhymni
Rhyndwyglydach
Rhytalog
Rickeston Water
Ridge
Ridgeway
Ridleywood
Rifle Green
Ringland
Ringly Wells
Risca
Ro-wen
Roath
Roath Park
Robert's Town
Robertstown
Robeston Back
Robeston Wathen
Robeston West
Robleston
Roch
Roch Gate
Rock
Rockfield
Rogerstone
Rogerstone Grange
Rogiet
Rose Valley
Rosebush
Rosehill
Rosemarket
Rossett
Rowen
Royton
Ruabon
Rudbaxton
Rudry
Rumney
Rushacre
Ruthin
Sageston
Sain Andras
Sain Cadog
Sain Cadog a Phen-y-garn
Sain Dunwyd
Sain Ffagan
Sain Ffraid
Sain Ffred
Sain Ffrêd
Sain Nicolas
Sain Pedr
Sain Pedrog
Sain Silian
Sain Siorys
Sain Tathan
Saint Andras
Saint Harmon
Saint Hilari
Saint Ishel
Saint-y-brid
Saint-y-nyll
Saith Ffynnon
Saith Maen
Salem
Saltmarsh
Saltmead
Saltney
Sanclêr
Sandfields
Sandy
Sandy Haven
Sandy Lane
Sandycroft
Sandylane
Sardis
Sardis Mountain
Sarn
Sarn Mellteyrn
Sarn Meyllteyrn
Sarn-Bach
Sarn-wen
Sarn-y-bryn-caled
Sarnau
Sarnwen
Saron
Saundersfoot
Saw Mill
Sblot
Scafell
Scethrog
Scleddau
Scolton
Scoveston
Scrwgan
Scurlage
Scwrfa
Sealand
Seaside
Sebastopol
Seion
Senghennydd
Senghenydd
Senni
Senny Bridge
Sennybridge
Seven Sisters
Sger
Sgeti
Sgiwen
Shelf
Shelone
Shipping
Shirenewton
shlr
Shordley
Shotton
Shwt
Sigingstone
Siginston
Sili
Silian
Siloh
Silstwn
Simpson
Simpson Cross
Singleton
Singret
Singrug
Sirhowy
Sirhywi
Six Bells
Skenfrith
Sker
Skerryford
Sketty
Skewen
Skokholm Island
Slade
Slebech
Slebets
Sling
Slough
Smithy Gate
Snatchwood
Snead
Soar
Soar Hill
Sodom
Soldier's Point
Soldiers Point
Soldiers' Point
Solfach
Solva
Somerton
Sontley
Soughton
South Beach
South Cornelly
South Gate
South Hill
Southerndown
Southgate
Southsea
Southville
Sowhill
Spelter
Spittal
Splott
Splottlands
Spon Green
Springfield
Square and Compass
St Arvans
St Dials
St. Andrews Major
St. Arvans
St. Asaph
St. Athan
St. Bride's Netherwent
St. Bride's Wentlooge
St. Bride's-super-Ely
St. Brides
St. Brides Major
St. Brides Netherwent
St. Brides Wentlooge
St. Brides-super-Ely
St. Clears
St. David's
St. Dials
St. Dogmaels
St. Donat's
St. Edrens
St. Elvis
St. Fagans
St. Florence
St. George
St. George-super-Ely
St. George's
St. Harmon
St. Hilary
St. Illtyd
St. Ishmael
St. Ishmael's
St. Julians
St. Lythan's
St. Lythans
St. Mary Church
St. Mary Hill
St. Maughan's
St. Maughans
St. Maughans Green
St. Mellons
St. Nicholas
St. Petrox
St. Pierre
St. Thomas
St. Twynnells
St. y-Nyll
Stackpole
Stackpole Elidor
Stanleytown
Stanner
Stansty
Stanton
Star
Star Hill
Staylittle
Stelvio
Stembridge
Stepaside
Stephen's Ford
Steynton
Stimmy Heath
Stop and Call
Stop-and-Call
Stow Park
Strade
Stradey Park
Strata Florida
Street Lydan
Streflyn
Stryd
Stryd y Facsen
Stryd-y-Facsen
Stryt-cae-rhedyn
Stryt-issa
Stryt-yr-Hwch
Studdolph
Sudbrook
Sully
Summer Hill
Summerhill
Summerleaze
Sutton
Sutton Green
Swan Bridge
Swanbridge
Swansea
Swffryd
Swiss Valley
Swydd-Ffynnon
Swyddffynnon
Sycharth
Sychdyn
Sychtyn
Sydallt
Sylen
Sylfaen
Synod
Synod Inn
Tabor
Tafarn-y-bwlch
Tafarn-y-Gelyn
Tafarnau Bach
Tafarnau-bach
Tafarnaubach
Tafarnyfedw
Taff Merthyr Garden Village
Taff's Well
Tafolog
Tafolwern
Tai-bach
Tai-Drill
Tai-gwynion
Tai-hirion
Tai-morfa
Tai-nant
Tai'r Bull
Tai'r-heol
Tai'r-hoel
Tai'r-ysgol
Taibach
Taigwynion
Tainant
Tair Onen
Tair Onnen
Tairgwaith
Tal-sarn
Tal-y-bont
Tal-y-bont ar Wysg
Tal-y-cae
Tal-y-cafn
Tal-y-coed
Tal-y-llyn
Tal-y-sarn
Tal-y-waenydd
Tal-y-waun
Tal-y-wern
Talach-ddu
Talacharn
Talachddu
Talacre
Talardd
Talbenni
Talbenny
Talbot Green
Talcen Eithin
Talcen Llwyd
Talerddig
Talerddigg
Talgarreg
Talgarth
Talgarth's Well
Taliaris
Taliesin
Tallarn Green
Talley
Tallistown
Talog
Talsarn
Talsarnau
Talwrn
Talwrn Green
Talybont
Talybont-on-Usk
Talyllychau
Talyllyn
Talysarn
Talywain
Talywern
Tan Hinon
Tan-dinas
Tan-lan
Tan-y-bwlch
Tan-y-ffridd
Tan-y-foel
Tan-y-fron
Tan-y-graig
Tan-y-groes
Tan-y-lan
Tan-y-maes
Tan-y-mynydd
Tan-yr-allt
Tan-yr-ogof
Tanat Valley
Tandinas
Tanerdy
Tangiers
Tanglwst
Tanlan
Tanlan Banks
Tanyfron
Tanygrisiau
Tarts Hill
Tavernspite
Tegryn
Temperance Town
Temple Bar
Templeton
Tenby
Terfyn
The Bryn
The Burrows
The Butts
The Chequer
The City
The Colony
The Common
The Cot
The Cwm
The Dunks
The Flags
The Gaer
The Great Orme
The Green
The Hendre
The Herberts
The Knab
The Knap
The Laques
The Leys
The Marsh
The Moor
The Mumbles
The Nant
The Narth
The Pill
The Quar
The Rhos
The Roe
The Smelt
The Square
The Stubb
The Tumble
The Valley
The Village
The Warren
The Wern
The Willowford
Thistleboon
Thomas Chapel
Thomas Town
Thomastown
Thorn
Thornbury
Thornhill
Thornton
Thornwell
Three Cocks
Three Crosses
Three Fingers
Three Sisters
Tiers Cross
Tintern
Tintern Parva
Tir Ifan
Tir Syr Walter
Tir-Nest
Tir-phil
Tir-Phill
Tir-y-berth
Tir-y-dail
Tir-y-Fron
Tir-y-Mynach
Tirabad
Tircanol
Tirdeunaw
Tirpenry
Tirphil
Tiryberth
Tirymynach
Todleth
Tomen Fawr
Tomen Llanio
Tomen y Bala
Tomen y Faerdre
Tomen y Gwyddel
Tomen y Meirw
Tomen y Rhos
Ton
Ton Breigam
Ton Pentre
Ton-du
Ton-mawr
Ton-teg
Ton-ty'r-bel
Ton-y-pistyll
Tondu
Tonfannau
Tongwynlais
Tonmawr
Tonna
Tonpentre
Tonteg
Tonypandy
Tonyrefail
Tonysguboriau
Top Hill
Tophill
Torllwyn
Torpantau
Townhill
Townsend
Towyn
Traean-glas
Traean-mawr
Traeth Bach
Traeth Coch
Traeth Crugan
Traeth Cymyran
Traethsaith
Trallong
Trallwn
Trallwng
Tranch
Transh
Trap
Trapp
Trauscoed
Travellers' Rest
Traws Mawr
Traws-Mawr
Trawscoed
Trawsfynydd
Trawsgoed
Trawsnant
Tre loan
Tre Taliesin
Tre Wen
Tre-Aubrey
Tre-Beferad
Tre-betin
Tre-boeth
Tre-castell
Tre-Cwn
Tre-derwen
Tre-ffynnon
Tre-fin
Tre-Forgan
Tre-gagle
Tre-garth
Tre-Gibbon
Tre-goed a Felindre
Tre-groes
Tre-gŵyr
Tre-gynwer
Tre-Herbert
Tre-hill
Tre-hyl
Tre-Ifor
Tre-lan
Tre-lech a'r Betws
Tre-main
Tre-Mostyn
Tre-oes
Tre-pit
Tre-rhiwarth
Tre-Rhos
Tre-saith
Tre-Taliesin
Tre-Tio
Tre-vaughan
Tre-wen
Tre-wern
Tre-Wylan
Tre-wyn
Tre'r Ceiri
Tre'r Onnen
Tre'r-ddôl
Tre'r-gaer
Tre'r-llai
Tre'r-llan
Tre'rdelyn
Tre'rdelyn a Phwll-y-blaidd
Tre'resgob
Tre'ronnen
Treadam
Trealaw
Treamlod
Trearddur
Trearddur Bay
Trebannws
Trebanog
Trebanos
Trebedw
Trebeferad
Trebefered
Trebella
Treberfedd
Treberfydd
Trebettyn
Trebifan
Treborth
Trecastell
Trecastle
Trecco Bay
Trecelyn
Trecenydd
Trecwn
Trecŵn
Trecynon
Tredean
Tredegar
Tredegarville
Tredelerch
Trederlech
Trederwen
Tredodridge
Tredogan
Tredomen
Tredowen
Tredunnock
Tredustan
Tredwstan
Tredynog
Tref-Asser
Tref-Einon
Tref-nanney
Tref-y-Clawdd
Tref-y-nant
Trefaes
Trefaldwyn
Trefalun
Trefarthen
Trefaser
Trefasser
Trefddyn
Trefdraeth
Trefeca
Trefecca
Trefechan
Trefeglwys
Trefeini
Trefeinion
Trefeitha
Trefelen
Trefenter
Trefenty
Trefesgob
Trefeurig
Treffgarne
Trefflemin
Trefforest
Treffynnon
Treffynon
Trefgarn
Trefgarn Owen
Trefgarn-Owen
Trefil
Trefil Ddu
Trefil Las
Trefilan
Trefin
Treflys
Trefnanney
Trefnant
Trefonnen
Trefor
Trefor Uchaf
Treforest
Treforgan
Treforys
Trefri
Trefriw
Trefwrdan
Trefyclo
Trefynant
Trefynwy
Tregaean
Tregagle
Tregaian
Treganeithw
Treganna
Tregantllo
Tregare
Tregaron
Tregarth
Tregatwg
Tregawntlo
Tregeiriog
Tregele
Treginnis
Treglemais
Treglement
Tregolwyn
Tregoyd
Tregoyd Mill
Tregroes
Tregyddulan
Tregyddylan
Tregynon
Tregynrig Bach
Tregynrig Fawr
Trehafod
Trehafren
Trehale
Treharris
Trehelig
Treherbert
Trehopcyn
Trelái
Trelales
Trelawnyd
Trelech
Treleddyd-fawr
Trelerw
Treletert
Trelewis
Trellech
Trelleck
Trelleck Grange
Trelogan
Trelydan
Trelystan
Tremadoc
Tremadog
Tremain
Tremains
Tremarchog
Tremeirchion
Tremodog
Tremorfa
Treoes
Treopert
Treorchy
Treorci
Treowen
Treowman
Trerhedyn
Trerhingyll
Trerhos
Trerhyngyll
Tresaith
Tresigin
Tresimwn
Treteio
Trethomas
Tretio
Tretomas
Tretower
Tretwr
Tretŵr
Treuddyn
Trevalyn
Trevaughan
Trevethin
Trevine
Trevor
Trevor Uchaf
Trewalchmai
Trewallter
Trewarren
Trewen
Trewent
Trewern
Trewiliam
Treworgan
Treworgan Common
Trewyddel
Trewyddfa Fach
Trewyddfa-fach
Trewylan
Trewyn
Tri Chrugiau
Trichrug
Triffleton
Trimsaran
Trinant
Trisant
Troearhiwgwair
Troed-rhiw-dalar
Troed-rhiw-gwair
Troed-rhiw-trwyn
Troed-rhiw'r-fuwch
Troed-y-rhiw
Troed-y-rhiw-Sion
Troed-yr-aur
Troed-yr-hen-riw
Troed-yr-Henriw
Troedrhiw-gwair
Troedrhiw'r-fuwch
Troedrhiwdalar
Troedrhiwffenyd
Troedrhiwfuwch
Troedrhiwrfuwch
Troedyraur
Troedyrhiw
Trofarth
Trooper's Inn
Trosnant
Trostra
Trostre
Trostrey
Trostrey Common
Trowbridge
Trum y Fawnog
Trum y Gŵr
Trumau
Trwstllewelyn
Trwyn Larnog
Tryddyn
Tryfan
Tryfel
Tryfil
Tryleg
Tudweiliog
Tufton
Tumble
Twdin
Twlc y Filiast
Twmbarlwm
Twmpath
Twmpath Diwlith
Twmpath-mawr
Twr
Twr Gwyn
Twyn
Twyn Cynhordy
Twyn Llanan
Twyn Mwyalchod
Twyn Shon-Ifan
Twyn Tudur
Twyn Wenallt
Twyn y Beddau
Twyn y Gregen
Twyn-Allws
Twyn-blaen-nant
Twyn-cynhordy
Twyn-Shon-Evan
Twyn-y-Sheriff
Twyn-yr-argoed
Twyn-yr-odyn
Twyncarno
Twynllanan
Twynllannan
Twynmynydd
Twynyrodyn
Twynysheriff
Ty Croes
Tŷ Elltud
Ty Llwyn
Ty Mawr
Ty Rhiw
Ty-coch
Tŷ-coch
Ty-croes
Tŷ-croes
Ty-crwyn
Tŷ-crwyn
Ty-draw
Ty-du
Tŷ-du
Ty-fry
Ty-llwyd
Ty-llwyn
Ty-mawr
Ty-nant
Ty-Newydd
Ty-Rhos
Ty-Sign
Ty'n-y-bryn
Ty'n-y-Byrwydd
Ty'n-y-caeau
Ty'n-y-cefn
Ty'n-y-coedcae
Ty'n-y-ffordd
Ty'n-y-garn
Ty'n-y-graig
Ty'n-y-groes
Ty'n-y-weirglodd
Ty'n-yr-eithin
Ty'nlon
Ty'r fran
Ty'r-felin-isaf
Tybroughton
Tycroes
Tycrwyn
Tyddewi
Tyddyn
Tyddyn Angharad
Tyddyn Dai
Tyddyn Phillip
Tydfil's Well
Tydraw
Tydweiliog
Tyganol
Tyla
Tylagwyn
Tyle
Tyle-garw
Tyllgoed
Tyllwyn
Tylorstown
Tylwch
Tymbl
Tyn-lon
Tyn-y-cwm
Tyn-y-groes
Tyn-y-maes
Tyn-y-Morfa
Tynant
Tyndyrn
Tynewydd
Tynmorfa
Tyntetown
Tynybryn
Tynyfedw
Tynygongl
Tynygraig
Tynyreithin
Tynyrwtra
Tythegston
Tywyllach
Tywyn
Ucheldre
Underwood
Undy
Uplands
Upper Bangor
Upper Blacknuck
Upper Boat
Upper Borth
Upper Brynamman
Upper Castlewright
Upper Chapel
Upper Church Village
Upper Coedcae
Upper Corris
Upper Cwm-twrch
Upper Cwmbran
Upper Eweston
Upper Garth
Upper Grange
Upper Green
Upper Harmeston
Upper Hem
Upper Killay
Upper Nash
Upper Neeston
Upper Ochrwyth
Upper Race
Upper Redbrook
Upper Solva
Upper Trehelig
Upton
Usk
Uwchafon
Uwchlaw'r-coed
Uwchmynydd
Uwchygarreg
Uzmaston
Vachelich
Vaenor
Valley
Van
Varchoel
Vardre
Varteg
Vaynol Hall
Vaynol Park
Vaynor
Velfrey Road
Velindre
Venny-fach
Verwick
Victoria
Victoria Park
Victoria Village
Vinegar Hill
Voel
Voel-y-crio
Vollgastell
Vorlan
Vownog
Vroncysllte
Vroncysyllte
Waen
Waen Aberwheeler
Waen-fach
Waen-llapria
Waen-pentir
Waen-wen
Wainfelin
Wal-wen
Wallaston
Wallington
Wallis
Wallog
Walls Bridge
Wallston
Walson
Walterston
Walton
Walton East
Walton Green
Walton West
Waltwn Dwyrain
Waltwn Gorllewin
Walwen
Walwyn's Castle
Warden
Warren
Warren Bank
Waterloo
Waterloo Port
Waterston
Waterton
Watford Park
Wattstown
Wattsville
Waun Beddau
Waun Fawr
Waun Garno
Waun y Clyn
Waun y Gadair
Waun y Gilfach
Waun-fawr
Waun-gilwen
Waun-gron
Waun-llapria
Waun-Lwyd
Waun-Wen
Waun-y-beddau
Waun
Waunarlwydd
Waunfawr
Waunfelin
Waungilwen
Waungron
Waunifor
Waunllapria
Wayne
Wayne Green
Wdig
Wellington
Welsh Hook
Welsh St Donats
Welsh St. Donats
Welshpool
Wenallt
Wenvoe
Wepre
Wern
Wern Claergoed
Wern Gifford
Wern Tarw
Wern-ddu
Wern-ddu
Wern-gerhynt
Wern-olau
Wern-scadog
Wern-y-cwrt
Wern-y-gaer
Wern-yr-heolydd
Wern
Wernffrwd
Wernffrwdd
Wernrheolydd
West Aberthaw
West Bank
West Cross
West Denant
West Dunston
West End
West End Town
West Fedw
West Pontnewydd
West Side
West Town
West Village
West Williamston
West-end Town
Western Slade
Weston
Weston Madoc
Westra
Weythel
Whalecombe
Whelston
Whitchurch
White Grit
White Mill
Whitebrook
Whitegrit
Whitehall Common
Whitelye
Whiterock
Whitewall Common
Whitewell
Whitford
Whitland
Whitson
Wick
Wig
Wig Fach
Wig
Wigfair
Wigfair Isa
Wilcrick
Wild Mill
Williamston
Williamstown
Willowtown
Winchestown
Wind Hill
Windmill
Windy Hill
Winllan
Winsh-wen
Winshwen
Wiston
Withybush
Wolf's Castle
Wolfpits
Wolfsdale
Wolfsdale Hill
Wolvesnewton
Womaston
Wonastow
Wood
Wooden
Woodfield Side
Woodfieldside
Woodsend
Woodside
Woodstock
Worms Head
Worthenbury
Worthybrook
Wrecsam
Wrexham
Wyddfa
Wyddgrug
Wyesham
Wylfa
Wyllie
Wyndham
Wyndham Park
Y Bala
Y Barri
Y Batel
Y Beifil
Y Belan
Y Betws
Y Bewpyr
Y Bont-ddu
Y Bont-faen
Y Bontnewydd
Y Borth
Y Britwn
Y Bynie
Y Castell
Y Castellnewydd
Y Cendl
Y Clas-ar-Wy
Y Clun
Y Creunant
Y Croes-faen
Y Crwys
Y Cwm
Y Cymer
Y Ddraenen Wen
Y Dref
Y Drenewydd
Y Fach-wen
Y Faenor
Y Fan
Y Farteg
Y Felinheli
Y Fenechdid
Y Fenni
Y Fenni-fach
Y Ferwig
Y Fflint
Y Ffor
Y Ffridd
Y Ffriog
Y Ffrith
Y Foel
Y Forlan
Y Foryd
Y Friog
Y Fron
Y Fron-deg
Y Gadlys
Y Gaerwen
Y Ganllwyd
Y Garn
Y Garnant
Y Gelli
Y Gelli Gandryll
Y Gilfach-goch
Y Glais
Y Goetre
Y Goetre-hen
Y Graig
Y Gribyn
Y Groes-faen
Y Groes-wen
Y Groeslon
Y Grysmwnt
Y Gurnos
Y Gyffin
Y Gyffylliog
Y Hendy
Y Maendy
Y Maerdy
Y Mot
Y Pil
Y Pîl
Y Porth
Y Rhath
Y Rhigos
Y Rhiw
Y Rhws
Y Rhyl
Y Ro-wen
Y Sblot
Y Sger
Y Trallwng
Y Transh
Y Tymbl
Y Waun
Y Wern
Y Wig
Y Ystrad
y-Ffrith
Y-Fron
Yardro
Yerbeston
Ynus-tawelog
Ynys
Ynys Byr
Ynys Bŷr
Ynys Dewi
Ynys Enlli
Ynys Forgan
Ynys Gybi
Ynys Lannog
Ynys Llanddwyn
Ynys Llanfihangel-y-traethau
Ynys Seiriol
Ynys Tachwedd
Ynys Tawe
Ynys y Barri
Ynys y Gwas
Ynys y maerdy
Ynys-boeth
Ynys-ddu
Ynys-fach
Ynys-Forgan
Ynys-hafren
Ynys-hir
Ynys-isaf
Ynys-las
Ynys-meudwy
Ynys-Tawe
Ynys-wen
Ynys-y-bwl
Ynys-y-bŵl
Ynys-y-Gwas
Ynys-y-maerdy
Ynys-y-mond
Ynysarwed
Ynysawdre
Ynysboeth
Ynyscynhaearn
Ynysddu
Ynysforgan
Ynysgynwraidd
Ynyshafren
Ynyshir
Ynyslas
Ynysmaerdy
Ynysmeudwy
Ynysowen
Ynystawe
Ynyswen
Ynysybwl
Ynysygwas
Ynysymwn
Yr Allt
Yr Allt-wen
Yr As Fawr
Yr Eglwys Lwyd
Yr Eglwys Newydd
Yr Eglwys Newydd ar y Cefn
Yr Hengastell
Yr Hob
Yr Hôb
Yr Orsedd
Yr Wyddgrug
Yr Ystog
Ysbyty Cynfyn
Ysbyty Ifan
Ysbyty Ystwyth
Ysceifiog
Ysgeibion
Ysgeifiog
Ysgubor Newydd
Ysgubor-y-coed
Ysguborwen
Ysgwd Ffordd
Ysgyryd Fawr
Yspitty
Yspytty Cynfyn
Yspytty-Cynfyn
Ystalyfera
Ystangbwll
Yr Ystog
Ystrad
Ystrad Aeron
Ystrad Einion
Ystrad Meurig
Ystrad Mynach
Ystrad Rhondda
Ystrad Uchaf
Ystrad-Einion
Ystrad-fflur
Ystradau
Ystradfellte
Ystradgynlais
Ystradmeurig
Ystradmynach
Ystradowen
Ystradyfodwg
Ystumllwynarth
Ystumtuen
