Achub
Addysg
Arholiadau
Ariannol
Awyrennau
Bancorp
Bragdy
Brandiau
Buddsoddiad
Buddsoddiadau
Buddsoddwyr
Bwrdd arholi
Caffael
Cemegau
Coch
Cofnodiom
Corfflu
Crochenwaith
Cronfa wrth gefn
Cronicl
Crwydriaid
Cwmni awyrennau
Cwmni cychod
Cychod
Cyfathrebiadau
Cyfleustodau
Cyfnewidfa fasnachol
Cyfnewidfa stoc
Cyfrifiadur
Cynghrair
Cynilon
Cynwyswyr
Cytiau
Deiliadaethau
Deunydd fferyllol
Diogeliadau
Diwydiannau
Diwydiannol
Drilio
Dyluniad
Ecwitïol
Electronig
Ffederal
Fferyllol
Gãŷnãŷral
Gãŷnãŷrale
Gofal
Gofal fferyllol
Gwasanaeth newyddion
Gwasanaethau
Heddlu'r wladwriaeth
Hedfan
Llwybrau hedfan
Marchnadoedd
Marchnata
Materion
Menter
Mentrau
Morol
Mwyngloddio
Nwy
Optegol
Partneriaid
Peiriannau
Peiriant
Petrol
Petrolewm
Prifddinas
Pwyllgor
Radio
Rheoli
Rheoliad
Rhyngdaleithiol
Rhyngwladol
Sefydliad
Sefydliad technoleg
Sicrhad
Siop adrannol
Siopau
Syrcas
Systemau
Tân ac achub
Technoleg
Technolegau
Teithiau
Teledu
Telegraff
Trenau
Tribiwnlys
Trosglwyddiad electronig diogel
Trydan
Trydanol
Warws
Y cyfryngau
Y wasg
Ymchwil
Ymgynghori
Ymgynghorwyr
Ynni
Yswiriant
ACHUB
ADDYSG
ARHOLIADAU
ARIANNOL
AWYRENNAU
BANCORP
BRAGDY
BRANDIAU
BUDDSODDIAD
BUDDSODDIADAU
BUDDSODDWYR
BWRDD ARHOLI
CAFFAEL
CEMEGAU
COCH
COFNODIOM
CORFFLU
CROCHENWAITH
CRONFA WRTH GEFN
CRONICL
CRWYDRIAID
CWMNI AWYRENNAU
CWMNI CYCHOD
CYCHOD
CYFATHREBIADAU
CYFLEUSTODAU
CYFNEWIDFA FASNACHOL
CYFNEWIDFA STOC
CYFRIFIADUR
CYNGHRAIR
CYNILON
CYNWYSWYR
CYTIAU
DEILIADAETHAU
DEUNYDD FFERYLLOL
DIOGELIADAU
DIWYDIANNAU
DIWYDIANNOL
DRILIO
DYLUNIAD
ECWITÏOL
ELECTRONIG
FFEDERAL
FFERYLLOL
GÃŶNÃŶRAL
GÃŶNÃŶRALE
GOFAL
GOFAL FFERYLLOL
GWASANAETH NEWYDDION
GWASANAETHAU
HEDDLU'R WLADWRIAETH
HEDFAN
LLWYBRAU HEDFAN
MARCHNADOEDD
MARCHNATA
MATERION
MENTER
MENTRAU
MOROL
MWYNGLODDIO
NWY
OPTEGOL
PARTNERIAID
PEIRIANNAU
PEIRIANT
PETROL
PETROLEWM
PRIFDDINAS
PWYLLGOR
RADIO
RHEOLI
RHEOLIAD
RHYNGDALEITHIOL
RHYNGWLADOL
SEFYDLIAD
SEFYDLIAD TECHNOLEG
SICRHAD
SIOP ADRANNOL
SIOPAU
SYRCAS
SYSTEMAU
TÂN AC ACHUB
TECHNOLEG
TECHNOLEGAU
TEITHIAU
TELEDU
TELEGRAFF
TRENAU
TRIBIWNLYS
TROSGLWYDDIAD ELECTRONIG DIOGEL
TRYDAN
TRYDANOL
WARWS
Y CYFRYNGAU
Y WASG
YMCHWIL
YMGYNGHORI
YMGYNGHORWYR
YNNI
YSWIRIANT
