Y Cyntaf
Yr Ail
Y Trydydd
Y Pedwerydd
Y Pumed
Y Chweched
Y Seithfed
Yr Wythfed
Y Nawfed
Y Degfed
Yr Unfed ar Ddeg
Y Deuddegfed
Y Trydydd ar Ddeg
Y Pedwerydd ar Ddeg
Y Pymthegfed
Yr Unfed ar Bymtheg
Yr Ail ar Bymtheg
Y Deunawfed
Y Pedwerydd ar Bymtheg
Yr Ugeinfed
Yr Unfed ar Hugain
Yr Ail ar Hugain
Y Trydydd ar Hugain
Y Pedwerydd ar Hugain
Y Pumed ar Hugain
Y Chweched ar Hugain
Y Seithfed ar Hugain
Yr Wythfed ar Hugain
Y Nawfed ar Hugain
Y Degfed ar Hugain
Yr Unfed ar Ddeg ar Hugain
y cyntaf
yr ail
y trydydd
y pedwerydd
y pumed
y chweched
y seithfed
yr wythfed
y nawfed
y degfed
yr unfed ar ddeg
y deuddegfed
y trydydd ar ddeg
y pedwerydd ar ddeg
y pymthegfed
yr unfed ar bymtheg
yr ail ar bymtheg
y deunawfed
y pedwerydd ar bymtheg
yr ugeinfed
yr unfed ar hugain
yr ail ar hugain
y trydydd ar hugain
y pedwerydd ar hugain
y pumed ar hugain
y chweched ar hugain
y seithfed ar hugain
yr wythfed ar hugain
y nawfed ar hugain
y degfed ar hugain
yr unfed ar ddeg ar hugain
Y CYNTAF
YR AIL
Y TRYDYDD
Y PEDWERYDD
Y PUMED
Y CHWECHED
Y SEITHFED
YR WYTHFED
Y NAWFED
Y DEGFED
YR UNFED AR DDEG
Y DEUDDEGFED
Y TRYDYDD AR DDEG
Y PEDWERYDD AR DDEG
Y PYMTHEGFED
YR UNFED AR BYMTHEG
YR AIL AR BYMTHEG
Y DEUNAWFED
Y PEDWERYDD AR BYMTHEG
YR UGEINFED
YR UNFED AR HUGAIN
YR AIL AR HUGAIN
Y TRYDYDD AR HUGAIN
Y PEDWERYDD AR HUGAIN
Y PUMED AR HUGAIN
Y CHWECHED AR HUGAIN
Y SEITHFED AR HUGAIN
YR WYTHFED AR HUGAIN
Y NAWFED AR HUGAIN
Y DEGFED AR HUGAIN
YR UNFED AR DDEG AR HUGAIN
1af
2ail
3ydd
4ydd
5ed
6ed
7fed
8fed
9fed
10fed
11eg
12fed
13eg
14eg
15fed 
16eg
17eg
18fed
19eg
20fed
21ain
22ain
23ain
24ain
25ain
26ain
27ain
28ain
29ain
30ain
31ain
