Aceh
Affrica
Algarve
Antarctica
Ashmore a Cartier Ynysoedd
Asia
Arfordir yr Iwerydd
Bahamas
Island Pobydd
Balcanau
Bassin Pacifique
Ardal Bae
Bay of Pigs
Island Bouvet
British Virgin Islands
Ynysoedd y Cayman
Ynys y Nadolig
Ynys Clipperton
Ynysoedd Cocos
Island Cook
Ynysoedd Môr Coral
Ddwyrain Asia
Bloc dwyreiniol
Dwyrain Ewrop
Ynys Europa
Ewrop
Ynysoedd y Falklands
Ynysoedd Faroe
Gaza
Gilbert a'r Ynysoedd Ellice
Ynysoedd Glorioso
Arfordir y Gwlff
Heard ac Ynysoedd McDonald
Hispaniola
Ynys Howland
Indochina
Island Jarvis
Juan de Nova Island
Jwdea
Ynysoedd Marshall
Môr y Canoldir
y Dwyrain canol
Ynysoedd Midway
Ynys Navassa
Lloegr newydd
Ynys Norfolk
Gogledd America
Ynysoedd Gogledd Mariana
Basn Pacific
Ynysoedd Paracel
Ynysoedd Pitcairn
Providencia
San Andres
Sgandinafia
Ynysoedd Solomon
De America
De Ddwyrain Asia
Spitsbergen
Spitsbergen
Ynysoedd Spratly
Svalbard
y Dwyrain Pell
y Gwlff
Gwlff Persia
Ynys Tromelin
Ynysoedd Turks a Caicos
Ynysoedd y wyryf
Gorllewin Ewrop
India'r Gorllewin
