Prifysgol De Cymru
Prifysgol Aberdeen
Prifysgol Abertay Dundee
Prifysgol Aberystwyth
Prifysgol Anglia Ruskin
Prifysgol y Celfyddydau Bournemouth
Prifysgol y Celfyddydau Llundain
Coleg y Celfyddydau Camberwell
Coleg Celf a Dylunio Canol Saint Martins
Coleg Celf a Dylunio Chelsea
Coleg Cyfathrebu Llundain
Coleg Ffasiwn Llundain
Coleg Celf Wimbledon
Prifysgol Aston
Prifysgol Bangor
Prifysgol Caerfaddon
Prifysgol Ffynnon Caerfarddon
Prifysgol Swydd Bedford
Prifysgol Birmingham
Prifysgol Dinas Birmingham
Ysgol Gerddoriaeth Birmingham
Coleg Prifysgol Birmingham
Prifysgol yr Esgob Grosseteste
Canolfan y Brifysgol yng Ngholeg Blackburn
Prifysgol Bolton
Prifysgol Bournemouth
Prifysgol BPP
Prifysgol Bradford
Prifysgol Brighton
Ysgol Feddygol Brighton a Sussex
Prifysgol Bryste
Prifysgol Brunel
Prifysgol Buckingham
Prifysgol Newydd Buckinghamshire 
Prifysgol Caergrawnt
Prifysgol Eglwys Crist Caergaint
Prifysgol Caerdydd
Academi Llais Ryngwladol Caerdydd
Ysgol Feddygaeth Prifysgol Caerdydd
Prifysgol Fetropolitan Caerdydd
Prifysgol Canol Swydd Gaerhirfryn
Prifysgol Caer
Prifysgol Chichester
Prifysgol Dinas Llundain
Ysgol Fusnes Cass
Ysgol Gyfraith y Ddinas
Prifysgol Coventry
Prifysgol Cranfield
Y Brifysgol ar gyfer y Celfyddydau Creadigol
Prifysgol Cumbria
Prifysgol De Montfort
Prifysgol Derby
Prifysgol Dundee
Prifysgol Dyrham
Prifysgol Dwyrain Anglia
Prifysgol Dwyrain Llundain
Ysgol y Gyfraith Prifysgol Dwyrain Llundain
Prifysgol Edge Hill
Prifysgol Caeredin
Prifysgol Napier Caeredin
Prifysgol Essex
Prifysgol Exeter
Ysgol Mwyngloddi Camborne
Prifysgol Falmouth
Coleg y Celfyddydau Dartington
Prifysgol Glasgow
Prifysgol Caledonian Glasgow
Prifysgol Swydd Gaerloyw
Prifysgol Greenwich
Prifysgol Glyndŵr 
Prifysgol Harper Adams
Prifysgol Heriot-Watt
Prifysgol Swydd Hertford
Prifysgol yr Ucheldiroedd a'r Ynysoedd
Prifysgol Huddersfield
Prifysgol Hull, Hull a Scarborough
Ysgol Feddygol Hull York
Coleg Imperialaidd Llundain
Y Coleg Impeialaidd yng Ngwy
Ysgol Frenhinol Mwyngloddio
Prifysgol Keele
Prifysgol Caint
Prifysgol Kingston
Prifysgol Caerhirfryn
Prifysgol Leeds
Prifysgol Fetropolitan Leeds
Prifysgol y Drindod Leeds
Prifysgol Caerlŷr 
Prifysgol Lincoln
Prifysgol Lerpwl
Ysgol Meddygaeth Drofannol Lerpwl
Prifysgol Gobaith Lerpwl
Prifysgol John Moores Lerpwl
Prifysgol Llundain
Birkbeck, Prifysgol Llundain
Ysgol Ganolog Lleferydd a Drama
Sefydliad Celfyddydau Courtauld
Goldsmiths, Prifysgol Llundain
Coleg Heythrop
Coleg y Brenin Llundain
Ysgol Fusnes Llundain
Ysgol Economeg a Gwyddor Gwleidyddiaeth Llundain
Ysgol Hylendid a Meddygaeth Drofannol Llundain
Y Frenhines Mair, Prifysgol Llundain
Yr Academi Gerdd Frenhinol
Adeilad y Sylfaenydd Holloway Brenhinol
Holloway Brenhinol, Prifysgol Llundain, Egham
Y Coleg Milfeddygol Brenhinol
San Siôr, Prifysgol Llundain
Y Sefydliad ar gyfer Astudio'r Americas
Sefydliad Astudiaethau Cyfreithiol Uwch
Sefydliad Astudiaethau Clasurol
Sefydliad Astudiaethau'r Gymanwlad
Sefydliad Astudiaethau Saesneg
Sefydliad Astudiaethau Almeinig a Romáwns
Sefydliad Ymchwil Hanesyddol
Sefydliad Ymchwil Gerddorol
Sefydliad Athroniaeth
Sefydliad Warburg
Ysgol Astudiaethau Dwyreiniol ac Affricanaidd
Ysgol Fferylliaeth, Prifysgol Llundain
Coleg Prifysgol Llundain
Sefydliad Deintyddol Eastman
Y Sefydliad Archaeoleg
Sefydliad Iechyd Plant
Sefydliad Niwroleg
Ysgol Astudiaethau Slafonig a Dwyrain Ewrop
Gorsaf Fiolegol Forol y Brifysgol
Prifysgol Fetropolitan Llundain
Prifysgol South Bank Llundain
Prifysgol Loughborough
Prifysgol Manceinion
Prifysgol Fetropolitan Manceinion
Prifysgol Middlesex
Prifysgol Newcastle
Prifysgol Newman
Prifysgol Northampton
Prifysgol Northumbria
Prifysgol y Celfyddydau Norwich
Prifysgol Nottingham
Prifysgol Nottingham Trent
Y Brifysgol Agored
Camera Radcliffe, Prifysgol Rhydychen
Prifysgol Rhydychen
Prifysgol Brookes Rhydychen
Prifysgol Plymouth
Prifysgol Portsmouth
Prifysgol y Frenhines Belfast
Coleg Prifysgol Santes Fair
Coleg Prifysgol Stranmillis
Prifysgol y Frenhines Margaret
Prifysgol Reading
Prifysgol Robert Gordon
Prifysgol Roehampton
Y Brifysgol Amaethyddol Frenhinol
Y Coleg Celf Brenhinol
Prifysgol St Andrews
Prifysgol Sant Marc & ​​Sant Ioan
Prifysgol Salford
Prifysgol Sheffield
Prifysgol Sheffield Hallam
Prifysgol Southampton
Prifysgol Solent Southampton
Prifysgol De Cymru
Prifysgol Swydd Stafford
Prifysgol Stirling
Prifysgol Strathclyde
Prifysgol Sunderland
Prifysgol Surrey
Prifysgol Sussex
Prifysgol Fetropolitan Abertawe
Prifysgol Abertawe
Prifysgol Teesside
Prifysgol Wlster
Prifysgol Cymru, Y Drindod Dewi Sant
Prifysgol Cymru
Prifysgol Warwick
Prifysgol Gorllewin Llundain
Coleg Cerdd Llundain
Prifysgol San Steffan
Prifysgol Gorllewin Lloegr
Prifysgol Gorllewin yr Alban
Prifysgol Winchester
Prifysgol Wolverhampton
Prifysgol Caerwrangon
Prifysgol Caerefrog
Prifysgol Sant Ioan Efrog