Y Prif Weinidog
Y Llefarydd
Yr Arglwydd Lefarydd
Gweinidog y Cabinet
Ysgrifennydd y Cabinet
Y Prif Ysgrifennydd Gwladol
Y Gweinidog dros Fenywod a Chydraddoldeb
Yr Ysgrifennydd Gwladol dros Amddiffyn
Yr Ysgrifennydd Gwladol dros Fusnes, Arleosi a Sgiliau
Yr Ysgrifennydd Gwladol dros Waith a Phensiynau
Yr Ysgrifennydd Gwladol dros Ynni a Newid Hinsawdd
Yr Ysgrifennydd Gwladlol dros Iechyd
Yr Ysgrifennydd Gwladol dros Addysg
Yr Ysgrifennydd Gwladol dros Gymunedau a Llywodraeth Leol
Yr Ysgrifenydd Gwladol dros Drafnidiaeth
Yr Ysgrifennydd Gwladol dros yr Amgylchedd, Bwyd a Materion Gwladol
Yr Ysgrifennydd Gwladol dros Ddatblygu Rhyngwladol
Ysgrifennydd Gwladol Gogledd Iwerddon
Ysgrifennydd Gwladol yr Alban
Ysgrifennydd Gwladol Cymru
Yr Ysgrifennydd Gwladol dros Ddiwylliant, y Gemau Olympaidd, y Cyfryngau a Chwaraeon
Yr Ysgrifennydd Gwladol dros Fasnach a Diwydiant
Yr Ysgrifennydd i'r Trysorlys
Arweinydd Tŷ'r Arglwyddi
Canghellor Dugiaeth Caerhirfryn
Gweinidog heb Bortffolio
Gweinidog Gwladol
Gweinidog Swyddfa'r Cabinet
Tâl-feistr Cyffredinol
Gweinidog Gwladol yn Swyddfa'r Cabinet
Yr Ysgrifennydd Gwladol dros Brifysgolion a Gwyddoniaeth
Arweinydd Tŷ'r Cyffredin
Y Prif Chwip
Ysgrifennydd Seneddol i'r Trysorlys
Arweinydd Tŷ'r Arglwyddi
Arglwydd y Sêl Gyfrin
Yr Arglwydd Ganghellor
Ysgrifennydd Gwladol yr Adran Gartref
Yr Ysgrifennydd Gwladol dros Gyfiawnder
Yr Ysgrifennydd Gwladol dros Faterion Tramor a'r Gymanwlad
Y Dirprwy Brif Weinidog
Arglwydd Arlywydd y Cyngor
Prif Arglwydd y Trysorlys
Y Gweinidog dros y Gwasanaeth Sifil
Canghellor y Trysorlys
Y Prif Ysgrifennydd i'r Trysorlys
Is-ysgrifennydd Gwladol Seneddol
Is-ysgrifennydd Gwladol Seneddol
Ysgrifennydd Gwladol
Yr Ysgrifennydd Gwladol dros Faterion Tramor
Y Canghellor Cysgodol
Yr Ysgrifennydd Tramor
Y Canghellor
Yr Ysgrifennydd Cartref
Yr Ysgrifennydd Amddiffyn
Yr Ysgrifennydd Cyfiawnder
Yr Ysgrifennydd Iechyd
Yr Ysgrifennydd Addysg
Yr Ysgrifennydd Busnes
Yr Ysgrifennydd Gwaith a Phensiynau
Yr Ysgrifennydd Ynni a Newid Hinsawdd
Yr Ysgrifennydd Llywodraeth Leol
Yr Ysgrifennydd Trafnidiaeth
Ysgrifennydd yr Amgylchedd
Yr Ysgrifennydd Datblygu Rhyngwladol
Ysgrifennydd Gogledd Iwerddon
Ysgrifennydd yr Alban
Ysgrifennydd Cymru
Yr Ysgrifennydd Diwylliant, y Gemau Olympaidd, y Cyfryngau a Chwaraeon
Arweinydd Tŷ'r Cyffredin
Arweinydd Tŷ'r Arglwyddi a Changhellor Dugiaeth Caerhirfryn
Gweinidog Swyddfa'r Cabinet, y Gemau Olympaidd a'r Tâl-feistr Cyffredinol
Y Gweinidog dros Wyddoniaeth ac Arloesi
Y Gweinidog Gwladol dros Wyddoniaeth ac Arloesi
Y Gweinidog dros Ynni a Newid Hinsawdd
Cynulliad
