Adran
Adrannau
Amgueddfa
Arsyllfa
Asiantaeth
Asiantaethau
Awdurdod
Awdurdod iechyd
Awdurdod iechyd lleol
Awdurdod iechyd rhanbarthol
Awdurdod lleol
Awdurdod rhanbarthol
Banc
Brawdoliaeth
Bwrdd
Canolfan
Cerddorfa
Clinig
Clwb
Clwb cymdeithasol
Coleg
Comisiwn
Côr
Corfforaeth
Criw
Cronfa
Cydffederasiwn
Cyfarpar
Cyfarwyddiaeth
Cym
Cym.
Cymdeithas
Cymdeithas adeiladu
Cymuned
Cynghair
Cynghrair
Cyngor
Eglwys
Eglwys gadeiriol
Ensemble
Ffatri
Ffederasiwn
Grŵp
Gwasanaeth
Gweinidogaeth
Gweinyddiaeth
Gweithwyr
Gwestai
Gwesty
Is-bwyllgor
Labordai
Labordy
Labrodai
Man tâlu
Partneriaeth
Partneriaid
Pedwarawd
Plaid
Polytechnig
Prifysgol
Prifysgol daleithiol
Pwyllgor
Sefydliad
Sefydliadau
Sgwadron
Stordy
Swyddfa
Tribiwnlys
Undeb
Urdd
Warws
Ymddiriedolaeth
Ysbyty
Ysgol
Ysgol uwchradd
Ystad
Ystâd
ADRAN
ADRANNAU
AMGUEDDFA
ARSYLLFA
ASIANTAETH
ASIANTAETHAU
AWDURDOD
AWDURDOD IECHYD
AWDURDOD IECHYD LLEOL
AWDURDOD IECHYD RHANBARTHOL
AWDURDOD LLEOL
AWDURDOD RHANBARTHOL
BANC
BRAWDOLIAETH
BWRDD
CANOLFAN
CERDDORFA
CLINIG
CLWB
CLWB CYMDEITHASOL
COLEG
COMISIWN
CÔR
CORFFORAETH
CRIW
CRONFA
CYDFFEDERASIWN
CYFARPAR
CYFARWYDDIAETH
CYM
CYM.
CYMDEITHAS
CYMDEITHAS ADEILADU
CYMUNED
CYNGHAIR
CYNGHRAIR
CYNGOR
EGLWYS
EGLWYS GADEIRIOL
ENSEMBLE
FFATRI
FFEDERASIWN
GRŴP
GWASANAETH
GWEINIDOGAETH
GWEINYDDIAETH
GWEITHWYR
GWESTAI
GWESTY
IS-BWYLLGOR
LABORDAI
LABORDY
LABRODAI
MAN TÂLU
PARTNERIAETH
PARTNERIAID
PEDWARAWD
PLAID
POLYTECHNIG
PRIFYSGOL
PRIFYSGOL DALEITHIOL
PWYLLGOR
SEFYDLIAD
SEFYDLIADAU
SGWADRON
STORDY
SWYDDFA
TRIBIWNLYS
UNDEB
URDD
WARWS
YMDDIRIEDOLAETH
YSBYTY
YSGOL
YSGOL UWCHRADD
YSTAD
