Affganaidd
Affganiaid
Affricanaidd
Affricanwr Canolog
Albanaidd
Algeraidd
Almaenes
Almaenig
Almaenig Gorllewinol
Almaenwr
Americanaidd
Andoraidd
Andoriaid
Angolaidd
Antigwaidd
Arabaidd Sawdi
Archentaidd
Archentwraig
Aserbaijanaidd
Awstriaidd
Bahamaidd
Bahrainaidd
Bangladeshaidd
Barbadaidd
Belgaidd
Belisaidd
Beninaidd
Bermiwdaidd
Bhwtanaidd
Birmanaidd
Bisawaidd Gini
Bolifïaidd
Bosniaidd
Brasilaidd
Bruneiaidd
Burcinabïaidd
Burcinaidd
Bwlgaraidd
Bwrwndaidd
Byrmanaidd
Caimanaidd
Caledonia Newydd
Cambodiaidd
Camerwnaidd
Canadaidd
Catari
Cazacstanaidd
Ceniaidd
Ciwbäwr
Columbaidd
Congolaidd
Coreaidd
Coreaidd Deheuol
Coreaidd Gogleddol
Coweitaidd
Cymreig
Danaidd
De Affricanaidd
Dominicaidd
Dwyrain-Almaenig
Ecwadoraidd
Eidalwr
Eifftaidd
Eingl
Estonaidd
Ethiopaidd
Fanatawaidd
Feneswalaidd
Ffaroaidd
Ffijïaidd
Ffinaidd
Ffrengig
Ffrengig Polynesaidd
Fietnamaidd
Gaianaidd
Georgaidd
Ghanaidd
Ginïaidd
Ginïaidd Cyhydeddol
Ginïaidd Papua Newydd
Glasynyswr
Grenadaidd
Groegwr
Gwamanaidd
Gwatamalaidd
Gwyddel
Gwyddelig
Haitïaidd
Iforaidd
Indiaidd
Indo
Indonesaidd
Iorddonaidd
Iranaidd
Iseldiraidd
Islandaidd
Israelaidd
Iwgoslafaidd
Jamaicaidd
Laosiaid
Latfaidd
Libaidd
Libanaidd
Liberaidd
Lithwanaidd
Lwcsembwrgaidd
Macawaidd
Malagasaidd
Malawaidd
Maldifaidd
Maleisaidd
Maltaidd
Mawritanaidd
Mecsicanes
Melitaidd
Micronesaidd
Mongolaidd
Montserataidd
Morocaidd
Mosambicaidd
Motswanaidd
Namibiaidd
Nepalaidd
Nicaragwaidd
Nigeraidd
Niue
Norwyaidd
Omanaidd
Pacistanaidd
Panamanaidd
Periwaidd
Philipinaidd
Philipiniaidd
Portiwgalaidd
Prydeinig
Puerto Rica
Pwylaidd
Quebecaidd
Rwandaidd
Rwmanaidd
Rwsaidd
Saeranaidd
Saes
Salfadoraidd
Sambaidd
Samoaidd Americanaidd
Sawdi
Sbaenaidd
Seland Newydd
Senegalaidd
Serbaidd
Siapaneaidd
Sierra Leone
Simbabweaidd
Singaporaidd
Sino
Slofacaidd
Somalaidd
Somoaidd Gorllewinol
Sotho
Sri Lancaidd
St. Lucia
Suisse
Swasi
Swdanaidd
Swedaidd
Swisaidd
Swrinamaidd
Sypriot
Syriaidd
Taiwanaidd
Tajicstanaidd
Tansanaidd
Thai
Tocelawaidd
Togolaidd
Tongaidd
Trigolyn Cape Verdean
Trigolyn Costa Rica
Trigolyn Monaco
Trinidadaidd
Tsaiddaidd
Tsibowtaidd
Tsiecaidd
Tsiecoslofacaidd
Tsieiniaidd
Tsileaidd
Tswanaidd
Twnisaidd
Twrcaidd
Wcreinaidd
Wsbecaidd
Yemenaidd
Ynyswr y Sianel
affganaidd
affganiaid
affricanaidd
affricanwr canolog
albanaidd
algeraidd
almaenes
almaenig
almaenig gorllewinol
almaenwr
americanaidd
andoraidd
andoriaid
angolaidd
antigwaidd
arabaidd sawdi
archentaidd
archentwraig
aserbaijanaidd
awstriaidd
bahamaidd
bahrainaidd
bangladeshaidd
barbadaidd
belgaidd
belisaidd
beninaidd
bermiwdaidd
bhwtanaidd
birmanaidd
bisawaidd gini
bolifïaidd
bosniaidd
brasilaidd
bruneiaidd
burcinabïaidd
burcinaidd
bwlgaraidd
bwrwndaidd
byrmanaidd
caimanaidd
caledonia newydd
cambodiaidd
camerwnaidd
canadaidd
catari
cazacstanaidd
ceniaidd
ciwbäwr
columbaidd
congolaidd
coreaidd
coreaidd deheuol
coreaidd gogleddol
coweitaidd
cymreig
danaidd
de affricanaidd
dominicaidd
dwyrain-almaenig
ecwadoraidd
eidalwr
eifftaidd
eingl
estonaidd
ethiopaidd
fanatawaidd
feneswalaidd
ffaroaidd
ffijïaidd
ffinaidd
ffrengig
ffrengig polynesaidd
fietnamaidd
gaianaidd
georgaidd
ghanaidd
ginïaidd
ginïaidd cyhydeddol
ginïaidd papua newydd
glasynyswr
grenadaidd
groegwr
gwamanaidd
gwatamalaidd
gwyddel
gwyddelig
haitïaidd
iforaidd
indiaidd
indo
indonesaidd
iorddonaidd
iranaidd
iseldiraidd
islandaidd
israelaidd
iwgoslafaidd
jamaicaidd
laosiaid
latfaidd
libaidd
libanaidd
liberaidd
lithwanaidd
lwcsembwrgaidd
macawaidd
malagasaidd
malawaidd
maldifaidd
maleisaidd
maltaidd
mawritanaidd
mecsicanes
melitaidd
micronesaidd
mongolaidd
montserataidd
morocaidd
mosambicaidd
motswanaidd
namibiaidd
nepalaidd
nicaragwaidd
nigeraidd
niue
norwyaidd
omanaidd
pacistanaidd
panamanaidd
periwaidd
philipinaidd
philipiniaidd
portiwgalaidd
prydeinig
puerto rica
pwylaidd
quebecaidd
rwandaidd
rwmanaidd
rwsaidd
saeranaidd
saes
salfadoraidd
sambaidd
samoaidd americanaidd
sawdi
sbaenaidd
seland newydd
senegalaidd
serbaidd
siapaneaidd
sierra leone
simbabweaidd
singaporaidd
sino
slofacaidd
somalaidd
somoaidd gorllewinol
sotho
sri lancaidd
st. lucia
suisse
swasi
swdanaidd
swedaidd
swisaidd
swrinamaidd
sypriot
syriaidd
taiwanaidd
tajicstanaidd
tansanaidd
thai
tocelawaidd
togolaidd
tongaidd
trigolyn cape verdean
trigolyn costa rica
trigolyn monaco
trinidadaidd
tsaiddaidd
tsibowtaidd
tsiecaidd
tsiecoslofacaidd
tsieiniaidd
tsileaidd
tswanaidd
twnisaidd
twrcaidd
wcreinaidd
wsbecaidd
yemenaidd
ynyswr y sianel
