Adran y Trysorlys
Y Trysorlys
Yr Adran Trafnidiaeth
Adran y Wladwriaeth
Yr Adran Llafur
Yr Adran Cyfiawnder
Yr Adran Fewnol
Adran y Priffyrdd
Yr Adran Fewnol
Yr Adran Masnach a Diwydiant
Yr Adran Tai a Datblygu Cymunedol
Yr Adran Iechyd a Gwasanaethau Dynol
Yr Adran Masnach
Yr Adran Amaethyddiaeth
Is-adran Polisi a Gweinyddu Trafnidiaeth
AdAS – Is-adran Dysgu Digidol
Adran 105A (2) Deddf Priffyrdd 1980
Adran 36 Deddf yr NHS (Gofal Sylfaenol) 1997 a Chynlluniau Datblygu Lleol
Adran Actiwari'r Llywodraeth
Adran Addysg a Hyfforddiant y Cynulliad Cenedlaethol
Adran Addysg Ddeintyddol i Raddedigion
Adran Addysg, Diwylliant a'r Gymraeg
Adran Amaethyddiaeth a Datblygu Gwledig Gogledd Iwerddon
Adran Amaethyddiaeth a Materion Gwledig
Adran Amaethyddiaeth Cynulliad Cenedlaethol Cymru
Adran Anweinidogol y Llywodraeth
Adran Astudiaethau Gwybodaeth a Llyfrgellyddiaeth
Adran Caniatâd Adeiladau Rhestredig
Adran Crefydd a Moeseg
adran cychwyn achosion
adran cyfeiriadau
Adran Cyfiawnder Cymdeithasol ac Adfywio
Adran Cyflogaeth a Dysgu Gogledd Iwerddon
Adran Cyfreithwyr y Trysorlys
Adran Cynllunio Dinesig a Rhanbarthol Prifysgol Caerdydd
adran dadansoddi troseddau difrifol
Adran Datblygu Economaidd
Adran Datblygu Economaidd a Thrafnidiaeth
Adran Ddeintyddol Ôl-raddedig
Adran Ddyngarol - Cymorth Cristnogol
Adran Dechnegol Feddygol
adran deulu
Adran Drafnidiaeth Deunydd Ymbelydrol
Adran Enol-wynebol
adran etholiadol
Adran GIG Cymru
adran gorfodi
Adran Gwaith a Phensiynau
Adran Gwaith Cymdeithasol Ysbyty
Adran Gwarantu Credydau Allforio
Adran Gwasanaethau Cenedlaethol
Adran Gwasanaethau Cyhoeddus a Pherfformiad
adran gwasanaethau cymdeithasol
Adran Gwasanaethau Cymdeithasol Cyngor Sir Ceredigion
adran gwasanaethau troseddau
Adran Gwella Gwasanaethau Cyhoeddus
Adran Gwleidyddiaeth Ryngwladol
Adran Gwybodaeth, Strategaeth a Chynllunio
adran gyfredol
adran gyfreithiol
Adran Iechyd y Cyhoedd a'r Proffesiynau Iechyd
Adran Menter, Trafnidiaeth a Dysgu Gydol Oes
Adran Nawdd Cymdeithasol
adran nesaf
adran o'r Llywodraeth
Adran Polisi Cymdeithasol
adran prosesu data
Adran Siawnsri
Adran Swyddogion y Gyfraith
Adran y Prif Weinidog
Adran y Prif Weinidog a Swyddfa’r Cabinet
Adran y Prif Weinidog a'r Cabinet
Adran y Prif Weithredwr
Adran y Prif Wyddonydd
adran ymchwilio i droseddau
Adran yr Amgylchedd
Adran yr Amgylchedd a Datblygu Cynaliadwy
Adran yr Amgylchedd a Materion Gwledig Gweithrediaeth yr Alban
Adran yr Amgylchedd, Bwyd a Materion Gwledig
Adran yr Amgylchedd, Cynaliadwyedd a Thai
Adran yr Amgylchedd, Cynllunio a Chefn Gwlad Cynulliad Cenedlaethol Cymru
Adran yr Arglwydd Ganghellor
Adran yr Economi a Thrafnidiaeth
Adran yr Economi, Gwyddoniaeth a Thrafnidiaeth
Adran yr Ysgrifennydd Parhaol
Adrannau Cymorth Corfforaethol
adrannau etholiadol
adrannau gwasanaethau cymdeithasol
Adrannau Polisi
Adrannau'r Gwasanaethau Canolog
Allgymorth a Secondiadau, Yr Is-adran Bersonél
Apelau i Ynadon o dan Adran 11A Deddf Diogelu'r Amgylchedd 1990 - Tir Halogedig
Asiantaeth Weithredol i Adran yr Amgylchedd, Bwyd a Materion Gwledig
Cofrestr Ryngadrannol o Fusnesau
Coleg Brenhinol y Seiciatryddion, Is-adran Cymru
Colegau Brenhinol Seiciatreg (Is-adran Cymru)
Concordat rhwng yr Adran Addysg a Sgiliau a Chabinet Cynulliad Cenedlaethol Cymru
corff cydadrannol
Corff Cyhoeddus Anadrannol
Corff Cyhoeddus Anadrannol/NDPB
Costau Rhedeg Adrannol
Costau Rhedeg Is-adrannol
creu adran newydd
Cwlwm Gwaith - eich adran, eich llais, eich barn
Cyd-bennaeth yr Is-adran Busnes a Sgiliau
Cydgysylltydd Is-adrannol
cyfadran
Cyfadran Iechyd y Cyhoedd
Cyfadran Iechyd, Chwaraeon a Gwyddoniaeth
Cyfadran Meddygaeth Gofal Dwys
Cyfadran y Celfyddydau a'r Gwyddorau Cymdeithasol
cyfadrannau
Cyfarwyddwr (yr) Adran
Cyfarwyddwr Adran y Prif Weinidog a'r Cabinet
Cyfarwyddwr Cyllid Adran GIG Cymru
Cyfarwyddwr yr Adran Datblygu Busnes
Cyfarwyddwr yr Adran Polisi Cymdeithasol
Cyfarwyddwr yr Is-adran
Cyfarwyddwr yr Is-adran Cynllunio a Strategaeth
Cyfarwyddwr yr Is-adran Rheilffyrdd a Ffyrdd Newydd
Cymdeithas Ymarferwyr Adrannau Llawdriniaeth
Cymorth Adrannol
Cymorth Is-adrannol y Tîm Polisi Coedwigaeth
cymwysyddion adrannol
Cynllun Gwario Adrannol
Cynllun Gweithredu Adrannol
Cynlluniau Gweithredu Adrannol
Cynorthwyydd Gweithredol Pennaeth yr Is-adran Fwyd
Cytundeb Adran 106
datblygu gan Adrannau'r Llywodraeth
Deddf Adran y Trysorlys a'r Adran Archwilio 1921
Deddf Llywodraeth Cymru 1998 Datganiad Adran 86
Deon y Gyfadran Addysg
derbyniadau i adrannau Damweiniau ac Achosion Brys
dileu adran
Dirprwy Bennaeth yr Is-adran Cymwysterau a Dysgu
Dirprwy Bennaeth yr Is-adran Fwyd
Dirprwy Bennaeth yr Is-adran Prosiectau Mawr
Dirprwy Gyfarwyddwr Is-adran Cyllid Llywodraeth Leol
Dirprwy Gyfarwyddwr Is-adran Diwygio'r Gwasanaethau Cyhoeddus
Dirprwy Gyfarwyddwr Is-adran Gwelliant Sefydliadol
Dirprwy Gyfarwyddwr Is-adran Gwerth Cymru, Ystadau a Phrosiectau
Dirprwy Gyfarwyddwr Is-adran Polisi Llywodraeth Leol
Dirprwy Gyfarwyddwr Is-adran y Gymraeg
Dirprwy Gyfarwyddwr yr Is-adran Addysg Uwch
Dirprwy Gyfarwyddwr yr Is-adran Busnes a Sgiliau
Dirprwy Gyfarwyddwr yr Is-adran Cyflawni a Safonau
Dirprwy Gyfarwyddwr yr Is-adran Cymorth i Fusnesau
Dirprwy Gyfarwyddwr yr Is-adran Datblygu Bwyd a'r Farchnad
Dirprwy Gyfarwyddwr yr Is-adran Datblygu Ffermio
Dirprwy Gyfarwyddwr yr Is-adran Democratiaeth, Moeseg a Phartneriaeth
Dirprwy Gyfarwyddwr yr Is-adran Diogelu Iechyd
Dirprwy Gyfarwyddwr yr Is-adran Diogelwch Cymunedol
Dirprwy Gyfarwyddwr yr Is-adran Gwasanaethau Cymdeithasol Plant
Dirprwy Gyfarwyddwr yr Is-adran Gwastraff ac Effeithlonrwydd Adnoddau
Dirprwy Gyfarwyddwr yr Is-adran Gweinyddiaeth Gyhoeddus
Dirprwy Gyfarwyddwr yr Is-adran Gwella Ansawdd, Safonau a Diogelwch
Dirprwy Gyfarwyddwr yr Is-adran Gwella Iechyd
Dirprwy Gyfarwyddwr yr Is-adran Gymunedau
Dirprwy Gyfarwyddwr yr Is-adran Newid yn yr Hinsawdd a Dŵr
Dirprwy Gyfarwyddwr yr Is-adran Polisi Cefn Gwlad
Dirprwy Gyfarwyddwr yr Is-adran Portffolio Hwyluso Llywodraeth
Dirprwy Gyfarwyddwr yr Is-adran Rhwydweithiau a Chynllunio
Dirprwy Gyfarwyddwr yr Is-adran Taliadau Gwledig
Dirprwy Gyfarwyddwr yr Is-adran Trafnidiaeth Integredig
Dirprwy Gyfarwyddwr yr Is-adran Wyddoniaeth
Dirprwy Gyfarwyddwr, Is-Adran Addysg Uwch
Dirprwy Gyfarwyddwr, Is-adran Rheoli'r Rhaglen Trawsnewid
Dirprwy Swyddog Diogelwch Adrannol
Diwygio Lles a Chysylltiadau â’r Adran Gwaith a Phensiynau
Dyfarniadau Hyfforddiant Adrannol
Heddlu
golygu adrannau
Grantiau Twristiaeth Adran 4 - Cyfalaf
Grantiau Twristiaeth Adran 4 - Derbyniadau
Grŵp Gweinidogol Rhyngadrannol
Grŵp Gweinidogol Rhyngadrannol ar Fasnachu Pobl
Gwasanaeth Ar-lein yr Adran Amaethyddiaeth a Datblygu Gwledig
Gwasanaeth Cludo Rhyngadrannol
Is-adran
Is-adran 2 Polisi Gofal Cymdeithasol
Is-adran Addysgu ac Arweinyddiaeth
Is-Adran Adnoddau Dynol (Strategaeth a Newid)
Is-adran Adnoddau Dynol y GIG
Is-Adran Argyfyngau a Diogelwch
Is-adran Ariannu a Chyllid Myfyrwyr
Is-adran Arloesi a Thwf Cynaliadwy
Is-adran Arweiniad Ariannol
Is-adran Atebolrwydd Ariannol
Is-adran Buddsoddi Strategol
Is-adran Buddsoddiadau a Rheoli Corfforaethol
Is-adran Cefn Gwlad
Is-adran Cwricwlwm
Is-adran Cyfalaf ac Ystadau
Is-adran Cyfranogiad Ieuenctid a Disgyblion
Is-adran Cyllid a Gwasanaethau Corfforaethol
Is-adran Cyllid a Gwasanaethau Corfforaethol WEFO
Is-adran Cyllid Myfyrwyr Cymru
Is-adran Cyllid Myfyrwyr, Cyllido a Pholisi Addysg Uwch
Is-adran Cyllid y GIG
Is-adran Cymorth Disgyblion
Is-adran Cymorth i Fusnesau
Is-adran Cymru Ar-lein
Is-adran Cymru Ar-lein/Contract Merlin
Is-adran Cyngor Economaidd
Is-adran Cynllunio a Rheoli Cyllideb y Cynulliad
Is-adran Cynllunio Ariannol
Is-adran Cynllunio, Strategaeth a Chyfathrebu WEFO
Is-adran Cynllunio'r PAC
Is-adran Datblygu Busnes a TGCh
Is-adran Datblygu Bwyd a Ffermio
Is-adran Datblygu Bwyd a Ffermio 3
Is-adran Datblygu Bwyd a'r Farchnad
Is-adran Diogelu Iechyd
Is-adran Diogelu Iechyd y Cyhoedd
Is-adran Diwygio'r Gwasanaethau Cyhoeddus
Is-adran Dyfodol Cynaliadwy
Is-adran Dysgu Ychwanegol a Chynhwysiant
Is-adran e-Gymru
Is-adran Gwaith Maes
Is-adran Gwasanaethau Deintyddol
Is-adran Gwasanaethau Deintyddol Awdurdod Gwasanaethau Busnes y GIG
Is-adran Gwasanaethau Gwybodaeth
Is-adran Gwasanaethau Technegol 2
Is-adran Gweinyddu Ffyrdd
Is-adran Gweithrediadau Datblygu'r Rhwydwaith
Is-adran Gwella Dysgu a Datblygiad Proffesiynol
Is-adran Gwella Gwasanaethau Busnes
Is-adran Gwella Iechyd
Is-adran Gwella Iechyd y Cyhoedd
Is-adran Gwerth Cymru
Is-adran Gyfathrebu
Is-adran Gynllunio
Is-adran Hybu Iechyd
Is-adran Iechyd Anifeiliaid a Phlanhigion
Is-adran Mainc y Frenhines yn yr Uchel Lys
Is-adran Moderneiddio Llywodraeth Leol 1A
Is-adran Perfformiad, Ansawdd a Rheoleiddio
Is-adran Perfformiad, Ansawdd a Rheoleiddio y GIG
Is-adran Plant a Phobl Ifanc
Is-adran Plant a Theuluoedd
Is-adran Plant a Theuluoedd 3
Is-adran Polisi a Datblygu Gwasanaethau Iechyd
Is-adran Polisi Gwasanaethau Cymdeithasol Plant
Is-adran Polisi Hyfforddiant, Sgiliau a Gyrfaoedd
Is-adran Polisi Iechyd Anifeiliaid a Phlanhigion
Is-adran Polisi Iechyd Cymunedol, Gofal Sylfaenol a Gwasanaethau Iechyd
Is-adran Polisi Plant a Theuluoedd
Is-adran Polisi Pobl Hŷn a Gofal Hirdymor
Is-adran Rhaglen Trawsnewid
Is-adran Rhaglenni
Is-adran Rheoli Hysbysrwydd a Gwybodaeth
Is-adran Rheoli Perfformiad
Is-adran Rheoli Rhaglenni
Is-adran Rheoli Rhaglenni WEFO
Is-adran Rheoli'r Polisi Amaethyddol Cyffredin
Is-adran Rheoli'r Rhaglen Trawsnewid
Is-adran Rheoli'r Rhwydwaith Ffyrdd
Is-adran Strategaeth a Gwella Gwasanaethau Cymdeithasol
Is-adran Strategaeth Iechyd y Cyhoedd
Is-adran Trysorlys Cymru
Is-adran y Cabinet
Is-adran y Cabinet a Swyddfa'r Prif Weinidog
Is-adran y Celfyddydau, y Loteri a Chwaraeon
Is-adran y Dwyrain
Is-adran y Gogledd a Menter
Is-adran y Gyfraith
Is-adran y Gymraeg
Is-adran y Môr a Physgodfeydd
Is-adran y Sector Creadigol
Is-adran y Sector Cyllid a Gwasanaethau Proffesiynol
Is-adran y Sector Deunyddiau a Gweithgynhyrchu Uwch
Is-adran y Sector Gwirfoddol a Chynhwysiant
Is-adran y Sector Gwyddorau Bywyd
Is-adran y Sector TGCh a Chymru Ddigidol
Is-adran y Seilwaith Eiddo
Is-adran y Seilwaith TGCh
Is-adran y Strategaeth Plant a Phobl Ifanc
Is-adran y Tir, Natur, Coedwigaeth a'r Môr
Is-adran Ymarfer Deintyddol
Is-adran yr Amgylchedd
Is-adran yr Amgylchedd - Cadwraeth a Rheoli
Is-adran yr Amgylchedd - Diogelu ac Ansawdd
Is-adran yr Ysgrifennydd Parhaol
Is-adran Ystadau a Phrosiectau
Is-adrannau a ymgorfforwyd yn ddiweddar
is-adrannau noddi
Llys Adrannol o'r Uchel Lys
maes cymhwyso adrannol
mewnosod adran
Ôl-ofal o dan Ddeddf Iechyd Meddwl 1983 - Adran 117 Gwasanaethau Ôl-ofal
Ombwdsmon
Pennaeth Adran, Therapi Lleferydd ac Iaith
Pennaeth Busnes Corfforaethol a Llywodraethu Adrannol
Pennaeth Busnes Corfforaethol Adrannol
Pennaeth Cynorthwyol yr Adran Iechyd a Gwasanaethau Cymdeithasol
Pennaeth Diwygio Lles a Chysylltiadau â’r Adran Gwaith a Phensiynau
Pennaeth Dros Dro yr Is-adran
Pennaeth Dros Dro yr Is-adran Cynllunio a Chyllido
Pennaeth Is-adran Cwricwlwm
Pennaeth Is-adran Cymorth Disgyblion 1
Pennaeth Is-adran Cynllunio'r PAC
Pennaeth Is-adran y Cabinet
Pennaeth Is-adran y Sector Gwirfoddol a Chynhwysiant
Pennaeth Is-adran yr Amgylchedd
Pennaeth Is-adran yr Ysgrifennydd Parhaol
Pennaeth Llywodraethu Adrannol
Pennaeth Perfformiad, yr Adran Gwasanaethau Cyhoeddus a Pherfformiad
Pennaeth yr Adran Datblygu Economaidd a Thrafnidiaeth
Pennaeth yr Adran Gwasanaethau Cyhoeddus a Pherfformiad
Pennaeth yr Adran Iechyd a Gofal Cymdeithasol
Pennaeth yr Is-adran
Pennaeth yr Is-adran (Dros Dro)
Pennaeth yr Is-adran Addysgu ac Arweinyddiaeth
Pennaeth yr Is-adran Adnoddau Dynol (Pobl)
Pennaeth yr Is-adran Ariannu a Chyllid Myfyrwyr
Pennaeth yr Is-adran Cefn Gwlad
Pennaeth yr Is-adran Cydraddoldeb, Amrywiaeth a Chynhwysiant
Pennaeth yr Is-adran Cyfalaf ac Ystadau
Pennaeth yr Is-adran Cyfalaf, Ystadau a Chyfleusterau
Pennaeth yr Is-adran Cyllid a Gwasanaethau Corfforaethol
Pennaeth yr Is-adran Cymorth i Ddysgwyr
Pennaeth yr Is-adran Cynllunio a Chyllido
Pennaeth yr Is-adran Datblygu Bwyd a Ffermio
Pennaeth yr Is-adran Datblygu Bwyd, Pysgod a'r Farchnad
Pennaeth yr Is-adran Diogelu ac Ansawdd
Pennaeth yr Is-adran Dysgu Gydol Oes a Darparwyr
Pennaeth yr Is-adran Fwyd
Pennaeth yr Is-adran Gwasanaethau Cymdeithasol Deddfwriaeth a Chyflenwi Darparwyr
Pennaeth yr Is-Adran Gwasanaethau Rheoli
Pennaeth yr Is-adran Gwasanaethau Technegol
Pennaeth yr Is-adran Gwella Dysgu a Datblygiad Proffesiynol
Pennaeth yr Is-adran Iechyd Meddwl a Grwpiau Agored i Niwed/Uwch-swyddog Meddygol
Pennaeth yr Is-adran Llywodraethu Corfforaethol a Sicrwydd
Pennaeth yr Is-adran Materion Cyfansoddiadol a Chymorth Polisi
Pennaeth yr Is-adran Polisi Gofal Cymdeithasol
Pennaeth yr Is-adran Polisi Gwasanaethau Cyhoeddus
Pennaeth yr Is-adran Rheolaeth ac Effeithiolrwydd Ysgolion
Pennaeth yr Is-adran Strategaeth Plant
Pennaeth yr Is-adran Taliadau Gwledig
Pennaeth yr Is-adran Technoleg Adnoddau Dynol
Pennaeth yr Is-adran Wyddoniaeth
Pobl, Lleoedd a Gwasanaethau Corfforaethol - Yr Is-adran Eiddo
Rheoli Costau Rhedeg yr Adran
Rheolwr Adrannol Hysbysrwydd a Gwybodaeth
Rheolwr Adrannol y We
Rheolwr Cymorth Adrannol
Rheolwr Gwerthiant Rhanbarthol, Rhanbarth y De-orllewin, yr Adran Amldymheredd
Rheolwr Integredig yr Adran ar gyfer Briffio ac Areithiau Gweinidogion
Rheolwr Rhaglen (Yr Adran Gyllid)
Rheolwr y We, yr Adran Llywodraeth Leol a Diwylliant
sefydliad cydadrannol
siop adrannol ar gyrion y dref
strategaeth fuddsoddi adrannol
Swyddfa Gydgysylltu yr Is-adran
Swyddog Cofnodion Adrannol
Swyddog Cymorth yr Is-adran
Swyddog Diogelwch Adrannol
Swyddog yr Is-adran Iechyd a Diogelwch
Swyddogion Cyswllt Adrannol
System Rheoli Gwybodaeth Glinigol Adrannau Argyfwng
Taflen Ffeithiau'r Is-adran
Terfyn Gwariant Adrannol
Tîm Busnes Is-adrannol
Uned Busnes y Llywodraeth, yr Is-adran Fenter
Uned Dechnegol Adran yr Amgylchedd, Cynllunio a Chefn Gwlad
Uned Fusnes yr Adran Dyfodol Cynaliadwy
Uned Fusnes yr Adran Gwybodaeth a Gwasanaethau Corfforaethol
Uned Fusnes yr Adran Materion Gwledig
Uned Fusnes yr Is-adran Rheilffyrdd a Ffyrdd Newydd
Uwch-reolwr yn yr Is-adran Strategaeth
Uwch-swyddog Cyswllt yr Adran Gyllid
Uwch-swyddog Technegol Proffesiynol - yr Is-adran Gynllunio
Y Gyfadran Homeopathi
Y Pwyllgor Rhyngadrannol ar Archifau
ymarferydd yr adran lawdriniaethau
Ymchwil a Gwerthuso'r Adran Cyfiawnder Cymdeithasol ac Adfywio
Yr Adran Addysg a Dysgu Gydol Oes
Yr Adran Addysg a Sgiliau
Yr Adran Addysg, Dysgu Gydol Oes a Sgiliau
Yr Adran Addysg, Plant a Phobl Ifanc
Yr Adran Adfywio
Yr Adran Adnoddau Dynol
Yr Adran Amaeth, Bwyd a'r Môr
Yr Adran Amgylchedd, Cynllunio a Chefn Gwlad
Yr Adran Arloesedd, Prifysgolion a Sgiliau
Yr Adran Busnes, Arloesedd a Sgiliau
Yr Adran Busnes, Arloesi a Sgiliau
Yr Adran Busnes, Menter a Diwygio Rheoleiddio
Yr Adran Busnes, Menter, Technoleg a Gwyddoniaeth
Yr Adran Cyfiawnder Cymdeithasol a Llywodraeth Leol
Yr Adran Cyfiawnder Cymdeithasol ac Adfywio
Yr Adran Cyfoeth Naturiol a Bwyd
Yr Adran Cyfoeth Naturiol, Diwylliant a Chwaraeon
Yr Adran Cyllid a Chyflenwi Gwasanaethau Cyhoeddus
Yr Adran Cyllid a Gwasanaethau Corfforaethol
Yr Adran Cyllid a Gweithrediadau
Yr Adran Cymunedau a Llywodraeth Leol
Yr Adran Cymunedau a Threchu Tlodi
Yr Adran Cynaliadwyedd a Datblygu Gwledig
Yr Adran Cynllunio Strategol, Cyllid a Pherfformiad
Yr Adran Datblygu Busnes
Yr Adran Datblygu Economaidd a Thrafnidiaeth
Yr Adran Ddiwylliant
Yr Adran Drafnidiaeth
Yr Adran Dreftadaeth
Yr Adran dros Addysg a Chyflogaeth
Yr Adran dros Ddatblygu Rhyngwladol
Yr Adran dros Ddiwylliant, y Cyfryngau a Chwaraeon
Yr Adran dros Drafnidiaeth, Llywodraeth Leol a’r Rhanbarthau
Yr Adran Dyfodol Cynaliadwy
Yr Adran Farchnata yng Nghymru
Yr Adran Gwaith a Phensiynau
Yr Adran Gwariant Cyhoeddus a Diwygio
Yr Adran Gwasanaethau Corfforaethol
Yr Adran Gwasanaethau Creadigol
Yr Adran Gwasanaethau Cyfreithiol
Yr Adran Gwasanaethau Cyhoeddus a Pherfformiad
Yr Adran Gwella Gwasanaethau Cyhoeddus
Yr Adran Gwybodaeth a Gwasanaethau Corfforaethol
Yr Adran Gyllid
Yr Adran Gymunedau a Llywodraeth Leol
Yr Adran Gynllunio
Yr Adran Hyfforddiant ac Addysg
Yr Adran Iechyd
Yr Adran Iechyd a Gofal Cymdeithasol
Yr Adran Iechyd a Gwasanaethau Cymdeithasol
Yr Adran Iechyd, Gwasanaethau Cymdeithasol a Phlant
Yr Adran Llywodraeth Leol
Yr Adran Llywodraeth Leol a Chymunedau
Yr Adran Llywodraeth Leol a Diwylliant
Yr Adran Llywodraeth Leol a Gwasanaethau Cyhoeddus
Yr Adran Llywodraeth Leol, Cymunedau a Diwylliant
Yr Adran Llywodraeth Leol, Gwasanaethau Cyhoeddus a Diwylliant
Yr Adran Masnach a Diwydiant
Yr Adran Materion Cyfansoddiadol
Yr Adran Materion Cyfansoddiadol, Cydraddoldeb a Chyfathrebu
Yr Adran Materion Gwledig
Yr Adran Materion Gwledig a Threftadaeth
Yr Adran Menter, Arloesi a Rhwydweithiau
Yr Adran Menter, Arloesi a Rhwydweithiau - Technoleg ac Arloesi
Yr Adran Mewnfudo a Chenedligrwydd
Yr Adran Plant, Addysg, Dysgu Gydol Oes a Sgiliau
Yr Adran Plant, Ysgolion a Theuluoedd
Yr Adran Pobl, Lleoedd a Gwasanaethau Corfforaethol
Yr Adran Polisi Strategol, Deddfwriaeth a Chyfathrebu
Yr Adran Sectorau a Busnes
Yr Adran Seilwaith, Cwricwlwm, Cymwysterau a Chymorth i Ddysgwyr
Yr Adran Sgiliau, Addysg Uwch a Dysgu Gydol Oes
Yr Adran Strategaeth
Yr Adran Strategaeth, Cydraddoldeb a Chyfathrebu
Yr Adran Tai ac Adfywio
Yr Adran Twristiaeth a Marchnata
Yr Adran Twristiaeth, Treftadaeth a Chwaraeon
Yr Adran Ynni a Newid Hinsawdd
Yr Is-adran Addysg Bellach
Yr Is-adran Addysg Bellach a Phrentisiaethau
Yr Is-adran Addysg Uwch
Yr Is-adran Adeiladu Adnoddau Dynol
Yr Is-adran Adnoddau Dynol
Yr Is-adran Adnoddau Dynol - Gwasanaethau Arbenigol
Yr Is-adran Adnoddau Dynol - Strategaeth a Newid
Yr Is-adran Adnoddau Dynol (Argyfyngau)
Yr Is-adran Adnoddau Dynol (Cyflenwi)
Yr Is-adran Adnoddau Dynol (Cyfleusterau ac Argyfyngau)
Yr Is-Adran Adnoddau Dynol (Cyfleusterau ac Argyfyngau)
Yr Is-Adran Adnoddau Dynol (Newid)
Yr Is-adran Adnoddau Dynol (Pobl)
Yr Is-adran Adnoddau Dynol (Technoleg)
Yr Is-adran Amaeth – Cynaliadwyedd a Datblygu
Yr Is-adran Amaeth a Materion Gwledig
Yr Is-adran Amaeth, Bwyd a'r Môr
Yr Is-adran Amgueddfeydd, Archifau a Llyfrgelloedd
Yr Is-adran Anghenion Ychwanegol a Chynhwysiant
Yr Is-adran Ansawdd Gofal Iechyd
Yr Is-adran Ardaloedd Lleol a Chymunedau
Yr Is-adran Arloesi
Yr Is-Adran Arweinyddiaeth ac Atebolrwydd
Yr Is-adran Bersonél
Yr Is-adran Busnes a Sgiliau
Yr Is-adran Camddefnyddio Sylweddau a Busnes y Llywodraeth a Busnes Corfforaethol
Yr Is-adran Cartrefi a Lleoedd
Yr Is-adran Chwaraeon, Hamdden Awyr Agored a Thirweddau
Yr Is-adran Cwricwlwm ac Asesu
Yr Is-adran Cwricwlwm ac Asesu 3 - 14
Yr Is-adran Cydraddoldeb a Hawliau Dynol
Yr Is-adran Cydraddoldeb, Amrywiaeth a Chynhwysiant
Yr Is-adran Cyflawni a Pherfformio
Yr Is-adran Cyflawni Polisïau ar gyfer Plant ac Oedolion
Yr Is-adran Cyflenwi a Gweithredu
Yr Is-adran Cyflenwi Adnoddau Dynol
Yr Is-adran Cyflenwi Seilwaith
Yr Is-adran Cyfleoedd Dysgu Ieuenctid ac Oedolion
Yr Is-adran Cyflogadwyedd a Chyllid yr UE
Yr Is-adran Cyflogadwyedd a Sgiliau
Yr Is-adran Cyllid a Gwasanaethau Corfforaethol
Yr Is-adran Cyllid Iechyd a Gofal Cymdeithasol
Yr Is-adran Cyllid Llywodraeth Leol
Yr Is-adran Cyllid Llywodraeth Leol a Pherfformiad Gwasanaethau Cyhoeddus
Yr Is-adran Cyllid Myfyrwyr
Yr Is-adran Cyllid Myfyrwyr ac Ymgysylltu
Yr Is-adran Cyllidebu Strategol
Yr Is-adran Cyllidebu Strategol (Cyllid)
Yr Is-adran Cymorth i Ddysgwyr
Yr Is-adran Cymorth i Fyfyrwyr
Yr Is-adran Cymwysterau a Chwricwlwm 14 - 19
Yr Is-adran Cymwysterau a Dysgu
Yr Is-adran Cymwysterau a Dysgu
Yr Is-adran Cymwysterau Galwedigaethol a Dysgu Gydol Oes
Yr Is-adran Cynaliadwyedd a Thystiolaeth Amgylcheddol
Yr Is-adran Cyngor Economaidd
Yr Is-adran Cynllunio a Chyllido
Yr Is-adran Cynllunio a Gwasanaethau Corfforaethol
Yr Is-adran Cynllunio a Llywodraethu Trafnidiaeth
Yr Is-adran Cynllunio a Strategaeth
Yr Is-adran Cynllunio a Strategaeth Iechyd
Yr Is-adran Cynllunio, Darparu a Chyllido
Yr Is-adran Dadansoddi Cyllidol a Strategaeth
Yr Is-adran Dai
Yr Is-adran Datblygu Busnes
Yr Is-adran Datblygu Bwyd a'r Farchnad - Pysgodfeydd
Yr Is-adran Datblygu Bwyd, Pysgodfeydd a'r Farchnad
Yr Is-adran Datblygu Cynaliadwy, Newid yn yr Hinsawdd a Chynllunio Adnoddau Naturiol
Yr Is-adran Datblygu Dysgu a Rhwydweithiau
Yr Is-adran Datblygu Ffermydd
Yr Is-adran Datblygu Ffermydd a Chynaliadwyedd
Yr Is-adran Datblygu Gofal Plant
Yr Is-adran Datblygu Gwledig
Yr Is-adran Datblygu Polisi ar gyfer Plant ac Oedolion
Yr Is-adran Datblygu Twristiaeth
Yr Is-adran Ddeddfwriaeth a Chefnogi Cyflawni - Gwasanaethau Cymdeithasol
Yr Is-adran Ddeintyddol
Yr Is-adran Deddfwriaeth a Chefnogi Cyflawni - AIGC
Yr Is-adran Democratiaeth Llywodraeth Leol
Yr Is-adran Democratiaeth, Moeseg a Phartneriaeth
Yr Is-adran Deuluoedd
Yr Is-adran Diogelu ac Ansawdd
Yr Is-adran Diogelwch Adrannol
Yr Is-adran Diogelwch Cymunedol
Yr Is-adran Diogelwch, Goleuadau, Gwybodaeth a Chyfathrebu
Yr Is-adran Diwygio’r Cwricwlwm a Her Ysgolion
Yr Is-adran Drawsnewid
Yr Is-adran Dyfodol Tecach
Yr Is-adran Dysgu Digidol
Yr Is-adran Dysgu Gydol Oes
Yr Is-adran Dysgu Gydol Oes a Darparwyr
Yr Is-adran Eiddo
Yr Is-adran Eiddo Busnes a Gwasanaethau Proffesiynol
Yr Is-adran Entrepreneuriaeth a Chyflawni
Yr Is-adran Ewropeaidd a Rhyngwladol
Yr Is-adran Farchnata
Yr Is-adran Feddygol
Yr Is-adran Fenter
Yr Is-adran Fferylliaeth
Yr Is-adran Fferyllol
Yr Is-adran Ffyrdd a Phrosiectau
Yr Is-adran Fwyd
Yr Is-adran Gofal Sylfaenol
Yr Is-adran Gwasanaethau Arbenigol a Phobl
Yr Is-adran Gwasanaethau Busnes
Yr Is-adran Gwasanaethau Corfforaethol
Yr Is-adran Gwasanaethau Cymdeithasol Deddfwriaeth a Chyflenwi Darparwyr
Yr Is-adran Gwasanaethau Gweinidogol
Yr Is-adran Gwasanaethau Pwyllgorau ac Ymchwil yr Aelodau
Yr Is-adran Gwasanaethau Rheoli
Yr Is-adran Gwasanaethau TGCh
Yr Is-adran Gwasanaethau TGCh a Chontractau
Yr Is-adran Gwasanaethau TGCh a Rheoli Contractau
Yr Is-adran Gwasanaethau Ystadegol
Yr Is-adran Gwastraff ac Ansawdd yr Amgylchedd Lleol
Yr Is-adran Gwastraff ac Effeithlonrwydd Adnoddau
Yr Is-adran Gweinyddiaeth Gyhoeddus
Yr Is-adran Gweithredu Argymhellion Adolygiad y Cwricwlwm
Yr Is-adran Gwella Gwasanaethau Cymdeithasol
Yr Is-adran Gwelliant Sefydliadol
Yr Is-adran Gwerthuso Buddsoddiadau a Monitro a Diwydrwydd Dyladwy
Yr Is-adran Gwyliadwriaeth Filfeddygol
Yr Is-adran Gyfathrebu
Yr Is-Adran Gymunedau
Yr Is-adran Iechyd a Gofal Digidol
Yr Is-adran Iechyd Anifeiliaid
Yr Is-adran Iechyd Meddwl a Grwpiau Agored i Niwed
Yr Is-adran Iechyd Meddwl, Grwpiau Agored i Niwed a Throseddwyr
Yr Is-adran Iechyd Sylfaenol a Chymunedol
Yr Is-adran Iechyd y Cyhoedd
Yr Is-adran Lleoedd a Gwasanaethau
Yr Is-adran Llywodraeth Agored a Materion Cyfansoddiadol
Yr Is-adran Llywodraethiant Corfforaethol a Sicrwydd
Yr Is-adran Llywodraethu Ariannol a Phroffesiynoldeb
Yr Is-adran Masnach a  Mewnfuddsoddi
Yr Is-adran Materion Cyfansoddiadol a Chysylltiadau Rhynglywodraethol
Yr Is-adran Materion Ewropeaidd ac Allanol
Yr Is-adran Materion Masnachol a Rheoli Rhaglenni a Phrosiectau
Yr Is-adran Moderneiddio Llywodraeth Leol
Yr Is-adran Newid Gwasanaeth a Thrafnidiaeth
Yr Is-adran Newid yn yr Hinsawdd a Dŵr
Yr Is-adran Nyrsio
Yr Is-adran Penodiadau Cyhoeddus
Yr Is-adran Perfformiad a Gwella
Yr Is-adran Plant, Pobl Ifanc a Theuluoedd
Yr Is-adran Plant, Teuluoedd a Phobl Ifanc
Yr Is-adran Pobl a’r Amgylchedd
Yr Is-adran Polisi a Chyflawni Integreiddio
Yr Is-adran Polisi a Chyllido Addysg Bellach
Yr Is-adran Polisi a Gweinyddu Trethi
Yr Is-adran Polisi a Strategaeth
Yr Is-adran Polisi Amaethyddiaeth a Physgodfeydd
Yr Is-adran Polisi Cefn Gwlad
Yr Is-adran Polisi Cyllid Llywodraeth Leol
Yr Is-adran Polisi Economaidd
Yr Is-adran Polisi Gwastraff ac Ansawdd yr Amgylchedd Lleol
Yr Is-adran Polisi Gwledig
Yr Is-adran Polisi Hyfforddiant, Sgiliau a Gyrfaoedd
Yr Is-adran Polisi Llywodraeth Leol
Yr Is-adran Polisi Sgiliau a Chyflogaeth Ieuenctid
Yr Is-adran Polisi Strategaeth
Yr Is-adran Polisi Tai
Yr Is-adran Polisi Trafnidiaeth
Yr Is-adran Polisi Trethi a Deddfwriaeth
Yr Is-adran Polisi, Cynllunio a Phartneriaethau Trafnidiaeth
Yr Is-adran Portffolio Hwyluso Llywodraeth
Yr Is-adran Prosiectau Mawr
Yr Is-adran Rhaglenni Technoleg Gwybodaeth a Chyfathrebu
Yr Is-adran Rhaglenni TGCh
Yr Is-adran Rheilffyrdd a Ffyrdd Newydd
Yr Is-adran Rheolaeth ac Effeithiolrwydd Ysgolion
Yr Is-adran Rheolaeth Ariannol
Yr Is-adran Rheolaeth Ysgolion
Yr Is-adran Rheoleiddio a Chymwysterau
Yr Is-adran Rheoli Ariannol a Llywodraethu
Yr Is-adran Rheoli Busnes
Yr Is-adran Rheoli Busnes a Gwybodaeth
Yr Is-adran Rheoli Gwybodaeth
Yr Is-adran Rheoli Gwybodaeth a Hysbysrwydd
Yr Is-adran Rheoli Gwybodaeth Iechyd, Technoleg ac Ystadau
Yr Is-adran Rheoli Rhaglenni a Chyllid
Yr Is-adran Rheoli Rhaglenni a Phrosiectau ac Adnoddau
Yr Is-adran Rheoli'r Rhwydwaith
Yr Is-adran Rheoli'r Rhwydwaith Ffyrdd, Y Gyfarwyddiaeth Drafnidiaeth
Yr Is-adran Rhwydweithiau a Chynllunio
Yr Is-adran Safonau a Pherfformiad
Yr Is-adran Safonau Ymarferwyr a Datblygu Proffesiynol
Yr Is-adran Safonau Ysgolion a Chyflawni
Yr Is-adran Safonau, Ansawdd a Llywodraethu
Yr Is-adran Sectorau a Phrosiectau Strategol 
Yr Is-adran Seilwaith
Yr Is-adran Seilwaith a Chyllido
Yr Is-adran Sgiliau Busnes
Yr Is-adran Sgiliau, Busnes a Chyflogadwyedd
Yr Is-adran Strategaeth Arweinyddiaeth a Gwella
Yr Is-adran Strategaeth Plant
Yr Is-adran Systemau Busnes a Gwybodaeth
Yr Is-adran Taliadau Gwledig
Yr Is-adran Technoleg ac Arloesi
Yr Is-adran TGCh
Yr Is-adran Trafnidiaeth Gyhoeddus
Yr Is-adran Trafnidiaeth Gyhoeddus Integredig
Yr Is-adran Trafnidiaeth Integredig
Yr Is-adran Trawsnewid a Phartneriaethau
Yr Is-adran Trechu Tlodi
yr Is-adran Twristiaeth a Marchnata
Yr Is-adran Wyddoniaeth
Yr Is-adran Wyddonol
Yr Is-adran Ymarferwyr
Yr Is-adran Ymarferwyr, y Grŵp Dysgu Uwch
Yr Is-adran Ymchwil Gofal Cymdeithasol ac Iechyd
Yr Is-adran Ymchwil Gymdeithasol
Yr Is-adran Ymchwil Gymdeithasol a Gwybodaeth
Yr Is-adran Ymgysylltu a Chyflogaeth Ieuenctid
Yr Is-adran Ymgysylltu ac Arloesi
Yr Is-adran Ynni a Diwydiant Cynaliadwy Cymru
Yr Is-adran Ynni Cynaliadwy a Chymru Ddiwydiannol
Yr Is-adran Ynni, Dŵr a Llifogydd
Yr Is-adran Ystadau
Yr Uned Ddiogelwch Adrannol
Yr Uned Dechnegol, yr Is-adran Datblygu Bwyd a Ffermio
Yr Uned Diogelwch Adrannol, Diogelwch Gwybodaeth a Hawl i Wybodaeth
Yr Uned Fusnes Adrannol
