Aberthol
Adda
Addolgar
Adwr
Aedd
Alawn
Albanwr
Aled
Alun
Alwin
Alwyn
Amathaon
Amerawdwr
Amhar
Amlawdd
Amren
Amynedd
Amyneddgar
Anarawd
Andras
Andreas
Aneirin
Aneurin
Anfri
Angawdd
Anghrist
Angor
Anwar
Anwas
Anwell
Anwil
Anwill
Anwir
Anwyl
Anwyll
Anynnawg
Anyon
Ardwyad
ArgIwydd
Arian
Arthur
Arthwr
Arval
Arvel
Arvil
Arwystli
Avaon
Awst
Awstin
Badan
Badden
Baddon
Baeddan
Banys
Barris
Beavan
Beaven
Beda
Bedwyr
Bedyw
Bendigeidfran
Berth
Berth
Berwyn
Bevan
Beven
Bevin
Bevon
Bevyn
Blathaon
Bleddyn
Bleidd
Bowen
Brac
Brad
Bradwen
Bradwr
Braen
Bran
Brathach
Brian
Broderick
Brychan
Bryn
Brynmor
Brynn
Brys
BwIch
Cadarn
Cadawg
Caddell
Caddoc
Caddock
Cade
Cadel
Cadell
Cadellin
Caden
Cadi
Cadman
Cadmon
Cadwalader
Cadwaladr
Cadwaladyr
Cadwallader
Cadwallen
Cadwallon
Cadwgawn
Cadwr
Cadwy
Cadyryeith
Caerau
Caerwyn
Cai
Cain
Caio
Caius
Calcas
CaledvwIch
Camedyr
Cant
Caradawg
Caradoc
Caradog
Carey
Carne
Carthage
Carwyn
Cary
Caryl
Cas
Casnar
Cass
Cassian
Cassidy
Casswallawn
Caswallon
Cath
Caw
Cawrdav
Ccri
Ccri
Cedric
Cedrick
Cedrik
Cedrych
Ceithin
Cerdic
Ceredig
Ceretic
CIyde
CIywd
Cledwyn
Clud
Clust
Cnychwr
Coch
Coed
Colwin
Colwyn
Colywnn
Conway
Conwy
Conyn
Craddock
Cradoe
Craig
Crist
Cubert
Culhwch
Culvanawd
Custenhin
Cwrig
Cymry
Cynan
Cynbal
Cynbel
Cynddelw
Cyndeyrn
Cystenian
Cystennin
Dafydd
Dai
Dal
Dalldav
Daned
Daniel
Daryn
Dave
David
Davies
Davy
Davyn
Dee
Delwin
Delwyn
Deverell
Deverril
Dewey
Dewi
Digon
Dilan
Dillan
Dillie
Dillon
Dillus
Dillwyn
Dilwyn
Dirrnyg
Donne
Dover
Drem
Dremidydd
Drew
Druce
Drudwas
Druson
Drych
Drystan
Dryw
Drywsone
Duach
Dylan
Dyllan
Dyllon
Dynawd
Dyvynarth
Dyvyr
Dywel
Earwin
Earwine
Edern
Edmyg
Eiddoel
Eifion
Eiladar
Eilwen
Eilwyn
Einian
Einion
Einwys
Elphin
Elwyn
Emhyr
EmIyn
Emlyn
Emrys
Emyr
Erbin
ErcwIff
Ergyryad
Eriyn
Ermid
Erwin
Erwyn
Eryi
Eudav
Eus
Ev
Evan
Evann
Evans
Evin
Evon
Evrawg
Evyn
Ewan
Fane
Fercos
Fferyll
Fflergant
Fflewdwr
Ffodor
Ffowc
Floyd
Fnam
Folant
Fychan
Fyrsil
Gaenor
Garan
Garanhon
Garanwyn
Gareth
Garnoc
Garnock
Garreth
Garry
Garwyli
Gary
Gavan
Gavin
Gavyn
Gawain
Geraint
Gerontius
Gerwyn
Gethin
Gilbert
Gilvaethwy
GIyn
GIynn
Gleis
Glenn
Glew
Glinyeu
Glyn
Glyn
Glynn
Gobrwy
Goreu
Gormant
Gorsedd
Govan
Govannon
Gower
Gowyr
Granwen
Greid
Griff
Griffen
Griffeth
Griffin
Griffith
Grigor
Groffudd
Gruddyeu
Gruffen
Gruffin
Gruffudd
Gruffyn
Grufydd
Gryphin
Gryphon
Gusg
Gwakhmai
Gwalchmei
Gwalhaved
Gwallawg
Gwallter
Gwarthegydd
Gwawl
Gwayne
Gweir
Gwen
Gwendelyn
Gwenwynwyn
Gwern
Gwernach
Gwevyl
Gwilenhin
Gwilym
Gwitart
Gwrddywal
Gwres
Gwyddawg
Gwydre
Gwydyon
Gwylim
Gwyn
Gwynfor
Gwyngad
Gwynn
Gwyr
Gwystyl
Gwythyr
Hayden
Haydn
Haydon
Heilyn
Howel
Howell
Hu
Huabwy
Huarwar
Hueil
Huey
Hugh
Hughie
Huw
Hydd
Hywel
Iago
Iau
Iddawg
Iddig
Idris
Ifor
Ioan
Iob
Iolo
Iona
Iorwerth
Ithel
Iustig
Ivor
Iwan
Jesstin
Jestin
Jeston
Kai
Kane
Kay
Kei
Keith
Kelli
Kelyn
Ken
Kendric
Kendrick
Kendrik
Kendrix
Kenn
Kenrick
Kenrik
Kent
Kenyon
Kevyn
Kian
Kilydd
Kim
Kimball
Kimble
Kraig
Kyledyr
Kynan
KyndMryn
Kynedyr
Kynlas
Kynon
Kynwal
Kynwyl
Kywrkh
Leoline
Lew
Lewellyn
Llacheu
Llara
Llassar
Llawr
Llevelys
LlewelIyn
Llewellyn
Llewelyn
Lloyd
Lludd
Llundein
Llwybyr
Llwyd
Llwydeu
Llwyr
Llyn
Llyr
Llyweilun
Luc
Lug
Lyn
Lynessa
Mabon
Mabsant
Madawc
Madawg
Maddoc
Maddock
Maddockson
Maddocson
Maddog
Maddox
Madoc
Madog
Mael
Maelgwyn
Maelwys
Mallolwch
Manawydan
March
Marvin
Marvyn
Mathias
Mawrth
Medyr
Meilyg
Meirion
Menw
Mercher
Meredith
Meredydd
Meridith
Merlin
Merlyn
Merrick
Merrion
Merry
Merv
Mervin
Mervyn
Merwyn
Meurig
Mihangel
Mil
Moesen
Morcan
Morcar
Mordwywr
Moren
Morgan
Morgannwg
Morgen
Morthwyl
Morvran
Myrddin
Myrick
Naw
Neb
Neifion
Nerth
Nerthach
Neued
NewIyn
Newlin
NewyddIlyn
Ninian
Nissyen
Nye
Nynnyaw
Odgar
Ofydd
Ol
Olwydd
Ondyaw
Oswallt
Owain
Owein
Owen
Owin
Owyn
Owynn
Padrig
Pany
Parry
Pedr
Peissawg
Pembroke
PenIlyn
Penn
Penvro
Peredur
Perry
Plys
Powell
Preece
Price
Pryderi
Prydwen
Puw
Pwyll
Pyrs
Reece
Rees
Reese
Ren
Renfrew
Rheged
Rhett
Rhinffrew
Rhioganedd
Rhisiart
Rhobert
Rhun
Rhuvawn
Rhyawdd
Rhychdir
Rhyd
Rhys
Rice
Romney
Rumenea
Ryn
Sadwm
Saer
Saith
Sayer
Sayers
Sayre
Sayres
Seith
Sel
Selwyn
Selyf
Selyv
Siarl
Siawn
Siencyn
Sinnoch
Sion
Sior
Steffan
Steffen
Steffon
Sugyn
Sulyen
Syvwkh
Tad
Tadd
Taffy
Taliesin
Talyessin
Taren
Tarran
Tarrant
Taryn
Teithi
Teregud
Tewdwr
Timotheus
Tomos
Trahaym
Trahern
Tramaine
Traveon
Travion
Trefor
Tremain
Tremaine
Tremayne
Tremen
Trent
Trev
Trevan
Trevelian
Trevelyan
Treven
Trevian
Trevion
Trevls
Trevonn
Trevor
Trevyn
Tringad
Tristan
Tristram
Tristyn
Trynt
Trystan
Tudor
Twm
Twrgadarn
Tywysog
Uchdryd
Vaddon
Vaughan
Vaughn
Vonn
Vontell
Vorath
Vychan
Wadu
Waljan
Win
Winn
Winnie
Wmffre
Wren
Wyn
Wynn
Wynne
