A. K. Erlang
Aage Bohr 
Aage Oxenvad 
Abel
Abel Schroeder the Younger 
Abraham Kurland
Ada Adler 
Adam August Müller 
Adam Duvaa Hall
Adam Fischer 
Adam Gottlob Oehlenschläger 
Afenginn
Aksel Bender Madsen 
Aksel Hansen
Albert Bertelsen 
Albert Gottschalk 
Alexandra of Denmark
Alhed Larsen 
Allan Nielsen
Allan Simonsen
Amir El-Falaki
Anders Bircow
Anders Bundgaard 
Anders Fogh Rasmussen
Anders Frandsen
Anders Hejlsberg
Anders Lassen
Anders Matthesen 
Anders Thomas Jensen
Andrea Elisabeth Rudolph
Andreas Aagesen 
Andreas Hallander 
Andreas Jeppe Iversen 
Anila Mirza 
Anine Bing
Anine Frölich 
Anja Andersen
Anker Joergensen
Anna Baard 
Anna David
Anna Maria Indrio 
Anna Syberg 
Anne Linnet
Anne Marie Carl-Nielsen 
Anne of Denmark 
Annika Hansen
Antoine de Bosc de la Calmette 
Anton Dorph 
Anton Melbye 
Arild Rosenkrantz 
Arne Jacobsen 
Arne Vodder 
Arnold Peter Moeller 
Asbjoern Riis
Asger Jorn 
Asger Skovgaard Ostenfeld 
Asta Nielsen 
Astrid Kruse Jensen 
Astrid Noack 
August Blom 
August Bournonville 
Axel Berg
Axel Olrik 
Axel P. Jensen 
B.S. Christiansen
Bamses Venner
Barclay Raunkiaer 
Bendt Bendtsen
Benedict Nordentoft 
Benedicte Wrensted 
Bengt Strömgren 
Bent Erik Soerensen 
Bent Fabricius-Bjerre
Bent Flyvbjerg
Bent Larsen
Bent Soerensen
Beowulf
Bertel Thorvaldsen 
Biker-Jens
Bille August 
Birthe Kjaer
Birthe Neumann
Birthe Wilke
Bjarke Ingels 
Bjarne Pedersen
Bjarne Riis
Bjarne Stroustrup 
Bjarne Tromborg
Bjoern Lomborg
Black Rose
Bodil Ipsen 
Bodil Ipsen 
Bodil Kjaer 
Bodil Kjer 
Boerge Mogensen 
Brian Laudrup
Brian Mikkelsen
Brian Nielsen
Brigitte Nielsen
Bryan Rice
C21
Camilla Dallerup 
Camilla Martin
Camilla Ottesen
Canute III
Canute IV
Canute the Great
Canute V
Canute VI
Carl Dahl 
Carl Erik Soya 
Carl Frederik Soerensen 
Carl Frederik Tietgen 
Carl Nielsen 
Carl Peter Henrik Dam 
Carl Ryder 
Carl Theodor Dreyer
Carl-Henning Pedersen
Carlo Wieth
Caroline Halle-Müller 
Caroline Henderson
Caroline Wozniacki
Carpark North
Caspar Bartholin the Elder 
Caspar Bartholin the Younger 
Caspar Frederik Harsdorff 
Caspar Wessel 
Casper Christensen 
Catharina Svensson
Cecilie Thomsen
Charles Buchwald
Charles E. Soerensen 
Christen C. Raunkiaer 
Christen Koebke 
Christian August Lorentzen 
Christian Falster 
Christian Frederik Hansen 
Christian Hansen 
Christian Hedemann 
Christian I
Christian II
Christian III
Christian IV
Christian IX
Christian Jungersen 
Christian Jürgensen Thomsen
Christian Jürgensen Thomsen 
Christian Moelsted 
Christian Poulsen
Christian V
Christian VI
Christian VII
Christian VIII
Christian X
Christian Zacho 
Christine Loevmand 
Christine Milton
Christine Swane 
Christoffer Wilhelm Eckersberg
Christopher Ernst Friedrich Weyse
Christopher I
Christopher II
Christopher of Bavaria
Claudius Clavus 
Claus Bjoern Larsen 
Claus Meyer 
Claus Norreen
Connie Nielsen
Conrad Malte-Brun 
Conrad Malte-Brun 
Constantin Brun 
Constantin Hansen 
Dan I of Denmark
Dan Turéll 
Dani Beck
Daniel Agger
David Heinemeier Hansson
Debbie Cameron
Degn Broendum 
Didrik Pining 
Dieterich Buxtehude 
Dirch Passer
DJ Encore
Dominus
Dorte Mandrup-Poulsen 
DQ
Dr. Ivan Osier
Drengene fra Angora
Ebba Thomsen 
Ebbe Nielsen 
Ebbe Skovdahl
Eddie Klint
Efterklang
Eigil Knuth
Einar Hein 
Ejler Bille 
Ejnar Hertzsprung 
Ejnar Mikkelsen 
Eli Fischer-Joergensen 
Ellen Osiier
Elsa Soerensen
Else Alfelt 
Emanuel Larsen 
Emil Baerentzen 
Emil Christian Hansen 
Emil Normann 
Emmelie de Forest
Envelope
Eric I
Eric II
Eric III
Eric IV
Eric of Pomerania
Eric V
Eric VI
Erik Balling 
Erik Bruhn 
Erik Gundersen
Erik Holtved
Erik Holtved 
Erik Ninn-Hansen
Erik Ortvad 
Ernst Immanuel Cohen Brandes 
Eskild Ebbesen
Eugen Warming 
Eva Koppel 
Evald Tang Kristensen 
Ferdinand Meldahl 
Finn Andersen
Finn Juhl 
FP Jac 
Frank Aaen
Frank Andersen 
Frank Hvam 
Frank Jensen
Frans Blom 
Frans Nielsen
Frants Henningsen 
Frede Jensen 
Frederick I
Frederick II
Frederick III
Frederick IV
Frederick IX
Frederick V
Frederick VI
Frederick VII
Frederick VIII
Frederik Christian Lund 
Frederik Loechte Nielsen
Frederik Magle
Frederik Magle
Frederikke Federspiel 
Fredrik Bajer
Freja Beha Erichsen
Fritz Syberg 
Frotho I Mythological king of Denmark 
Frotho II Mythological king of Denmark 
Georg Brandes 
Georg Emil Hansen 
Georg Jensen 
Georg Mohr 
George I of Greece
Gerhard Henning 
Gertrud Vasegaard 
Gertrude
Ghita Noerby
Gitte Hanspal
Godske Lindenov 
Gorm the Old
Gottfred Eickhoff 
Grete Jalk 
Grethe Ingmann
Gry Bay 
Gunnar Nielsen
Gunnar Westman 
Gus Hansen
Gus Hansen
Gustav Frederik Holm 
Gustav Winckler
Hanne Kjaerholm 
Hans Andersen
Hans Christian Andersen 
Hans Christian Gram 
Hans Christian Lumbye
Hans Christian Oersted 
Hans Egede
Hans Holst 
Hans J. Wegner 
Hans Joergen Hammer 
Hans Kirk 
Hans Niels Andersen 
Hans Nielsen
Hans Olsen 
Hans Pothorst 
Hans Smidth 
Harald Bluetooth
Harald Bohr
Harald Bohr 
Harald Hoeffding 
Harald II
Harald III
Harald Leth 
Harald Moltke 
Hatesphere
Heidi Albertsen
Heinrich Christian Friedrich Schumacher 
Heinrich Dohm 
Heinrich Eddelien 
Heinrich Hansen 
Heinrich Louis d'Arrest
Heinrich Toennies 
Helena Christensen
Helle Thorning Schmidt
Helle Thorning-Schmidt
Henning Frederik Feilberg 
Henning Holck-Larsen and Soeren Kristian Toubro
Henning Kronstam
Henning Larsen
Henrik Kurt Carlsen
Henrik Pontoppidan
Henry Heerup 
Herman Wilhelm Bissen 
Hermann Ernst Freund 
Hjalte Flagstad
Holger Danske
Holger Juul Hansen
Holger K. Nielsen
Holger Pedersen 
Hurdy Gurdy
Húsakórið 
Ib Schoenberg
Iben Hjejle 
Ida Corr
Inga Nielsen 
Inge Lehmann 
Ingeborg of Denmark 
Ingeborg Spangsfeldt
Inger Exner 
Inger Stender 
Israel B. Melchior 
J. C. Jacobsen 
Jacob Aue Sobol 
Jacob B. Winsloew 
Jacob Broennum Scavenius Estrup 
Jacob Dacian
Jacob Gade
Jacob Holdt 
Jacob Holdt 
Jacob Jensen 
Jacob Kjaer 
Jacob Riis 
Jais Nielsen 
Jakob Martin Strid 
Jakob Nielsen 
Jakob Nielsen 
Jakob Sveistrup
Jan Gehl 
Jan Gintberg 
Jan Grarup 
Jan Magnussen
Jan Moelby
Jan O. Pedersen
Jan Utzon 
Jannik Hansen
Janus Friis
Jean Hersholt 
Jens Adolf Jerichau 
Jens Christian Kofoed 
Jens Christian Skou
Jens Fink-Jensen 
Jens Immanuel Baggesen 
Jens Jacob Asmussen Worsaae 
Jens Jensen 
Jens Juel 
Jens Martin Knudsen 
Jens Martin Skibsted 
Jens Munk
Jens Okking
Jeppe Curth
Jeppe Hein 
Jeppe Laursen
Jesper Bank
Jesper Christensen
Jesper Groenkjaer
Jesper Hoem 
Jesper Knudsen 
Jesper Skibby
Jette Torp
Jochem Pietersen Kuyter 
Johan Christian Fabricius 
Johan Frederik Classen 
Johan Laurentz Jensen 
Johan Ludvig Emil Dreyer 
Johan Martin Quist 
Johan Nicolai Madvig 
Johanne Schmidt-Nielsen
Johannes Andreas Grib Fibiger
Johannes Exner 
Johannes Juul 
Johannes Larsen 
Johannes Nicolaus Broensted 
Johannes Schmidt
Johannes Sloek 
Johannes Wiedewelt 
John Hahn-Petersen
John I
John Koerner 
John Mogensen
Jokeren
Jon Dahl Tomasson
Jonas Raun
Jonas Schmidt
Joergen de Mylius
Joergen Gammelgaard 
Joergen Haugen Soerensen 
Joergen Ingmann
Joergen Joergensen
Joergen Kastholm 
Joergen Leth
Joergen Pedersen Gram
Joergen Ringnis 
Joergen Rischel linguist
Joergen Skafte Rasmussen 
Joern Utzon 
Julie Berthelsen
Julie Lund 
Julius Petersen 
Kai Nielsen 
Kaj Gottlob 
Karen Blixen 
Karen Clemmensen 
Karl Dane 
Karl Madsen 
Karl Stegger
Karl Verner 
Kashmir
Kasper Salto 
Katja K
Katja K 
Katja Kean
Kay Bojesen 
Keld Helmer-Petersen 
Kenneth Bjerre
Kenneth Carlsen
Kim Andersen 
Kim Larsen
Kim Milton Nielsen
Kim Ryholt philologist and egyptologist
Kim Utzon 
King Claudius
King Diamond 
King Hamlet
Kira Eggers
Kirsten Klein 
Kirsten Rolffes
Klaus Bondam
Kliché
Klutae
Knud Ejler Loegstrup 
Knud Jeppesen 
Knud Nellemose 
Knud Olsen
Knud Rasmussen 
Knud V. Engelhardt 
Koelig Kaj
Krass Clement 
Kristen Feilberg 
Kristian Thulesen Dahl
Kurt Oestervig 
Kurt Trampedach
Laid Back
Lars Bo 
Lars Bom
Lars Eller
Lars Frederiksen
Lars Hannibal
Lars Hjortshoej 
Lars Kruse 
Lars Loekke Rasmussen
Lars Schwander 
Lars Ulrich 
Lars von Trier 
Lars Winther
Lasse Norman Hansen
Lasse Rimmer 
Lau Lauritzen Jr. 
Leif Schiller 
Lene Espersen
Lene Hau 
Lene Koeppen
Lene Tranberg 
Lertchai Treetawatchaiwong
Lina Rafn
Lisbeth Balslev
Lisbeth Cathrine Amalie Rose 
Lise Roel 
Lone Scherfig 
Lone Wiggers 
Lonnie Devantier
Lorentz Joergensen 
Louis Hjelmslev 
Louise Frevert
Louise Pedersen
Ludvig Grundtvig 
Ludvig Holberg 
Ludvig Mylius-Erichsen 
Mads Alstrup 
Mads Clausen
Mads Mikkelsen
Mads Vangsoe
Maersk Mc-Kinney Moeller 
Magnus the Great
Majken Haugedal
Malene Hauxner 
Malene Mortensen
Malk de Koijn
Margrethe I 
Margrethe II 
Margrethe Vestager
Maria Feodorovna
Maria Gregersen
Marianne Jelved
Marie Gudme Leth 
Martin Andersen Nexoe 
Martin Joergensen
Martin Kampmann
Martin Laursen
Martin Lindstrom 
Martinus Roerbye 
Martinus Thomsen 
Mary Steen 
Mary Willumsen 
Mathias Lauridsen
May Andersen
MC Einar
Medina 
Merete Barker 
Mette Frederiksen
Mia Lyhne
Mia Rosing
Michael Elmgreen 
Michael Elo
Michael Laudrup
Michael Rasmussen
Michala Petri
Michel Michaud 
Mikael Salomon
Mike Tramp 
Mikkel Boedker
Mikkel Kessler
Miklos Molnar
Miss Papaya
Mogens Lassen 
Mogens Lykketoft
Moritz Georg Moshack 
Morten Andersen
Morten Bo 
Morten Frost
Morten Grunwald
Morten Lindberg
Morten Olsen
Morten Schjolin
Morten Stig Christensen
N. F. S. Grundtvig 
Naser Khader
Natasja Crone Back
Natasja Saad
Nicholas Pettas
Nicki Pedersen
Nicolai Frahm
Nicolas Kiesa
Nicolas Steno / Niels Stensen 
Nicolas Winding Refn
Niels
Niels A. Lassen
Niels Bohr 
Niels Fredborg
Niels Holst-Soerensen
Niels Ingwersen 
Niels Kaj Jerne
Niels Ryberg Finsen 
Niels W. Gade
Niels-Henning Oersted Pedersen
Nik og Jay
Nikolaj Abraham Abildgaard 
Nikolaj Coster-Waldau
Nikolaj Hubbe 
Nikolaj Lie Kaas
Nilas Martins 
Nils Malmros
Nina Agdal
Olaf Foenss 
Olafur Eliasson
Ole Bornedal
Ole Henriksen 
Ole Kirk Christiansen 
Ole Laursen
Ole Olufsen 
Ole Ritter
Ole Roemer 
Ole Worm 
Oliver Bjerrehuus
Oluf I
Oluf II
Orla Moelgaard-Nielsen 
Other notables[edit]
Otto Jespersen 
Ove Arup 
Ove Sprogoee
Palle Jacobsen 
Palle Soerensen
Paprika Steen
Paul Elvstroem
Paul Hoem 
Peder Gram 
Peder Olsen Walloee 
Peder Severin Kroeyer 
Per Bak Jensen 
Per Fly
Per Kirkeby 
Per Noergaard
Per Stig Moeller
Pernille Rosenkrantz-Theil
Peter Adler Alberti
Peter Andreas Hansen 
Peter Brandes 
Peter Brixtofte
Peter Elfelt 
Peter Faber 
Peter Freuchen 
Peter Gade
Peter Glob 
Peter Hansen 
Peter Hersleb Classen 
Peter Hoeeg
Peter Hvidt 
Peter Ilsted 
Peter Lundin
Peter Martins 
Peter Naur 
Peter Oluf Broendsted 
Peter Regin
Peter Schmeichel
Peter Wilhelm Lund 
Philip Larsen
Pia Kjaersgaard
Piet Hein
Piet Hein 
Piet Hein 
Pietro Boyesen 
Poul Bundgaard
Poul Henningsen 
Poul Lange graphic designer
Poul Nyrup Rasmussen
Poul Popiel
Poul Reichhardt
Poul Simon Christiansen 
Poul-Erik Hoeyer Larsen
Povl Soendergaard 
Preben Arentoft
Preben Elkjaer
Prince Christian of Denmark 
Prince Felix of Denmark 
Prince Hamlet
Prince Nikolai of Denmark 
Princess Marie of Denmark 
Queen Anne-Marie of Greece 
Queen Magrethe II
Ragna Grubb 
Rasmus Bartholin 
Rasmus Bjerg
Rasmus Bjerg 
Rasmus Kofoed 
Rasmus Lerdorf
Rasmus Lerdorf
Rasmus Lerdorf
Rasmus Noehr
Rasmus Rask
Rasmus Seebach
Rasmus Sigvardt 
René Dif
René Redzepi 
Renee Simonsen
Richard Mortensen 
Rigmor Andersen
Rigmor Mydtskov 
Robert Jacobsen 
Rolf Soerensen
Rudolph Rothe 
Rudolph Striegler 
Rune Glifberg
Rune Klan
Rune RK
Sandi Toksvig
Sanne Salomonsen
Saxo Grammaticus
Schack August Steenberg Krogh
Sebastian
Sharin Foo
Sigurd Swane 
Sigvart Werner 
Simon Kjaer
Simon Kvamm 
Simon Ravn
Skaermtrolden Hugo
Soluna Samay
Sophie of Mecklenburg-Güstrow 
Soeren Hjorth 
Soeren Kierkegaard 
Soeren Nystroem Rasted
Soeren Peder Lauritz Soerensen 
Soeren Pilmark
Steen Eiler Rasmussen 
Stein Bagger
Stig Toefting
Sune Rose Wagner
Susanne Bier 
Susanne Georgi
Susanne Ussing 
Suzanne Broegger 
Sven and Lene Groenlykke
Sven Havsteen-Mikkelsen 
Sven-Ole Thorsen
Svend Auken
Svend Pri
Svend Rathsack 
Svend Wiig Hansen 
Sweyn I
Sweyn II
Sweyn III
Tal R 
Tania Strecker
Theophilus Hansen 
Therkel Mathiassen 
Thit Jensen 
Thomas Bartholin 
Thomas Dam
Thomas Eje
Thomas Fincke 
Thomas Gravesen
Thomas Helveg
Thomas Soerensen
Thomas Troelsen
Thomas Vilhelm Garde 
Thomas Vinterberg 
Thorald Brendstrup 
Thorvald Ellegaard
Thorvald N. Thiele 
Thorvald Niss 
Thorvald Soerensen
Thorvald Stauning
Thumbelina
Thure Lindhardt 
Tim Bollerslev 
Tim Christensen
Timothy Jacob Jensen 
Tina Dickow
Tom Kristensen
Tommy Seebach
Tove Ditlevsen 
Tycho Brahe 
Ulf Pilgaard
Ulrich Thomsen
Una Canger linguist
Valdemar I
Valdemar II
Valdemar III
Valdemar IV Atterdag
Valdemar Poulsen 
Valdemar Psilander 
Victor Borge 
Viggo Johansen 
Viggo Mortensen 
Viggo Rivad 
Viggo Wiehe
Vilhelm Dahlerup 
Vilhelm Hammershoei 
Vilhelm Lauritzen 
Vilhelm Lundstroem 
Vilhelm Theodor Walther 
Vilhelm Thomsen 
Vilhelm Wohlert 
Ville Jais-Nielsen 
Villy Soerensen 
Villy Soevndal
Vitus Bering 
Whigfield
Wilhelm August Graah 
Wilhelm Bendz 
Wilhelm Freddie 
Wilhelm Johannsen 
Wilhelm Marstrand
Willi Dansgaard 
William S. Knudsen
William Scharff 
Willy Oerskov 
Yildiz Akdogan
Yutte Stensgaard
Zindy Laursen
