Hovedstadsomraadet
Aarhus
Odense
Aalborg
Esbjerg
Randers
Kolding
Horsens
Vejle
Roskilde
Herning
Helsingoer
Hoersholm
Silkeborg
Naestved
Fredericia
Viborg
Koege
Holstebro
Taastrup
Slagelse
Hilleroed
Soenderborg
Holbaek
Svendborg
Hjoerring
Frederikshavn
Noerresundby
Ringsted
Haderslev
Oelstykke-Stenloese
Skive
Birkeroed
Maaloev-Smoerumnedre
Skanderborg
Farum
Nyborg
Nykoebing F
Kalundborg
Lilleroed
Aabenraa
Frederikssund
Solroed Strand
Ikast
Middelfart
Grenaa
Korsoer
Roenne
Varde
Vaerloese
Thisted
Nakskov
Broenderslev
Frederiksvaerk
Dragoer
Vordingborg
Hobro
Hedehusene-Floeng
Odder
Hedensted-Loesning
Haslev
Struer
Lystrup
Jyllinge
Ringkoebing
Grindsted
Vejen
Humlebaek
Nykoebing M
Saeby
Hundested
Fredensborg
Skagen
Ribe
Beder-Malling
Aars
Helsinge
Hadsten
Soroe
Galten-Skovby
Nivaa
Skjern
Vojens
Toender
Bjerringbro
Ebeltoft
Hinnerup
Faaborg
Lemvig
Hoerning
Bramming
Stoevring
Brande
Loegten-Skoedstrup
Svenstrup
Hammel
Slangerup
Gilleleje
Nordborg
Skaelskoer
Billund
Roedekro
Hirtshals
Assens
Maribo
Kerteminde
Ry
Ringe
Munkebo
Hellebaek-Aalsgaarde
Aabybro
Hornslet
Hornbaek-Dronningmoelle
Nibe
Nykoebing S
Tune
Vamdrup
Otterup
Fensmark
Boerkop
Hadsund
Kjellerup
Maarslet
Bellinge
Viby S
Sakskoebing
Rudkoebing
Give
Broerup
Klarup
Padborg
Strib
Videbaek
Vodskov
Svogerslev
Hoeng
Loegstoer
Borup
Graasten
Jyderup
Jaegerspris
Sunds
Lynge-Uggeloese
Tarm
Vildbjerg
Langeskov
Kirke Hvalsoe
Havdrup
Dianalund
Stroeby Egede
Svejbaek
Oelgod
Juelsminde
Faxe
Stege
Praestoe
Hjallerup
Bogense
Toelloese
Aarslev
Harlev
Nexoe
Loegumkloster
Graested
Braedstrup
Gistrup
Solbjerg
Frederiksberg
Assentoft
Jelling
Taulov
Fjerritslev
Broager
Virklund
Dronninglund
Storvorde
Farsoe
Hjortshoej
Toftlund
Store Heddinge
Augustenborg
Thuroe By
Glamsbjerg
Skibby
Aulum
Aarup
Vissenbjerg
Vinderup
Holsted
Sindal
Skaerbaek
Soendersoe
Hvide Sande
Lunderskov
Koebenhavn
Silkeborg
Hornslet
Horsens
Soenderborg
Nakskov
Maribo
Vejle
Hvidovre
Husum
Lyngby
Bramming
Aarslev
Maaloev
Stubbekoebing
Tingsted