Aegypten
Aekvatorialguinea
Afghanistan
Albanien
Algeriet
Amerikansk Samoa
Andorra
Angola
Antigua og Barbuda
Argentina
Armenien
Aserbajdsjan
Australien
Bahamas
Bahrain
Bangladesh
Barbados
Belarus
Belgien
Belize
Benin
Bermuda
Bhutan
Bolivia
Bosnien-Hercegovina
Botswana
Brasilien
Britisk Guyana
Britisk Honduras
Brunei
Bulgarien
Burkina Faso
Burma
Burundi
Cambodja
Cameroun
Canada
Ceylon
Chad
Chile
Colombia
Comorerne
Costa Rica
Côte d'Ivoire
Cuba
Cypern
Danmark
De Forenede Arabiske Emirater
De Palaestinensiske Selvstyreomraader
Demokratiske Republik Congo
Den Centralafrikanske Republik
Den Demokratiske Folkerepublik Korea
Den Demokratiske Republik Congo
Den Dominikanske Republik
Den Slovakiske Republik
Den Tjekkiske Republik
Departementet Fransk Guyana
Det Forenede Kongerige Storbritannien og Nordirland
Djibouti
Dominica
DPRK
Ecuador
Egypten
El Salvador
Elfenbenskysten
Ellice Island
England
Eritrea
Estland
Etiopien
Faeroeerne
Fiji
Filippinerne
Finland
Foederale statsforbund Mikronesien
Forenede Arabiske Emirater
Formosa
Frankrig
Fransk Guyana
Gabon
Gambia
Georgien
Ghana
Graekenland
Grenada
Groenland
Guatemala
Guinea
Guinea-Bissau
Guyana
Haiti
Holland
Hollandsk Guyana
Honduras
Hviderusland
Indien
Indonesien
Irak
Iran
Irland
Island
Israel
Italien
Jamaica
Japan
Jordan
Kap Verde
Kasakhstan
Kenya
Kina
Kirgisistan
Kiribati
Kosovo
Kroatien
Kuwait
Laos
Lesotho
Letland
Libanon
Liberia
Libyen
Liechtenstein
Litauen
Luxembourg
Madagaskar
Makedonien
Malawi
Malaysia
Maldiverne
Mali
Malta
Marokko
Marshalloeerne
Mauretanien
Mauritius
Mesopotamien
Mexico
Mikronesien
Mikronesiens Forenede Stater
Moldova
Monaco
Mongoliet
Montenegro
Mozambique
Myanmar
Myanmar Unionens Republik
Namibia
Nauru
Nederlandene
Nederlandske Antiller
Nepal
New Zealand
Nicaragua
Niger
Nigeria
Niue
Nordkorea
Norge
Oman
Oestpakistan
Oestrig
Oesttimor
Pakistan
Palaestina
Palau
Panama
Papua Ny Guinea
Paraguay
Persien
Peru
Pitcairn
Polen
Portugal
Puerto Rico
Qatar
Republikken Congo
Republikken Korea
Rumaenien
Rusland
Rwanda
Saint Kitts og Nevis
Saint Lucia
Saint Vincent og Grenadinerne
Salomonoeerne
Samoa
Samoa
San Marino
Sao Tomé og Principe
Saudi-Arabien
Schweiz
Senegal
Serbien
Seychellerne
Siam
Sierra Leone
Singapore
Slovakiet
Slovenien
Somalia
Spanien
Sri Lanka
Storbritannien
Sudan
Surinam
Sverige
Swaziland
Sydafrika
Sydkorea
Sydsudan
Syrien
Tadsjikistan
Tjajikistan
Taiwan
Tanzania
Tchad
Tchad
Thailand
Tjekkiet
Togo
Tonga
Trinidad og Tobago
Tunesien
Turkmenistan
Tuvalu
Tyrkiet
Tyskland
Uganda
UK
Ukraine
Ungarn
Uruguay
USA
Usbekistan
Uzbekistan
Vanuatu
Vatikanstaten
Venezuela
Vestsahara
Vestsamoa
Vietnam
Yemen
Zaire
Zambia
Zimbabwe