AaB Aalborg
AC Horsens
Broendby IF
Esbjerg fB
F.C. Copenhagen
FC Midtjylland
FC Nordsjaelland
Lyngby BK
OB Odense
Randers FC
Silkeborg IF
SoenderjyskE
AGF Aarhus
AB Copenhagen
Broenshoej BK
FC Fredericia
FC Fyn
FC Hjoerring
FC Roskilde
FC Vestsjaelland
HB Koege
Hobro IK
Hvidovre IF
Kolding FC
Naestved BK
Skive IK
Vejle BK
Viborg FF
Aarhus Fremad
B 1908
Blokhus FC
Brabrand IF
FC Djursland
FC Svendborg
Holstebro BK
Lindholm IF
Middelfart G&BK
Naesby BK
Otterup B&I
Rishoej BK
Skovbakken IK
Thisted FC
Tjoerring IF
Varde IF
Alleroed FK
B.93
BGA
BK Avarta
BK Skjold
BK Soelleroed-Vedbaek
BSF
Elite 3000
Frederikssund IK
Greve Fodbold
Herlev IF
HIK Hellerup
Lolland-Falster Alliancen
Nordvest FC
Stenloese BK
Vanloese IF
AB Taarnby
Avedoere IF
B 1903
Birkeroed IF
BK Fremad Amager
Broendby IF
FC Oeresund
Frederiksberg BK
Gentofte-Vangede IF
Jaegersborg BK
Ledoeje-Smoerum Fodbold
NB Bornholm
Sveboelle BI
Vaerloese BK
Aarup BK
B 1913
B 1921
B Frem-Sakskoebing
B Marienlyst
FC Sydvest
Fjordager IF
Haderslev FK
Kolding IF
Naesby BK
Naestved IF
OKS
Ringsted IF
Tarup/Paarup IF
AaB
Aalborg Freja
Aalborg KFUM
Aarhus Fremad
Brabrand IF
Frederikshavn fI
Herning Fremad
Kjellerup IF
Loegstoer IF
Odder IGF
Randers Freja
Ringkoebing IF
Viby IF
Vorup FB
B 1913
Broendby IF
BSF
Fortuna Hjoerring
IK Skovbakken
KoldingQ
Odense BK
Taastrup FC
Vejle BK
B.93/HIK/Skjold