Afenginn
Alphabeat
Analogik
Anne Linnet Band
Artillery
Aqua
Avalyn
The Asteroids Galaxy Tour
Bamses Venner
Back To Back
Beyond Twilight
Bikstok Roegsystem
Birmingham 6
Black City
Black Rose
Blue Foundation
The Blue Van
Brats
The Breakers
Brixx
Bryan Rice
Burnin' Red Ivanhoe
C21
Camille Jones
Carpark North
Cartoons
Choir of Young Believers
Cold Night For Alligators
Creamy
D-A-D
Daze
De Nattergale
DeFilm
Dizzy Mizz Lizzy
Dominus
Dúné
Dialis
Efterklang
Envelope
epo-555
Evil Masquerade
The Fashion
Fate
Fielfraz
Figurines
Filur
A Friend in Londons
Future 3
Gangway
Gasolin'
Gnags
Grand Avenue
Grethe & Joergen Ingmann
Hatesphere
Hej Matematik
Hit'n'Hide
Hjertestop
HorrorPops
Hurdy Gurdy
Hot Eyes
Húsakórið
Iceage
Infernal
Illdisposed
Johnny Deluxe
Junior Senior
Julie Berthelsen
Junker
Kashmir
Kellermensch
Kliché
Klutae
The Kissaway Trail
Laban
Laid Back
Lars and the Hands of Light
Lars Lilholt Band
Lazyboy
Leaether Strip
Little Trees
Love Shop
Luke
Mabel
Magtens Korridorer
Malk de Koijn
Manticora
Medina
Me & My
Menfolk
Mercenary
Mercyful Fate
Mew
Michael Learns to Rock
Mimas
Mnemic
Mofus
The Naked
Nekromantix
Nephew
Nice Little Penguins
Nik og Jay
New Politics
Oh No Ono
Olsen Brothers
Outlandish
Ocean View
Parzival
Pil & Liv
Pluto
The Poets
Powersolo
Pretty Maids
Psyched Up Janis
Private
Pyramaze
Raunchy
The Raveonettes
Red Warszawa
Ridin' Thumb
Rollo & King
Royal Hunt
Rufus Spencer
S.O.A.P.
SEB
Safri Duo
The Sandmen
Savage Rose
Saybia
The Seven Mile Journey
Shu-Bi-Dua
Skarn
Sneakers
Sleep Party People
Sort Sol
Sorten Muld
Speaker Bite Me
Spleen United
Steppeulvene
Substereo
Superheroes
Svartsot
Swan Lee
Swing Sisters
Tesco Value
Tolkien Ensemble
Toy-Box
Trust
Turboweekend
TV-2
Under Byen
VETO
Volbeat
WhoMadeWho
Windermere
The William Blakes
Your Laundry
Zididada
Aeter