Jensen
Nielsen
Hansen
Pedersen
Andersen
Christensen
Larsen
Soerensen
Rasmussen
Joergensen
Petersen
Madsen
Kristensen
Olsen
Thomsen
Christiansen
Poulsen
Johansen
Knudsen
Mortensen
Moeller
Jakobsen
Jacobsen
Olesen
Mikkelsen
Frederiksen
Laursen
Henriksen
Lund
Schmidt
Eriksen
Holm
Kristiansen
Clausen
Simonsen
Svendsen
Andreasen
Iversen
Jeppesen
Oestergaard
Mogensen
Lauridsen
Nissen
Jespersen
Jepsen
Frandsen
Vestergaard
Kjaer
Noergaard
Jessen
Carlsen
Soendergaard
Dahl
Skov
Bertelsen
Christoffersen
Bruun
Lassen
Gregersen
Bach
Friis
Johnsen
Kjeldsen
Steffensen
Krogh
Bech
Lauritsen
Danielsen
Andresen
Mathiesen
Winther
Toft
Ravn
Brandt
Dam
Holst
Lind
Berg
Mathiasen
Overgaard
Bak
Nilsson
Klausen
Schultz
Schou
Koch
Thorsen
Kristoffersen
Paulsen
Thygesen
Hermansen
Bang
Nygaard
Juhl
Kruse
Karlsen
Villadsen
Hedegaard
Damgaard
Lorenzen
Bjerregaard
Nguyen
Soegaard
Hald
Kjaergaard
Lorentzen
Juul
Munk
Davidsen
Lauritzen
Ali
Bendtsen
Riis
Beck
Justesen
Bonde
Bundgaard
Johannsen
Lange
Svensson
Kofoed
Meyer
Aagaard
Carstensen
Ibsen
Fischer
Eskildsen
Johannesen
Andersson
Hjorth
Enevoldsen
Vinther
Hemmingsen
Schroeder
Andreassen
Dalsgaard
Thomassen
Berthelsen
Bjerre
Persson
Gade
Asmussen
Michelsen
Henningsen
Thoegersen
Laustsen
Kragh
Kirkegaard
Hougaard
Joensson
Johansson
Olsson
Buch
Ahmed
Markussen
Krog
Müller
Hoffmann
Nikolajsen
Brodersen
Ipsen
Sommer
Leth
Dalgaard
Moelgaard
Graversen
Marcussen
Clemmensen
Ludvigsen
Frost
Laugesen
Ottosen
Therkildsen
Sloth
Ebbesen
Albertsen
Due
Michaelsen
Svenningsen
Munch
Bisgaard
Fisker
Thorup
Axelsen
Ottesen
Westergaard
Kjaersgaard
Bentsen
Hoej
Thuesen
Kofod
Erichsen
Povlsen
Albrechtsen
Vilhelmsen
Bjerg
Buhl
Bendixen
Johannessen
Storm
Ovesen
Matthiesen
Lindberg
Mohamed
Nedergaard
Villumsen
Nicolaisen
Smith
Borup
Wagner
Korsgaard
Thomasen
Bentzen
Greve
Mouritsen
Gram
Bruhn
Christophersen
Haugaard
Rask
Dinesen
Gravesen
Pallesen
Boesen
Magnussen
Isaksen
Wulff
Frank
Hassan
Baek
Bay
Damsgaard
Thrane
Espersen
Kirk
Torp
Rohde
Rahbek
Sonne
Hoegh
Fabricius
Hammer
Abrahamsen
Ahmad
Fuglsang
Pihl
Daugaard
Boysen
Birch
Antonsen
Callesen
Khan
Dall
Storgaard
Larsson
Ladefoged
Hoeyer
Skaarup
Smidt
Hussain
TRUE
Skou
Steen
Skovgaard
Bjoern
Hjort
Truelsen
Tran
Busk
Hartmann
Karlsson
Bloch
Duus
Hviid
Borg
Caspersen
Philipsen
Damm
Balle
Kvist
Troelsen
Moerch
Martinsen
Broendum
Brink
Brix
Ditlevsen
Therkelsen
Elkjaer
Birk
Vester
Degn
Meldgaard
Abildgaard
Jansen
Svane
Haagensen
Moerk
Stokholm
Adamsen
Roemer
Lykke
Noerregaard
Wind
Hvid
Pilgaard
Groen
Skytte
Hoejgaard
Willumsen
Bager
Skriver
Fogh
Kock
Lynge
Gundersen
Klitgaard
Bengtsson
Severinsen
Rosenberg
Brogaard
Bagger
Boisen
Holmgaard
Joensen
Falk
Green
Boedker
Groth
Stroem
Voss
Krarup
Odgaard
Carlsson
Hauge
Gammelgaard
Lundberg
Wolff
Dideriksen
Würtz
Lundsgaard
Jürgensen
Astrup
Jaeger
Kramer
Lehmann
Le
Josefsen
Jonassen
Skoett
Blom
Drejer
Schwartz
Bro
Martinussen
Vang
Qvist
Boegh
Terkelsen
Weber
Hansson
Nicolajsen
Vad
Kragelund
Sandberg
Dupont
Krogsgaard
Husted
Meier
Noerskov
Keller
Schneider
Tolstrup
Hussein
Kjeldgaard
Bjerrum
Holt
Toennesen
Koefoed
Krag
Kilic
Lorentsen
Bidstrup
Bergmann
Kaas
Yilmaz
Mark
Smed
Hein
Yde
Bagge
Skjoedt
Buus
Lundgaard
Nyborg
Junker
Ernst
Roed
Mathiassen
Rytter
Celik
Mouritzen
Hermann
Eliasen
Holmberg
Terp
Pham
Lindholm
Lindegaard
Westh
Bitsch
Boye
Gotfredsen
Borch
Foged
Hendriksen
Busch
Kronborg
Kirkeby
Kloster
Matzen
Noehr
Samuelsen
Maansson
Geertsen
Kaspersen
Raun
Just
Sejersen
Worm
Bülow
Hinrichsen
Stage
Krabbe
Boergesen
Rosenkilde
Ellegaard
Esbensen
Hertz
Feddersen
Slot
From
Espensen
Hove
Dissing
Petersson
Sander
Norup
Rosendahl
Kure
Rossen
Vedel
Jochumsen
Abdi
Mohammad
Damkjaer
Dyhr
Kjaerulff
Ibrahim
Beyer
Warming
Yildirim
Rose
Tang
Kjoeller
Haahr
Klemmensen
Roenne
Stephansen
Harder
Ploug
Eskesen
Salomonsen
Salling
Vind
Lang
Pagh
Sivertsen
Smedegaard
Kromann
Bork
Neumann
Schulz
Sahin
Lausen
Bille
Dreyer
Krüger
Kastrup
Lindstroem
Kaya
Lerche
Broegger
Steensen
Steenberg
Hede
Lindhardt
Staehr
Fog
Funch
Klein
Flindt
Have
Holgersen
Ladegaard
Stougaard
Linde
Lynggaard
Groenning
Enemark
Conradsen
Bengtsen
Post
Refsgaard
Staal
Horn
Osman
Cramer
Gertsen
Bossen
Risager
Marker
Munck
Singh
Mose
Paaske
Strand
Doessing
Munkholm
Stampe
Anderson
Elgaard
Hoeeg
Kanstrup
Oerum
Hoeegh
Skaaning
Alstrup
Baekgaard
Gottlieb
Deleuran
Ehlers
Wolf
Dahlgaard
Bojsen
Bengtson
Bjerring
Lohse
Rasch
Melgaard
Rosendal
Vistisen
Lausten
Vangsgaard
Wang
Carstens
Serup
Kusk
Soenderby
Falkenberg
Hoey
Aarup
Linnet
Lyhne
Kaae
Guldager
Kold
Aaen
Dueholm
Groenbaek
Aagesen
Marcher
Kolding
Hoejer
Lillelund
Fenger
Malling
Vinding
Hamann
Mollerup
Lyngsoe
Brun
Zachariassen
Engel
Skipper
Tranberg
Hjortshoej
Witt
Gormsen
Soeby
Lau
Schack
Boel
Agger
Bugge
Farah
Bachmann
Harboe
Noerby
West
Mohr
Aggerholm
Fink
Iqbal
Voigt
Agerskov
Egholm
Lindgaard
Lohmann
Egeberg
Harbo
Mygind
Blaabjerg
Stilling
Didriksen
Halkjaer
Karstensen
Ulrich
Albrektsen
Noer
Moerup
Otte
Ejlersen
Gustavsen
Mohamad
Berntsen
Soee
Soelberg
Breum
Becker
Langhoff
Vittrup
Vendelbo
Byskov
Valentin
Akhtar
Bank
Dalby
Rafn
Walther
Riber
Kryger
Bramsen
Dogan
Broberg
Hoest
Appel
Overby
Corneliussen
Tarp
Moesgaard
Strange
Palm
Neergaard
Secher
Thiesen
Josephsen
Korsholm
Boll
Richter
Faber
Hagen
Hartvig
Kroeyer
Kyed
Niemann
Zacho
Banke
Holck
Straarup
Koehler
Martens
Demir
Groenlund
Gaarde
Hall
Ismail
Outzen
Hovgaard
Soennichsen
Ulriksen
Ebsen
Groenkjaer
Otto
Begum
Wichmann
Anker
Krebs
Yildiz
Roenn
Toender
Suhr
Tange
Fallesen
Bladt
Jonsson
Lambertsen
Mejer
Trolle
Kappel
Reimer
Groenbech
Hoejbjerg
Lundgren
Wiese
Hoff
Hoejlund
Polat
Handberg
Ohlsen
Stender
Kudsk
Bennedsen
Engberg
Hartvigsen
Broe
Hvass
Mosegaard
Pettersson
Lam
Thaysen
Bock
Kokholm
Lomholt
Emborg
Nyholm
Svenstrup
Omar
Peters
Konradsen
Pape
Balslev
Huynh
Hyldgaard
Moos
Petterson
Pontoppidan
Nymann
Sunesen
Eriksson
Franck
Saleh
Foldager
Stoevring
Werner
Halberg
Thisted
Moenster
Bendsen
Broedsgaard
Hvidberg
Oestergaard
Martensen
Balling
Lykkegaard
Honore
Hoejland
Kondrup
Midtgaard
Bredahl
Viborg
Amstrup
Haslund
Stensgaard
Engstroem
Bauer
Beier
Lyng
Randrup
Bering
Groenborg
Halvorsen
Skafte
Stefansen
Thyssen
Turan
Wiberg
Husum
Vestergaard
Hejlesen
Holdt
Guldbrandsen
Munksgaard
Alexandersen
Langkjaer
Gadegaard
Gravgaard
Haastrup
Lauesen
Schjoedt
Soenderskov
Oesterby
Juel
Willadsen
Thestrup
Helbo
Brask
Lysgaard
Shah
Vest
Borregaard
Lunde
Chen
Hegelund
Mouridsen
Bilde
Drachmann
Honoré
Ryberg
Zimmermann
Wilhelmsen
Bennetsen
Weinreich
Baun
Groendahl
Vinter
Weiss
Malmberg
Hessellund
Kok
Topp
Jokumsen
Klit
Bek
Melchiorsen
Glud
Rindom
Dreier
Erlandsen
Hjelm
Hyllested
Jama
Brinch
Bojesen
Funder
Kamp
Kejser
Hoejberg
Lundgreen
Groenhoej
Gustafsson
Hoeier
Loft
Kjer
Skovbjerg
Velling
Hahn
Lundqvist
Timm
List
Magnusson
Ringgaard
Filtenborg
Pilegaard
Lentz
Nymand
Terkildsen
Westermann
Basse
Brandstrup
Kamper
Tobiasen
Hovmand
Johnson
Offersen
Lindgreen
Timmermann
Edvardsen
Heide
Lodberg
Malik
Morsing
Thorhauge
Duelund
Riise
Grau
Hoejrup
Vognsen
Lunding
Niebuhr
Winkler
Boje
Frisk
Glerup
Kring
Damborg
Dehn
Gissel
Hesselberg
Holme
Houmann
Kara
Stryhn
Soenderup
Thybo
Bondesen
Yusuf
Friedrichsen
Hoppe
Kiilerich
Li
Toettrup
Baerentsen
Foss
Panduro
Pehrson
Praest
Bekker
Butt
Herskind
Als
Berger
Bigum
Ziegler
Klavsen
Boersting
Carlson
Dencker
Langballe
Lindahl
Mahmood
Puggaard
Ring
Tonnesen
Clemensen
Demant
Egelund
Gylling
Jonasson
Skovsgaard
Binderup
Djurhuus
Sehested
Bruus
Moensted
Snedker
Arildsen
Geisler
Klint
Froelund
Hildebrandt
Moerck
Haakansson
Miller
Wollesen
Borre
Broch
Ankersen
Fyhn
Nordentoft
Rode
Futtrup
Krause
Meincke
Rye
Kjellerup
Lemming
Lundstroem
Mahmoud
Henneberg
Jantzen
Roth
Winkel
Abel
Elbaek
Monrad
Seerup
Udsen
Vilstrup
Hassing
Hollaender
Mahler
Abildtrup
Bertram
Haaning
Termansen
Dohn
Kornum
Sauer
Oester
Bendix
Noergaard
Sylvest
Klinge
Sahl
Stentoft
Frantzen
Schütt
Tychsen
Behrens
Rokkjaer
Ernstsen
Jensby
Ritter
Raahauge
Buur
Guldborg
Lindgren
Oddershede
Guldbaek
Barfoed
Aaen
Aagesen
Abel
Abildgaard
Adler
Afenginn
Agdal
Agger
Akdogan
Alberti
Albertsen
Alfelt
Alstrup
Andersen
Angora
Arentoft
Arup
Atterdag
August
Auken
Baard
Back
Baerentzen
Bagger
Baggesen
Bajer
Balling
Balslev
Bank
Barker
Bartholin
Bavaria
Bay
Beck
Bendtsen
Bendz
Beowulf
Berg
Bering
Bertelsen
Berthelsen
Bier
Biker-Jens
Bille
Bing
Bircow
Bissen
Bjerg
Bjerre
Bjerrehuus
Blixen
Blom
Bo
Boedker
Bohr
Bojesen
Bollerslev
Bom
Bondam
Borge
Bornedal
Bournonville
Boyesen
Brahe
Brandes
Brendstrup
Brixtofte
Broegger
Broendsted
Broendum
Broensted
Bruhn
Brun
Buchwald
Bundgaard
Buxtehude
Calmette
Cameron
Carl-Nielsen
Carlsen
Christensen
Christiansen
Classen
Claudius
Clausen
Clavus
Clement
Clemmensen
Corr
Coster-Waldau
Curth
Dacian
Dahl
Dahlerup
Dallerup
Dam
Dansgaard
d'Arrest
Devantier
Diamond
Dickow
Dif
Ditlevsen
Dohm
Dominus
Dorph
DQ
Dreyer
Ebbesen
Eckersberg
Eddelien
Efterklang
Egede
Eggers
egyptologist
Eickhoff
Einar
Eje
Elder
El-Falaki
Elfelt
Eliasson
Elkjaer
Ellegaard
Eller
Elmgreen
Elo
Elvstroem
Encore
Engelhardt
Envelope
Erichsen
Erlang
Espersen
Estrup
Exner
Faber
Fabricius
Fabricius-Bjerre
Falster
Federspiel
Feilberg
Feodorovna
Fibiger
Fincke
Fink-Jensen
Finsen
Fischer
Fischer-Joergensen
Flagstad
Flyvbjerg
Foenss
Forest
Frahm
Frandsen
Fredborg
Freddie
Frederiksen
Freuchen
Freund
Frevert
Friis
Frölich
Frost
Gade
Gammelgaard
Garde
Gehl
Georgi
Gertrude
Gintberg
Glifberg
Glob
Gottlob
Gottschalk
Graah
Gram
Grammaticus
Grarup
Gravesen
Great
Greece
Gregersen
Groenkjaer
Groenlykke
Grubb
Grundtvig
Grunwald
Gundersen
Gurdy
Hahn-Petersen
Hall
Hallander
Halle-Müller
Hamlet
Hammer
Hammershoei
Hannibal
Hansen
Hanspal
Hansson
Harsdorff
Hatesphere
Hau
Haugedal
Hauxner
Havsteen-Mikkelsen
Hedemann
Heerup
Hein
Hejlsberg
Helmer-Petersen
Helveg
Henderson
Henning
Henningsen
Henriksen
Hersholt
Hertzsprung
Hjejle
Hjelmslev
Hjorth
Hjortshoej
Hoeeg
Hoeffding
Hoem
Holberg
Holdt
Holm
Holst
Holst-Soerensen
Holtved
Hubbe
Hugo
Húsakórið
Hvam
Hvidt
Ilsted
Indrio
Ingels
Ingmann
Ingwersen
Ipsen
Iversen
Jac
Jacobsen
Jais-Nielsen
Jalk
Jay
Jelved
Jensen
Jeppesen
Jerichau
Jerne
Jespersen
Joergensen
Johannsen
Johansen
Jokeren
Jorn
Juel
Juhl
Juhls
Jungersen
Juul
Kaas
Kaj
Kampmann
Kashmir
Kastholm
Kean
Kessler
Khader
Kierkegaard
Kiesa
Kirk
Kirkeby
Kjaer
Kjaerholm
Kjaersgaard
Kjer
Klan
Klein
Kliché
Klint
Klutae
Knudsen
Knuth
Koebke
Koeppen
Koerner
Kofoed
Koijn
Koppel
Kristensen
Kroeyer
Krogh
Kronstam
Kruse
Kurland
Kuyter
Kvamm
Larsen
Lassen
Laudrup
Lauridsen
Lauritzen
Laursen
Lehmann
Lerdorf
Leth
Lindberg
Lindenov
Lindhardt
Lindstrom
linguist
Linnet
Loegstrup
Loevmand
Lomborg
Lorentzen
Lumbye
Lund
Lundin
Lundstroem
Lyhne
Lykketoft
Madsen
Madvig
Magle
Magnussen
Malmros
Malte-Brun
Mandrup-Poulsen
Marstrand
Martin
Martins
Mathiassen
Matthesen
Mecklenburg-Güstrow
Medina
Melbye
Melchior
Meldahl
Meyer
Michaud
Mikkelsen
Milton
Mirza
Moelby
Moelgaard-Nielsen
Moeller
Moelsted
Mogensen
Mohr
Molnar
Moltke
Mortensen
Moshack
Müller
Munk
Mydtskov
Mylius
Mylius-Erichsen
Naur
Nellemose
Neumann
Nexoe
Nielsen
Ninn-Hansen
Noack
Noehr
Noerby
Noergaard
Nordentoft
Normann
Norreen
North
Oehlenschläger
Oerskov
Oersted
Oestervig
Okking
Olrik
Olsen
Olufsen
Ortvad
Osier
Osiier
Ostenfeld
Ottesen
Oxenvad
Papaya
Passer
Pedersen
Petersen
Petri
Pettas
Pilgaard
Pilmark
Pining
Pomerania
Pontoppidan
Popiel
Pothorst
Poulsen
Pri
Psilander
Quist
Rafn
Rask
Rasmussen
Rasted
Rathsack
Raun
Raunkiaer
Ravn
Redzepi
Refn
Regin
Reichhardt
Rice
Riis
Rimmer
Ringnis
Ritter
Rivad
Roel
Roemer
Roerbye
Rolffes
Rose
Rosenkrantz
Rosenkrantz-Theil
Rosing
Rothe
Rudolph
Ryder
Saad
Salomon
Salomonsen
Salto
Samay
Scharff
Scherfig
Schiller
Schjolin
Schmeichel
Schmidt
Schmidt-Nielsen
Schoenberg
Schumacher
Schwander
Sebastian
Seebach
Sigvardt
Simonsen
Skibby
Skibsted
Skou
Skovdahl
Sloek
Smidth
Sobol
Soendergaard
Soerensen
Soevndal
Soya
Spangsfeldt
Sprogoee
Stauning
Steen
Stegger
Stender
Stensen
Stensgaard
Strecker
Strid
Striegler
Strömgren
Stroustrup
Sveistrup
Svensson
Swane
Syberg
Thiele
Thomsen
Thorsen
Thorvaldsen
Thumbelina
Tietgen
Toefting
Toennies
Toksvig
Tomasson
Torp
Toubro
Trampedach
Tranberg
Treetawatchaiwong
Trier
Troelsen
Tromborg
Turéll
Ulrich
Ussing
Utzon
Vangsoe
Vasegaard
Venner
Verner
Vestager
Vinterberg
Vodder
Wagner
Walloee
Walther
Warming
Wegner
Werner
Wessel
Westman
Weyse
Whigfield
Wiedewelt
Wiehe
Wieth
Wiggers
Wilke
Willumsen
Winckler
Winsloew
Winther
Wohlert
Worm
Worsaae
Wozniacki
Wrensted
Zacho
Faarvang
Haekkerup
Ammitzboell
Mercado
Agerbo
Hoerdum
Arvin
Schmidt
Thorning
Skovsgaard
Soegaard
Vilhelmsen
Peschel
Sievers
Ritzau
Glistrup
Moeller
Bay
Agger
Nielsen
Larsen
Saag
Spies
