AG
CO
CORP
Co
GMBH
INC
LTD
Lt
Ltd
PLC
SpA
DR
Dr
Mr
Mrs
Ms
Prof
SIR
SR
adarg
adff
Alm
Amaeth
amh
amr
anarf
anh
annib
annorm
ans
ansathr
Ap
Arab
Aram
arf
arg
Arg
At
Beibl
bl
bnth
Bot
Brdd
brf
Brth
Brych
cdr
cdrn
cen
cf
cfdds
cfl
cfln
cfn
cft
Clt
cs
csf
ctn
cyf
cyff
Cym
cynr
d.d
dbl
dchr
deu
dfn
difr
diff
digr
dil
dir
dirm
diwyg
drll
dtb
dych
dyf
dyl
dysg
e.e
Egl
Eid
eidd
enc
engh
enghrau
enw
est
et al
Ffr
fl
g.b
Gael
Gal
geir
geird
Germ
gl
Goed
gol
Gors
Goth
Gr
gthg
gw
Gwleid
original
gwthr
Gwydd
h.y
Heb
Her
i.e
ib
id
IE
IM
Iseld
l.c
Llad
llgr
Llong
llr
lls
llsgr
llsgrau
Llyd
norm
offer
oldd
olff
org
Meddyg
ml
Moes
myn
p
p
Parch
pen
Pers
pres
prff
proc
prs
prth
pth
q.v
n
nat
neg
Nor
rhag
rheol
Rhes
Rhet
rhgfl
S
Sacs
Sans
sathr
Sb
sfn
Sgand
sill
td
teb
techn
tf
TN
trf
tt
UDA
ym
ysg
yst
Adar
Athr
Arch
Biol
c
C
Cem
Chwedl
cil
cm
cmhl
cmhr
cmth
coegddysg
col
Crdd
Crf
cyd
Cyfr
cynt
Daearydd
Derwydd
Diwin
dll
dng
drb
Drg
elf
F
ff
ffd
ffdro
ffig
Ffis
Ffren
Gardd
gn
gr
Gwyddon
Ieith
isr
kg
kHz
km
m
Math
MHz
Milfeddyg
mm
Mwyn
Myn
Peir
Pensaer
pr
Pysg
rhang
s
Seic
Ser
Serdd
Swol
Tiwt
km
m
dm
cm
mm
hl
l
dl
cl
ml
T
kg
lb
g
dg
cg
mg
in
ft
mi
gal
Caerf
Caern
Cered
Crn
Dinb
Ffl
north
Maesd
Meir
Morg
Penf
pl
Trefn
c
C
C.C
Chwef
Cyn
d.dd
diw
g
Gorff
grff
H
Hyd
HYD
Ion
ION
O.C
Meh
MEH
Rhag
RHAD
Tach
TACH
Llun
LLUN
Maw
MAW
Mer
MER
Iau
IAU
Gwe
GWE
Sad
SAD
Sul
SUL
Ion
ION
Chwef
CHWEF
Maw
MAW
Ebr
EBR
Mai
MAI
Meh
MEH
Gorff
GORFF
Awst
AWST
Med
MED
Hyd
HYD
