Abaty Cwm-hir
Abbey-cwm-hir
Aber
Aber Arad
Aber Cegir
Aber Clydach
Aber Pwll
Aber Village
Aberaeron
Aberafan
Aberaman
Aberangell
Aberarad
Aber-Arad
Aberarth
Aber-arth
Aberavon
Aberbaiden
Aber-banc
Aberbargod
Aberbargoed
Aberbechan
Aberbeeg
Aber-big
Aberbrân
Abercanaid
Abercannaid
Abercarn
Aber-carn
Abercastell
Abercastle
Aber-castle
Abercegir
Aber-Cegir
Abercegyr
Abercorris
Abercraf
Aber-craf
Abercregan
Aber-cuch
Abercwmboi
Abercych
Abercynffig
Abercynon
Abercywarch
Aber-Cywarch
Aberdâr
Aberdare
Aberdaron
Aberdaugleddau
Aberdaugleddyf
Aberddawan
Aberdesach
Aberdovey
Aber-Duar
Aberdulais
Aberdyar
Aberdyfi
Aberedw
Abereiddi
Abereiddy
Aber-Eiddy
Abererch
Aber-erch
Aberfan
Aber-fan
Aberffraw
Aberffro
Aberffrwd
Aber-ffrwd
Abergarw
Abergarwed
Aber-Garwed
Abergavenny
Abergele
Abergiâr
Aber-Giâr
Aberglasney
Abergorlech
Abergwaun
Abergwesyn
Abergwili
Abergwngu
Abergwynfi
Abergwyngiegyn
Abergynolwyn
Aberhalen
Aberhonddu
Aberhosan
Aberkenfig
Aberlash
Aberlerry
Aberllefenni
Aberllynfi
Abermagwr
Aber-Magwr
Abermaw
Abermeurig
Aber-miwl
Abermo
Abermorddu
Abermule
Abernant
Aber-nant
Aber-oer
Aberogwr
Aberpennar
Aberpergwm
Aber-pergwm
Aberporth
Aber-porth
Aberpwll
Aber-Rhaeadr
Aberriw
Abersoch
Aber-soch
Abersychan
Abertawe
Aberteifi
Aberteleri
Aberthaw
Aberthin
Abertillery
Abertridwr
Abertrinant
Abertyleri
Abertysswg
Aberyscir
Aberysgir
Aberystwyth
Achddu
Acrefair
Acre-fair
Acton
Adfa
Adpar
Adwyr
Afon Eitha
Afon Wen
Afon-wen
Aifft
Aithnen
Albert Town
Albro
Albro Castle
Allt
Allt Goch
Allt Melyd
Alltami
Alltmawr
Allt-mawr
Alltwalis
Alltwen
Allt-wen
Alltyblaca
Alltyblacca
Allt-y-goed
Allt-y-grug
Allt-y-Main
Allt-yr-yn
Alport
ALTERNATIVE VERSIONS OF 
Alway
Ambleston
Amlwch
Amlwch Port
Ammanford
Amroth
Ancient Druid
Anelog
Angle
Arberth
Arddleen
Ardd-lin
Ardd-line
Argoed
Arowry
Arthog
Ash Grove
Ashfield
Ashvale
Aston
Atpar
Axton
Babel
Babell
Babylon
Bachaethlon
Bachau
Bacheldre
Bachie Ganol
Bach-y-gwreiddyn
Bachymbyd
Bachymbyd Fawr
Backe
Bae Colwyn
Bae Kinmel
Bae Penrhyn
Bagillt
Baglan
Bala
Balaclava
Ballan
Banc Darren-fawr
Banc Myddfai
Bancffosfelen
Bancycapel
Banc-y-Darren
Bancyfelin
Bancyfford
Bancyffordd
Banc-y-ffordd
Banc-y-mor
Baneswell
Bangor
Bangor Is-coed
Bangor Teifi
Bangor-is-y-coed
Bangor-on-Dee
Banwen
Barbadoes Green
Bardsey Island
Bargod
Bargoed
Barland
Barland Common
Barmouth
Barnard's Hill
Barnardtown
Barnlake
Barrack Hill
Barri
Barry
Barry Dock
Barry Island
Basaleg
Bassaleg
Bastleford
Bateman's Hill
Battle
Bayvil
Beaufort
Beaumaris
Beaupre
Beaupré
Beddau
Beddgelert
Beddgeraint
Bedlinog
Bedlwyn
Bedwas
Bedwell
Bedwellte
Bedwellty
Bedwellty Pits
Bedwlwyn
Beechwood
Began
Begeli
Begelly
Beggar's Bush
Beggars Pound
Beguildy
Beili-glas
Belan
Belgrano
Bengal
Benllech
Bentlass
Berllan-gollen
Berriew
Berry
Berry Hill
Bers
Berse Drelincourt
Bersham
Berth-ddu
Berthengam
Bethania
Bethasda
Bethel
Bethesda
Bethlehem
Bettisfield
Bettws
Bettws Bledrws
Bettws Cedewain
Bettws Gwerfil Goch
Bettws Newydd
Betws
Betws Abergele
Betws Bledrws
Betws Cedewain
Betws Garmon
Betws Gwerful Goch
Betws Ifan
Betws Newydd
Betws Tir Iarll
Betws-y-coed
Betws-yn-Rhos
Beulah
Bicton
Big Arowry
Big Mancot
Big Neeston
Bigil
Billins
Birch Grove
Birchgrove
Bishops Town
Bishop's Town
Bishopston
Bishpool
Bishton
Bishtwn
Biwmaris
Black Bridge
Black Brook
Black Hill
Black Park
Black Pill
Black Tar
Black Vein
Blackbridge
Blackbrook
Blackhills
Blackmill
Blacknuck
Blackpool
Blackrock
Blacktown
Blackweir
Blackwells
Blackwood
Blaen Carno
Blaen Celyn
Blaen Clydach
Blaen cwm
Blaenafon
Blaenannerch
Blaenau
Blaenau Dolwyddelan
Blaenau Ffestiniog
Blaenau Gwent
Blaenavon
Blaenbedw Fawr
Blaenborthyn
Blaencaerau
Blaencarno
Blaencelyn
Blaenclydach
Blaencwm
Blaen-cwm
Blaenffos
Blaengarw
Blaengeuffordd
Blaen-geuffordd
Blaengwaith-Noah
Blaengwawr
Blaengwrach
Blaen-gwrach
Blaengwynfi
Blaen-gwynfi
Blaenhalen
Blaenhonddan
Blaenllechau
Blaenos
Blaen-pant
Blaenpennal
Blaenplwyf
Blaen-plwyf
Blaenporth
Blaen-porth
Blaenrhondda
Blaenwaun
Blaen-waun
Blaen-y-coed
Blaen-y-cwm
Blaen-y-ffos
Blaen-y-Glyn Hill
Blaina
Bleddfa
Bletherston
Blue Anchor
Bochrwyd
Bodedern
Bodelwyddan
Bodewryd
Bodfach
Bodfari
Bodfean
Bodferin
Bodffordd
Bodgadfan
Bod-Gadfan
Bodrida
Boduan
Bodwyn
Bodyddon
Bolahaul
Boltonhill
Boncath
Bont
Bont Dolgadfan
Bont Fawr
Bont goch
Bontddu
Bontdolgadfan
Bont-Dolgadfan
Bont-goch
Bontnewydd
Bont-newydd
Bontuchaf
Bont-uchaf
Bontuchel
Bonvilston
Bôn-y-maen
Borras
Borth
Borth-y-gest
Bosherston
Botany Bay
Botffari
Botffordd
Botwnnog
Boughrood
Boughrood Brest
Boulston
Bovehill
Boverton
Bow Street
Bowett
Bowling Bank
Box
Boys Village
Brackla
Bradley
Bragle
Braichmelyn
Braich-melyn
Braich-talog
Braichyfedw
Brechfa
Brecon
Bretton
Brewis
Bridell
Bridge End
Bridgend
Briery Hill
Brilley Mountain
Brimaston
Britannia
Brithdir
Brithdir-coch
British
Briton Ferry
Broad Haven
Broad Heath
Broad Oak
Broadclose
Broadfield
Broadlay
Broadmoor
Broadoak
Broadstone
Broadstreet Common
Broadway
Brocastle
Broginin
Brombil
Bronaber
Bronant
Broncastellan
Broneirion
Brongain
Brongest
Brongwyn
Bron-gwyn
Broniarth Hill
Bronington
Bronllys
Bronnant
Bronwydd
Bronwydd Arms
Bronwylfa
Bronydd
Bron-y-Nant
Brook
Brook Estate
Brook House
Brookhouse
Brooks
Broom
Broughton
Brunant
Brwymant
Brwynllys
Brychdwn
Brymbo
Bryn
Bryn Blaen-y-glyn
Bryn Bwbach
Bryn Celyn
Bryn coch
Bryn coed Ifor
Bryn Common
Bryn Du
Bryn Dulas
Bryn Eden
Bryn Eglwys
Bryn Elen
Bryn Golau
Bryn Goleu
Bryn Iwan
Bryn Llwyd
Bryn Llyndwr
Bryn Mawr
Bryn Myrddin
Bryn Offa
Bryn Pen-y-lan
Bryn Pydew
Bryn Rhyd-yr-Arian
Bryn Saith Marchog
Bryn Tanat
Bryn yr Eithin
Brynafan
Brynaman
Brynamman
Brynau
Brynawel
Bryn-Awel
Brynberian
Bryn-berian
Brynbryddan
Brynbuga
Bryncae
Bryncethin
Bryncir
Bryncoch
Bryn-Coch
Bryncroes
Bryncrug
Bryn-crug
Bryncyn Felen
Bryncyn-felen
Brynderwen
Bryndioddef Uchaf
Bryndioddef-isaf
Bryndu
Bryn-Du
Bryn-Eden
Bryneglwys
Bryn-Eglwys
Brynffordd
Brynfields
Brynford
Brynglas
Bryn-glas
Bryngolau
Bryngoleu
Bryn-goleu
Bryngwran
Bryngwyn
Bryn-gwyn
Brynhenllan
Bryn-henllan
Brynheulog
Brynhoffnant
Brynhovah
Brynhyfryd
Bryniau
Brynithel
Bryn-Llwyd
Brynllywarch
Brynmawr
Bryn-mawr
Brynmenyn
Brynmill
Brynmorfudd
Brynmyrddin
Brynn
Brynna
Brynnau Gwynion
Bryn-newydd
Bryn-oer
Brynog
Bryn-penarth
Brynrefail
Bryn'refail
Bryn-rhys
Brynsadler
Brynsaithmarchog
Brynsiencyn
Brynteg
Bryn-teg
Bryntirion
Brynuchel
Bryn-uchel-isaf
Bryn-uchel-uchaf
Bryn-y-baal
Brynybedd
Bryn-y-Bedd
Bryn-y-Ddol
Bryn-y-garreg
Bryn-y-groes
Brynygwenin
Bryn-y-maen
Bryn-y-mor
Bryn-yr-Eos
Bryn-yr-ogof
Bryn-y-waen
Buarth Mawr
Buckholt
Buckley
Buckley Mountain
Bugeildy
Builth Road
Builth Wells
Bull Bay
Bullyhole Bottom
Bulwark
Bunkers Hill
Burdonshill
Burgedin
Burlingjobb
Burntwood Pentre
Burry
Burry Green
Burry Port
Burrygreen
Burton
Burton Ferry
Burton Green
Burwen
Bush
Bute Town
Butetown
Buttington
Bwcle
Bwlch
Bwlch Gwyn
Bwlch Trewyn
Bwlch y Cibau
Bwlch y Garreg
Bwlch y Mynydd
Bwlch y Plain
Bwlch y Sarnau
Bwlch-derwin
Bwlchgwyn
Bwlch-Llan
Bwlch-mawr
Bwlchnewydd
Bwlch-newydd
Bwlchtocyn
Bwlchycibau
Bwlch-y-cibau
Bwlch-y-cwm
Bwlchyddar
Bwlchyfadfa
Bwlch-y-fadfa
Bwlchyffridd
Bwlch-y-ffridd
Bwlchygarreg
Bwlchygroes
Bwlch-y-groes
Bwlchyllyn
Bwlch-y-Mynydd
Bwlch-y-Plain
Bwlch-y-sarnau
Byeastwood
Bylchau
Bynea
Cadle
Cadnant Park
Cadney Bank
Cadole
Cadoxton
Cadoxton Juxta Neath
Cadoxton-Juxta-Neath
Cadwgan
Cadwst
Cae Clyd
Cae Hopkin
Caeathro
Cae-crwn
Cae-draw
Caeffynnon
Caeharris
Cae-Harris
Caehopkin
Cae-llea
Cae-Mawr
Caemorgan
Caeo
Caer Estyn
Caeracca
Caerau
Caerau Park
Cae'r-bont
Cae'r-bryn
Caerdeon
Caerdydd
Caereithin
Caer-Estyn
Caerfarchell
Caer-Farchell
Caerffili
Caerfilli
Caerfyrddin
Caergeiliog
Cae'r-gwerlas
Caergwrle
Caergybi
Caerhendy
Caerhowel
Caerhun
Caeriw
Cae'r-Lan
Caerleon
Caerllion
Caermead
Caermeini
Caernarfon
Caernarvon
Caerphilly
Caersws
Caerwedros
Caerwent
Caer-went
Caerwent Brook
Caerwys
Cafnan
Caggle Street
Caim
Caio
Calcoed
Calcot
Caldicot
Caldy Island
Camlan
Cammen Mawr
Cammen Ucha
Camnant
Camp Hill
Camros
Camrose
Candleston
Canton
Cantref
Cantwn
Capcoch
Capel
Capel Arthog
Capel Bangor
Capel Betws Lleucu
Capel Coch
Capel Curig
Capel Cynon
Capel Dewi
Capel Garmon
Capel Gwyn
Capel Gwynfe
Capel Hendre
Capel Isaac
Capel Iwan
Capel Llanilltern
Capel Llaniltern
Capel Mawr
Capel Nantddu
Capel Parc
Capel Sain Silin
Capel Saron
Capel Seion
Capel Siloam
Capel Tygwydd
Capel Uchaf
Capel Ulo
Capel-Bangor
Capel-Betws-Lleucu
Capel-Dewi
Capel-Gwynfe
Capel-Iawn
Capel-Isaac
Capel-Iwan
Capelmawr
Capel-Seion
Capeluchaf
Capelulo
Capel-y-ffin
Capel-y-graig
Cardiff
Cardigan
Cardigan Island
Careghofa
Careg-wen
Carew
Carew Cheriton
Carew Newton
Carfarchell
Carmarthen
Carmel
Carmeltown
Carn Fadryn
Carn Wen
Carnedd
Carnetown
Carnglas
Carnguwch Bach
Carnhedryn
Carn-hedryn-uchaf
Carno
Carn-wen
Carreg y Garth
Carreghwfa
Carreglefn
Carreg-lefn
Carreg-wen
Carrog
Carrow Hill
Carway
Carwe
Cas-bach
Cas-blaidd
Cascade
Cascob
Cas-fuwch
Casgob
Cas-lai
Casllwchwr
Cas-mael
Casmal
Casmorys
Casnewydd
Casnewydd-ar-Wysg
Casnewydd-bach
Castell
Castell Caereinion
Castell Gwalchmai
Castellau
Castellhenri
Castellior
Castellmartin
Castell-Nedd
Castellnewydd Emlyn
Castell-paen
Castellrhingyll
Castell-y-bwch
Castell-y-rhingy
Castle Bank
Castle Caereinion
Castle Ely
Castle Green
Castle Hill
Castle Morris
Castle upon Alun
Castlebigh
Castlebythe
Castlemartin
Castlemorris
Castleton
Castle-upon-Alun
Caswell
Caswell Bay
Cas-wis
Cat Hole
Catbrook
Catch
Cathays
Cathays Park
Cathedin
Cathedine
Cat's Ash
Causeway
Ceciliford
Cedris
Cefn
Cefn Berain
Cefn Brynich
Cefn Bychan
Cefn Canol
Cefn Coch
Cefn Cribwr
Cefn Cross
Cefn Fforest
Cefn Glas
Cefn Golau
Cefn Hengoed
Cefn Hirgoed
Cefn Llwyd
Cefn Llyfnog
Cefn Mawr
Cefn Meriadog
Cefn Rhigos
Cefn-brith
Cefn-bryn-brain
Cefn-Brynich
Cefn-bychan
Cefncaeau
Cefn-caled
Cefn-coch
Cefncoed
Cefncoedycymmer
Cefn-coed-y-cymmer
Cefn-crib
Cefncribwr
Cefnddwysarn
Cefn-ddwysarn
Cefneithin
Cefn-eurgain
Cefn-Goleu Ganol
Cefn-goleu-uchaf
Cefngorwydd
Cefn-gorwydd
Cefn-hengoed
Cefnllwyd
Cefn-Llwyd
Cefn-llyfnog
Cefn-mawr
Cefnpennar
Cefn-pentre
Cefn-Rhowniarth
Cefn-twlch
Cefn-y-bedd
Cefn-y-coed
Cefn-y-ffynnon
Cefn-y-Garth
Cefn-y-pant
Cegidfa
Ceidio
Ceidio Fawr
Ceinewydd
Ceinws
Ceinws bach
Ceinws-Bach
Ceiswyn
Cellan
Cellar
Celyn-Mali
Celynnen
Cemaes
Cemaes Bay
Cemais
Cemais Comawndwr
Cemlyn
Cemmaes
Cemmaes Road
Cenarth
Cendl
Cenin
Ceri
Cerig Llwydion
Cerist
Cernioge bach
Cernioge Mawr
Cerrig Llwydion
Cerrigceinwen
Cerrig-man
Cerrigydrudion
Ceunant
Chancery
Chapel Hill
Chapel of Ease
Chapelhill
Charlesville
Chatham
Cheltenham
Chepstow
Cheriton
Chippenham
Chirch
Chirk
Chirk Green
Christchurch
Church Hill
Church Lake
Church Stoke
Church Village
Churchstoke
Churchton
Chweffordd
Chwilog
Chwitffordd
Cicelyford
Cil
Cil Cowen
Cilâ
Cilau
Cilcain
Cilcennin
Cilcewydd
Cil-cochwyn
Cilcowen
Cil-ffriw
Cilfodan
Cilfrew
Cil-frwch
Cilfynydd
Cilgerran
Cilgeti
Cilgwrrwg
Cilgwyn
Ciliau
Ciliau Aeron
Cilmaengwyn
Cilmeri
Cilmery
Cilrhedyn
Cilsan
Cilshafe
Cilshafe Fawr
Cilshafe Ganol
Cilshafe Isaf
Cilshafe Uchaf
Ciltalgarth
Ciltwrch
Cilwendeg
Cilybebyll
Cilycwm
Cil-y-cwm
Cimla
Cinders
Cinmel
Cippin
Cippyn
City
City Dulas
Clarach
Clarbeston
Clarbeston Road
Clareston
Clas-ar-Wy
Clase
Clatter
Clawdd Coch
Clawdd Poncen
Clawdd-coch
Clawdd-llesg
Clawddnewydd
Clawdd-newydd
Clearwell
Cleddon
Clegyr-Boia
Clegyrnant
Cleirwy
Clemenston
Clemenstone
Cletterwood
Clipiau
Clocaenog
Cloddiau
Cloigyn
Cloy
Clunderwen
Clun-du
Clwt
Clwt-y-bont
Clwyd Gwilym
Clwyd-Gwilym
Clwydyfagwyr
Clwyd-y-Fagwyr
Clydach
Clydach Terrace
Clydach Vale
Clynderwen
Clyn-Du
Clyne
Clyne Common
Clynnog Fawr
Clynnog-fawr
Clyro
Clytha Park
Cnap-Llwyd
Cnwcau
Cnwch Coch
Cnwch-coch
Cnwclas
Cnydfa
Coalbrook
Coalbrookvale
Cobbler's Plain
Cock Bank
Cockett
Cockshead
Coed Coch
Coed Cwnwr
Coed Duon
Coed Ely
Coed Esgob
Coed Eva
Coed Mawr
Coed Morgan
Coed y Garth
Coed Ystumgwern
Coedcae
Coedcanlas
Coedcernyw
Coed-Cwnwr
Coed-duon
Coed-elái
Coedely
Coedkernew
Coed-llai
Coed-Pen-Maen
Coedpoeth
Coed-poeth
Coedsaeson
Coed-talon
Coed-talon Banks
Coedway
Coed-y-bryn
Coed-y-caerau
Coed-y-fedw
Coedyfoel
Coed-y-foel
Coed-y-paen
Coed-y-parc
Coed-y-paun
Coed-yr-ynys
Coed-y-wlad
Coelbren
Coety
Cog
Cogan
Coity
Colbren
Colcot
Cold Blow
Cold Inn
Coldbrook
Coldra
Coleshill
Colfa
Collfryn
Colston
Colts Hill
Coltshill
Colva
Colwinston
Colwyn Bay
Comins Coch
Comins-coch
Commins
Commins Coch
Common Cefn-llwyn
Commons
Commonwood
Common-y-coed
Congl y Wal
Congl-y-wal
Connah's Quay
Conwy
Coombs
Coopers
Copenhagen
Coppa View
Corlannau
Corneli
Cornelly
Cornelyn
Cornhill
Cornist
Cornist Ganol
Corntown
Corntwn
Corris
Corris Uchaf
Corwen
Coryton
Cosheston
Cosmeston
Cotland
Court Colman
Court Henry
Court Sart
Court-Henry
Cowbridge
Coychurch
Coytrahen
Crabtree Green
Cradoc
Crai
Craig Bedw
Craig Berthlwyd
Craig Cefn Parc
Craig Gellinudd
Craig Gelli-wen
Craig Glyn-meirch
Craig Llangiwg
Craig Rhymni
Craig y duke
Craigcefnparc
Craig-cefn-parc
Craig-gelli-nedd
Craig-Glyn-Meirch
Craig-Rhymney
Craig-Trewyddfa
Craig-y-don
Craig-y-dorth
Craig-y-Duke
Craig-y-fedw
Craig-y-penrhyn
Craig-y-Rhacca
Cray
Cregrina
Creigau
Creigiau
Cremlyn
Cresselly
Crewgreen
Cribyn
Criccieth
Cricieth
Crick
Crickadarn
Crickhowell
Criggion
Crindau
Crinow
Croes Hywel
Croes Llanfair
Croes y pant
Croeserw
Croes-goch
Croes-Hywel
Croes-lan
Croesor
Croespenmaen
Croes-pen-maen
Croes-wian
Croesyceiliog
Croes-y-Ceiliog
Croesyceilog
Croes-y-mwyalch
Croesywaun
Crofty
Crogen
Cronwear
Cross Ash
Cross Hands
Cross Inn
Cross Lanes
Cross Oak
Crossgates
Crosshands
Cross-Hands
Crosskeys
Crosspenmaen
Crosstown
Crossway
Crossway Green
Crossways
Crosswell
Crosswood
Crow Hill
Crowther's Pool
Crucadarn
Crucywel
Crug
Crugion
Crugybar
Crug-y-bar
Crug-y-byddar
Crugyreryr
Crumlin
Crundale
Crundale Hook
Crunwear
Crunwere
Crwbin
Crymlyn
Crymlyn Burrows
Crymych
Crymych Arms
Crynant
Crynllwyn
Crynwedd
Cuckoo's Corner
Cuckoo's Row
Cuffern
Cumber's Bank
Cupid's Hill
Cutiau
Cuttybridge
Cwlach
Cwm
Cwm Aran
Cwm Bargod
Cwm Bromley
Cwm Capel
Cwm Ciddy
Cwm Cledan
Cwm Cownwy
Cwm Dows
Cwm Dulais
Cwm Dwygo
Cwm Ffrwd-oer
Cwm Fields
Cwm Gelli
Cwm Glesyrch
Cwm Gwyn
Cwm Heyop
Cwm Irfon
Cwm Ivy
Cwm Llwyd
Cwm Nant-gam
Cwm Parc
Cwm Penmachno
Cwm Plysgog
Cwm Rhondda
Cwm Rhyd y Cierw
Cwmafan
Cwmafon
Cwmaman
Cwmann
Cwm-ann
Cwmaran
Cwmavon
Cwmbach
Cwmbach Llechrhyd
Cwmbelan
Cwm-Belan
Cwm-blaen-bwlan
Cwmbrân
Cwmbran Uchaf
Cwmbrân Uchaf
Cwm-Bromley
Cwmbrwyno
Cwm-brwyno
Cwm-bwr
Cwmbychan
Cwm-byr
Cwmcarfan
Cwmcarn
Cwm-carn
Cwmcarnhywel
Cwmcarvan
Cwm-celyn
Cwmcerdinen
Cwm-Cewydd
Cwmcoednerth
Cwm-corrwg
Cwm-cou
Cwmcrawnon
Cwm-Crawnon
Cwmcych
Cwm-Cych
Cwmdâr
Cwmdare
Cwmderwen
Cwm-derwen
Cwm-dows
Cwmdu
Cwm-du
Cwmduad
Cwmdulais
Cwmdwr
Cwm-dwr
Cwm-dwygo
Cwmeldeg
Cwmerfyn
Cwm-fedw
Cwmfelin
Cwmfelin Boeth
Cwmfelin Mynach
Cwmfelin-boeth
Cwmfelinfach
Cwmfelin-fach
Cwm-felin-fach
Cwmfelinmynach
Cwmffrwd
Cwm-ffrwd
Cwmffrwdoer
Cwmfields
Cwm-Fields
Cwmgiedd
Cwmgors
Cwm-gors
Cwmgwili
Cwmgwrach
Cwm-gwrach
Cwmgwyn
Cwmhiraeth
Cwm-hwnt
Cwmifor
Cwm-Ifor
Cwm-iou
Cwmisfael
Cwm-is-fael
Cwmlanerch
Cwm-Llinau
Cwmllynfell
Cwm-mawr
Cwmmiles
Cwm-miles
Cwm-nant-gwynt
Cwmnantyrodyn
Cwm-nant-yr-odyn
Cwm-oernant
Cwmorgan
Cwmorthin
Cwmparc
Cwm-parc
Cwmpengraig
Cwm-pen-graig
Cwmpennar
Cwmrhaiadr
Cwmrhos
Cwm-rhos
Cwmrhydyceirw
Cwm-Rhyd-y-Cierw
Cwmsychan
Cwmsychbant
Cwmsychpant
Cwmsyfiog
Cwmsymlog
Cwmteuddwr
Cwmtillery
Cwm-twrch Isaf
Cwm-twrch Uchaf
Cwmtyleri
Cwmwdig Water
Cwmwysg
Cwm-y-glo
Cwm-y-llech
Cwmyniscoy
Cwmynyscoy
Cwmyoy
Cwmyreglwys
Cwm-yr-Eglwys
Cwmystradllyn
Cwmystwyth
Cwrt
Cwrt Sart
Cwrt-henri
Cwrtnewydd
Cwrt-newydd
Cwrt-y-cadno
Cydweli
Cyffin
Cyffredin
Cyffredyn
Cyffylliog
Cyfronydd
Cymau
Cymdda
Cymer
Cymmer
Cyncoed
Cynfal
Cynfal-Fawr
Cynffig
Cynghordy
Cynheidre
Cynlas
Cynnull-mawr
Cynonville
Cyntwell
Cynwyd
Cynwyl Elfed
Cywarch
Dafen
Dale
Dan Caerlan
Dan-y-deri
Danygraig
Dan-y-graig
Dardy
Daren
Darenfelen
Daren-felen
Darland
Darowen
Darran
Darranlas
Darren
Davids Well
David's Well
Dawn
Ddol
Ddol Cownwy
Deepweir
Deerland
Defynnog
Degannwy
Deganwy
Degar
Deiniolen
Denant
Denbigh
Deneio
Denio
Deri
Derlwyn
Derry Ormond
Derwen
Derwen Las
Derwen-fawr
Derwen-gam
Derwenlas
Derwen-las
Derwydd
Dethenydd
Deuddwr
Devauden
Devil's Bridge
Devynock
Dewstow
Dihewyd
Dimlands
Dinam
Dinas
Dinas Bach
Dinas Cross
Dinas Dinlle
Dinas Mawddwy
Dinas Mawr
Dinas Powis
Dinas-Mawddwy
Dinbych
Dinbych-y-pysgod
Dingestow
Dinham
Dinmael
Dinorwic
Dinorwig
Discoed
Diserth
Disgoed
Disserth
Dixton
Dobs Hill
Doc Penfro
Dolanog
Dolarddyn
Dolau
Dolbenmaen
Doldowlod
Dol-dre
Dole
Dolfach
Dol-fach
Dol-ffanog
Dolfor
Dolfor Lock
Dolforwyn
Dol-forwyn
Dolgarrog
Dolgau
Dol-gau
Dolgellau
Dolgerdd
Dôlgoch
Dôl-goch
Dolgran
Dol-gran
Dolhelfa
Dolhendre
Dolley Green
Dollwen
Dolobran
Dolphin
Dolwar-Fach
Dolwen
Dôlwen
Dôl-wen
Dolwyd
Dolwyddelan
Dôl-y-bont
Dol-y-cannau
Dolydd
Dôlygaer
Dôl-y-gaer
Dolyhir
Dol-y-maen
Dolymelinau
Dolypandy
Dol-y-pandy
Dol-yr-Onen
Dolyronnen
Dolywern
Dol-y-Wern
Domgay
Dothan
Douglas Hill
Dowlais
Dowlais Top
Downs
Downton
Draethen
Dreenhill
Drefach
Dre-fach
Dre-goch
Drenewydd Gelli-farch
Drenewydd yn Notais
Drim
Drope
Druid
Druidston
Druidstone
Drury
Drury Lane
Drws-y-coed
Dryslwyn
Dudwells
Duffryn
Dugoed
Dukestown
Dulas
Dunston Park
Dunvant
Dutlas
Dwygyfylchi
Dwyran
Dwyrhiw
Dyffryn
Dyffryn Ardudwy
Dyffryn Ceidrych
Dyffryn Cellwen
Dyffryn Tanat
Dyffryn-bern
Dyffryn-mawr
Dyfnant
Dylife
Dyserth
Dysserth
Earlswood
Earlswood Common
East Aberthaw
East Bank
East Brook
East Moors
East Trewent
East Village
East Williamston
Eastbrook
Eastern Slade
Ebbw Vale
Edern
Edmondstown
Ednol
Edwardsville
Edwinsford
Efail Fach
Efail Isaf
Efail-fach
Efailisaf
Efailnewydd
Efail-rhyd
Efailwen
Efail-wen
Efailwen isaf
Efenechdyd
Efenechtyd
Eglwys Brewys
Eglwys Cross
Eglwys Fach
Eglwys Fair y Mynydd
Eglwys Wen
Eglwys Wythwr
Eglwys y Drindod
Eglwysbach
Eglwys-bach
Eglwys-Brewis
Eglwyscummin
Eglwysfach
Eglwys-fach
Eglwys-rhos
Eglwyswen
Eglwyswrw
Eirias
Eisengrug
Eisingrug
Elan Village
Elerch
Elim
Elliot's Town
Ely
Energlyn
Engedi
Erbistock
Erbistog
Erlas
Erwood
Eryrys
Esgair
Esgair Maen
Esgairgeiliog
Esgair-Geiliog
Esgair-Maen
Esgyryn
Estavarney
Eunant
Eutun
Evanstown
Evenjobb
Ewenni
Ewenny
Ewenny Cross
Eweston
Ewloe
Ewloe Green
Eyton
Fachell
Fachwen
Fachwen-ganol
Fachwen-isaf
Fachwen-uchaf
Faenor-Uchaf
Faerdre
Faerdrefawr
Faerdre-fawr
Fagwyr
Fairbourne
Fairfield
Fairoak
Fairwater
Falcondale
Farmers
Farnowen
Farteg
Fawnog
Fedw Fawr
Felin Newydd
Felin Puleston
Felin-Crai
Felindre
Felindre Farchog
Felinfach
Felin-fach
Felinfoel
Felin-foel
Felinganol
Felingwmisaf
Felin-gwm-isaf
Felin-gwm-uchaf
Felin-newydd
Felin-wen
Felin-Wnda
Fennifach
Fenn's Bank
Ferley
Ferndale
Fernhill
Ferryside
Ferwig
Ffair Rhos
Ffairfach
Ffair-fach
Ffair-Rhos
Ffaldybrenin
Ffald-y-Brenin
Ffarmers
Ffawyddog
Fferam
Fferws Hill
Ffestiniog
Ffon-mon
Fforddlas
Ffordd-las
Ffordd-y-Gyfraith
Ffordun
Fforest
Fforest Coal Pit
Fforest Goch
Fforestfach
Fforest-fach
Ffostrasol
Ffos-y-ffin
Ffos-y-fran
Ffos-y-go
Ffridd
Ffridd Penthryn
Ffrith
Ffrwd
Ffwl-y-mwn
Ffynnon
Ffynnon Ddewi
Ffynnon Gron
Ffynnon Gynydd
Ffynnon Taf
Ffynnonddewi
Ffynnonddrain
Ffynnon-ddrain
Ffynnongroyw
Ffynnon-oer
Ffynnonwen
Ffynnon-wen
Figure Four
Fishguard
Fishpool
Fishpools
Five Lanes
Five Roads
Flemingston
Fleur-de-lis
Flint
Flint Mountain
Fochriw
Foel
Foel Gron
Foelallt
Foelgastell
Folly
Fonmon
Font-y-gary
Ford
Forden
Forest Coal Pit
Forge
Forge Hammer
Forge Side
Foryd
Foundry Town
Fountain
Four Crosses
Four Mile Bridge
Four Roads
Fox Hole
Foxhole
Frank's Bridge
Frankwell
Frederick Place
Freehold Land
Freshwater East
Freystrop
Friog
Frochas
Frog Moor
Froghall
Fron
Fron Bache
Fron Isaf
Fron-Bache
Froncysylltau
Froncysyllte
Frondeg
Fron-deg
Frongoch
Fron-goch
Fron-oleu
Furnace
Gabalfa
Gadfa
Gadlys
Gaer
Gaer-fawr
Gaerllwydd
Gaer-lwyd
Gaerwen
Galdlys
Galdys
Gallowsgreen
Gallt Melyd
Galltegfa
Galltfaenan
Gallt-y-foel
Galon Uchaf
Ganllwyd
Garden City
Garden Village
Gardiffaith
Garig-adwy-wynt
Garizim
Garn
Garn Ddyrys
Garn Lydan
Garnant
Garndiffaith
Garndolbenmaen
Garn-Dolbenmaen
Garneddwen
Garnfadrun
Garnfadryn
Garn-Las
Garnlydan
Garnswllt
Garn-swllt
Garn-yr-erw
Garreg
Garth
Garth Hill
Garth Owen
Garth Place
Garth Trevor
Garth Uchaf
Garthbeibio
Garthbrengi
Garthbrengy
Gartheiniog
Gartheli
Garthgellin
Garthmyl
Garth-obry
Gas-Gwent
Gatewen
Gatlas
Gaufron
Gegin
Geifr Common
Geinas
Gell
Gelli
Gelli Ffrydiau
Gelli Ucha
Gelli-aur
Gellideg
Gellifelen
Gellifor
Gelligaer
Gelli-gaer
Gelligroes
Gelli-groes
Gelli-gron
Gelli-haf
Gellilydan
Gellinedd
Gellinudd
Gelli-nudd
Gelliswick
Gelliwastad
Gelli-wen
Gellygron
Gellyswick
Gellywen
Gendros
Geneva
George Town
Georgetown
Gerdinen isaf
Gerlan
Geseilfa
Geuffordd
Geufron
Giant's Grave
Gibbet Hill
Gignog
Gileston
Gilfach
Gilfach Goch
Gilfachreda
Gilwern
Gladestry
Glais
Glan Adda
Glan Clwyd
Glan Clwyd Ganol
Glan Mule
Glanadda
Glan-Adda
Glanafon
Glanalaw
Glan-Alaw
Glanaman
Glan-bad
Glanbran
Glan-Bran
Glan-Clwyd
Glanconwy
Glan-Duar
Glandwr
Glan-dwr
Glan-Dwyfach
Glandy Cross
Glandyfi
Glaneirw
Glan-Frogan
Glangrwyney
Glan-Gwili
Glanhanog
Glanmule
Glanmwrwg
Glanpwllafon
Glan-pwll-afon
Glanrafon
Glanrhyd
Glan-rhyd
Glansevin
Glantawe
Glan-tawe
Glanwern
Glanwydden
Glan-y-don
Glan-y-llyn
Glan-y-mor
Glan-y-nant
Glanypwll
Glan-y-Pwll
Glanyrafon
Glan-yr-afon
Glan-y-wern
Glasbury
Glascoed
Glascwm
Glasdir
Glasfryn
Glasgoed
Glasgwm
Glasinfryn
Glasllwch
Glaspwll
Glebeland
Gleiniant
Glenowen
Glen-Usk
Globwll
Glog Hill
Glogue
Glyddyn
Glyn
Glyn Brochan
Glyn Castle
Glyn Ceiriog
Glyn Fach
Glyn Neath
Glynarthen
Glynbrochan
Glyncoch
Glyncoed
Glyncorrwg
Glyndyfrdwy
Glynebwy
Glynfach
Glyn-Gower
Glynhafren
Glyn-hir
Glynllan
Glyn-moch
Glyn-neath
Glyn-nedd
Glynogwr
Glyn-taf
Glyntaff
Glyntawe
Glynteg
Glyn-teg
Glyntrefnant
Gnoll
Godreaman
Godre'r-graig
Goetre
Goetre Hill
Goetref
Goferydd
Gofilon
Gogerddan
Goginan
Gogoyan
Goitre
Golan
Golch
Gold Cliff
Gold Tops
Goldcliff
Golden Grove
Golden Hill
Golfa
Golftyn
Golly
Golynos
Goodwick
Goostrey
Goppa
Gorddinog
Gore
Gorn
Gorof
Goron-ddu
Gorrig
Gors
Gorsedd
Gorseinon
Gorsgoch
Gorslas
Gors-las
Gourton
Govilon
Gowerton
Goytre
Graianrhyd
Graig
Graig Adwy Wynt
Graig Felen
Graig Penllyn
Graig Trewyddfa
Graig-adwy-wynt
Graigcefnparc
Graig-Fawr
Graigfechan
Graig-fechan
Graig-lwyd
Graig-Olway
Graig-Trewyddfa
Graigwen
Graig-y-gronfa
Grangetown
Granston
Great Cellws
Great Hardwick
Great Hem
Great Honeyborough
Great Llyfos
Great Oak
Great Rudbaxton
Great Tre Rhew
Great Tre-rhew
Great Weston
Green
Green Grove
Green Lane
Greenfield
Greenmeadow
Greenway
Gregynog
Gresffordd
Gresford
Greynor
Griffithstown
Groes
Groes Efa
Groes Faen
Groes Llwyd
Groes-faen
Groes-fawr
Groesfford
Groesffordd
Groesffordd Marli
Groes-Goch
Groeslon
Groes-lwyd
Groespluan
Groes-wen
Grofield
Gronant
Grondre
Grosmont
Grove
Grovesend
Gryn Goch
Guilford
Guilsfield
Gumfreston
Gungrog Fawr
Gurn
Gurnos
Gwaelod-y-garth
Gwaenysgor
Gwaithla
Gwalchmai
Gwalchmai Uchaf
Gwarafog
Gwastad
Gwastadcoed
Gwastadgoed
Gwastadnant
Gwaun Treoda
Gwauncaegurwen
Gwaun-Cae-Gurwen
Gwaun-gyd
Gwaunleision
Gwaun-Leision
Gwaunysgor
Gwaunyterfyn
Gwbert
Gwbert on Sea
Gwehelog
Gwehelog Common
Gwehelog Fawr
Gwenddwr
Gwenfô
Gwepra
Gwern
Gwern Hywel Uchaf
Gwern Pen-y-nant
Gwernaffield
Gwernafon
Gwerneirin
Gwernesney
Gwernesni
Gwernestyn
Gwern-Estyn
Gwernhywel Bach
Gwernhywel isaf
Gwernhywel-ganol
Gwernoge
Gwernogle
Gwernol
Gwern-y-Cil
Gwernydd
Gwern-y-go
Gwernymynydd
Gwern-y-Steeple
Gwersyllt
Gwesbyr
Gwespyr
Gwestydd
Gwndy
Gwredog
Gwrhay
Gwrhyd Mawr
Gwrhyd-Mawr
Gwyddelwern
Gwyddgrug
Gwynant
Gwynfryn
Gwynfynydd
Gwyn-Fynydd
Gwystre
Gwytherin
Gyfeillon
Gyfelia
Gyffin
Gyrn
Gyrnos
Hadnock
Hafod
Hafod Fawr
Hafod ganol
Hafod Grove
Hafod Uchaf
Hafodiwan
Hafod-y-bwch
Hafod-y-coed
Hafod-y-Green
Hafodyrynys
Hailey Park
Haimwood
Hakin
Halchdyn
Halcock
Halfpenny Furze
Halfway
Halfway Bridge
Halghton
Halkyn
Halkyn Mountain
Hall Green
Halton
Ham
Hanmer
Hanover Square
Harbour Village
Hardwick
Harlech
Harmeston Cross
Haroldston West
Harpton
Harts Heath
Hartsheath
Haughton
Haven's Head
Haverfordwest
Hawarden
Hawen
Hawthorn
Haycastle Cross
Haylett
Hay-on-Wye
Hayscastle
Haysford
Hayston
Hazelbank
Hazelbeach
Heartsease
Heath
Hebron
Heldre
Helygain
Hem
Hem Moor
Hen Domen
Henallt
Henbarc
Hen-barc
Henblas
Hendidley
Hendomen
Hen-domen
Hendre
Hendre-ddu
Hendredenny Park
Hendreforgan
Hendre-Rhys
Hendrerwydd
Hendrewen
Hendy
Hendy-gwyn
Hen-efail
Heneglwys
Henfeddau
Hengoed
Heniarth
Henllan
Henllan Amgoed
Henllan-fawr
Henllys
Henllys Vale
Henryd
Henry's Moat
Hensol
Heol Gerrig
Heol Las
Heol Senni
Heol-ddu
Heolddu Uchaf
Heolgaled
Heolgerrig
Heol-laethog
Heol-las
Heolsenni
Heol-ty-Maen
Heol-y-Cyw
Heol-y-gaer
Heol-y-mynydd
Herbrandston
Hermon
Heronston
Heyop
Heyope
High Cross
Higher Ferry
Higher Kinnerton
Higher Shotton
Highfield
Highgate
Highlight
Highmead
Highmoor Hill
Hightown
Hill
Hill Mountain
Hillblock
Hillend
Hilltop
Hirael
Hiraeth
Hirdre-faig
Hirnant
Hir-rhos
Hirwaen
Hirwaun
Hirwaun Common
Hodgeston
Hodley
Hoel Laethog
Holly Bush
Hollybush
Holt
Holway
Holy Island
Holyhead
Holywell
Holywell Common
Honkley
Hook
Hoop
Hope
Hope Mountain
Hopkinstown
Hopton Isaf
Hopton Uchaf
Horeb
Horseman's Green
Horton
Hoseley
Houghton
Howey
Howick
Hubberston
Hundleton
Hundred House
Hurdley
Hwlffordd
Hydan
Hyssington
Hyssington Marsh
Idole
Iet-y-bwlch
Ifftwn
Ifton
Ifton Hill
Ilston
Iolyn Park
Iorath
Isallt Bach
Is-coed
Islaw'r-dref
Isycoed
Is-y-coed
Itton
Itton Common
Jameston
Jeffreyston
Jersey Marine
Jingle Street
John's Town
Johnston
Johnstown
Jordanston
Jordanstown
Keeston
Kelsterton
Kemeys
Kemeys Commander
Kendon
Kenfig
Kenfig Hill
Kenson
Kerry
Kete
Kidwelly
Kilgetty
Kilgwrrwg
Kilgwrrwg Common
Killay
Kilvelgy
Kilvrough
Kingcoed
King's Bridge
Kings Mills
King's Mills
Kingsbridge
Kingsfold
Kingsland
Kingswood
Kinmel
Kinmel Bay
Kinnerton
Kinnerton Green
Kittle
Knaveston
Knelston
Knighton
Knollbury
Knolton
Knolton Bryn
Knucklas
Kymin
Lacharn
Lake
Laleston
Lambston
Lampeter
Lampeter Velfrey
Lampha
Lamphey
Landimor
Landimore
Landore
Landshipping
Landshipping Quay
Lane End
Lane Head
Lanesend
Langdon
Langland
Langland Bay
Langstone
Lanlluest
Lansbury Park
Lantrisant
Lan-wen
Larch Grove
Larnog
Lasgarn
Laugharne
Lavernock
Lavernock Point
Lavister
Lawnt
Lawrence Hill
Lawrenny
Lawrenny Quay
Leadmill
Leasbrook
Leason
Leckwith
Lecwydd
Leech Pool
Leechpool
Leeswood
Legar
Leighton
Lenten Pool
Leonardston
Letterston
Letty Brongu
Level of Mendalgief
Leweston
Lewistown
Libanus
Licswm
Liddeston
Lightwood Green
Limeslade
Lingoed
Lisbon
Lisvane
Liswerry
Litchard
Little Arowry
Little Ffordd-fawr
Little Green
Little Hardwick
Little Harmeston
Little Haven
Little Honeyborough
Little London
Little Mancot
Little Milford
Little Mill
Little Mountain
Little Newcastle
Little Ormes Head
Little Overton
Little Reynoldston
Little Rickeston
Lixwm
Llaethdy
Llai
Llaingarreglwyd
Llaingoch
Llain-goch
Llain-y-gawsai
Llaithgwm
Llam-march
Llampha
Llamyrewig
Llan Sain Siôr
Llanaber
Llanaelhaearn
Llanafan
Llanafan Fawr
Llanafan-fawr
Llanallgo
Llanandras
Llananno
Llanarmon
Llanarmon Dyffryn Ceiriog
Llanarmon Mynydd Mawr
Llanarmon Mynydd-mawr
Llanarmon-yn-Iâl
Llanarth
Llan-arth
Llanarthne
Llanarthney
Llanasa
Llanbabo
Llanbad
Llanbadarn Fawr
Llanbadarn Fynydd
Llanbadarn Garreg
Llanbadarn-y-garreg
Llanbadoc
Llanbadog
Llanbadrig
Llanbeder
Llanbedr
Llan-bedr
Llanbedr Castell-paen
Llanbedr Dyffryn Clwyd
Llanbedr Efelfre
Llanbedr Felffre
Llanbedr Gwynllwg
Llanbedr Painscastle
Llanbedr Pont Steffan
Llanbedr Ystrad Yw
Llanbedr-Dyffryn-Clwyd
Llanbedrgoch
Llanbedr-goch
Llanbedrog
Llanbedrycennin
Llanbedr-y-cennin
Llanbedr-y-fro
Llanbeidy
Llanbella
Llanberis
Llanbethery
Llanbister
Llanblethian
Llanboidy
Llanbradach
Llanbrynmair
Llanbryn-mair
Llanbydderi
Llancadle
Llancaeach
Llancaiach
Llancarfan
Llancatal
Llancayo
Llancowrid
Llancyfelyn
Llancynfelyn
Llandaf
Llandafal
Llan-dafal
Llandaff
Llandaff North
Llandanwg
Llandarcy
Llan-dawg
Llandawke
Llanddaniel Fab
Llanddaniel-fab
Llanddarog
Llanddeiniol
Llanddeiniolen
Llandderfel
Llanddeti
Llanddetty
Llanddeusant
Llanddew
Llan-ddew
Llanddewi
Llanddewi Fach
Llanddewi Felffre
Llanddewi Nant Hodni
Llanddewi Rhydderch
Llanddewi Velfrey
Llanddewi Ystradenni
Llanddewibrefi
Llanddewi-Brefi
Llanddewi'r cwm
Llanddewi-yn-Heiob
Llanddingad
Llanddinol
Llanddoged
Llanddona
Llanddowror
Llanddulas
Llanddunwyd
Llanddwyn Island
Llanddwywe
Llanddwywe-is-y-graig
Llanddyfnan
Llandebie
Llandecwyn
Llandefaelog
Llandefaelog Tre'r-graig
Llandefaelog-tre'r-graig
Llandefalle
Llandegai
Llandegfan
Llandegfedd
Llandegla
Llandeglau
Llandegley
Llandegveth
Llandegwning
Llandegwyn
Llandeilo
Llandeilo Bertholau
Llandeilo Fawr
Llandeilo Ferwallt
Llandeilo Graban
Llandeilo Gresynni
Llandeilo Porth Halog
Llandeilo'r Fân
Llandeilo'r-fân
Llandeloy
Llandenni
Llandenny
Llandenny Walks
Llandetty
Llandevaud
Llandevenny
Llandilo
Llandilo-abercowin
Llandilo-yr-ynys
Llandinam
Llandissilio
Lland-lwy
Llandochau
Llandoche
Llandogo
Llandough
Llandovery
Llandow
Llandraw
Llan-draw
Llandre
Llandridian
Llandrillo
Llandrillo-yn-Edeirnion
Llandrillo-yn-Rhos
Llandrindod
Llandrindod Wells
Llandrinio
Llandruidion
Llandudno
Llandudno Junction
Llandudoch
Llandudwen
Llandudwg
Llandulas
Llanduloch
Llandw
Llandwrog
Llandybïe
Llandyfaelog
Llandyfaelog Fach
Llandyfái
Llandyfalle
Llandyfân
Llandyfrïog
Llandyfrydog
Llandygái
Llandygwydd
Llandynan
Llandynnan
Llandyrnog
Llandyry
Llandysilio
Llandysoe
Llandyssil
Llandysul
Llanedern
Llanedeyrn
Llanefydd
Llaneglwys
Llanegryn
Llanegwad
Llaneigon
Llaneilfyw
Llaneilian
Llaneirwg
Llanelen
Llaneleu
Llanelian yn-Rhos
Llanelidan
Llanelieu
Llanellen
Llanelli
Llanelltud
Llanelltyd
Llanelly
Llanelly Hill
Llanelwedd
Llanelwy
Llanenddwyn
Llanengan
Llanerch
Llanerch Emrys
Llanerchemrys
Llanerch-Emrys
Llanerchydol
Llanerchymedd
Llanerch-y-medd
Llanerfyl
Llaneuddog
Llaneurgain
Llanfable
Llanfabon
Llanfach
Llanfaches
Llanfachraeth
Llanfachreth
Llanfaelog
Llanfaelrhys
Llanfaenor
Llanfaes
Llan-faes
Llanfaethlu
Llanfaglan
Llanfair
Llan-fair
Llanfair Caereinion
Llanfair Cilgedin
Llanfair Clydogau
Llanfair Dyffryn Clwyd
Llanfair Isgoed
Llanfair Kilgeddin
Llanfair Llythynwg
Llanfair Nant-gwyn
Llanfair Pwllgwyngyll
Llanfair Talhaearn
Llanfair Talhaiarn
Llanfairfechan
Llanfair-Nant-Gwyn
Llanfairpwllgwyngyll
Llanfair-ym-Muallt
Llanfairyneubwll
Llanfairynghornwy
Llanfair-yng-Nghornwy
Llanfair-yn-neubwll
Llanfallteg
Llanfallteg West
Llanfannar
Llanfaredd
Llanfarian
Llanfarthin
Llanfechain
Llanfechan
Llanfechell
Llanfellte
Llanferres
Llanffa
Llanfflewyn
Llanfigael
Llanfihangel
Llanfihangel Crucornau
Llanfihangel Cwm Du
Llanfihangel Dyffryn Arwy
Llanfihangel Genau'r-glyn
Llanfihangel Glyn Myfyr
Llanfihangel Helygen
Llanfihangel Llantarnam
Llanfihangel Nant Brân
Llanfihangel Nant Melan
Llanfihangel near Rogiet
Llanfihangel Penbedw
Llanfihangel Pontymoel
Llanfihangel Pont-y-moel
Llanfihangel Rhydieithon
Llanfihangel Rhydithon
Llanfihangel Rogiet
Llanfihangel Tal-y-llyn
Llanfihangel Tre'r-beirdd
Llanfihangel Troddi
Llanfihangel Troi
Llanfihangel y Bont-faen
Llanfihangel yn Nhowyn
Llanfihangel yng Ngwynfa
Llanfihangel Ystum Llywern
Llanfihangel-ar-arth
Llanfihangel-ar-Elái
Llanfihangel-helygen
Llanfihangel-nant-Melan
Llanfihangel-uwch-Gwili
Llanfihangel-y-Creuddyn
Llanfihangel-y-fedw
Llanfihangel-y-gofion
Llanfihangel-yng-Ngwynfa
Llanfihangel-yng-Nhywyn
Llanfihangel-y-Pennant
Llanfihangel-y-pwll
Llanfihangel-y-traethau
Llanfillo
Llanfilo
Llanfleiddan
Llanfocha
Llanfoist
Llanfor
Llanfrechfa
Llanfrothen
Llanfrynach
Llanfwrog
Llanfyllin
Llanfynydd
Llanfyrnach
Llangadfan
Llangadock
Llangadog
Llangadwaladr
Llangaffo
Llangain
Llan-gain
Llangamarch
Llangammarch
Llangammarch Wells
Llangan
Llan-gan
Llanganhafal
Llanganna
Llangasty Tal-y-llyn
Llangasty-Talyllyn
Llangathen
Llangattock
Llangattock Lingoed
Llangattock Nigh Usk
Llangattock-Vibon-Avel
Llangatwg
Llangatwg Dyffryn Wysg
Llangatwg Feibion Afel
Llangatwg Lingoed
Llangedwyn
Llangefni
Llangeinor
Llangeinwyr
Llangeitho
Llangeler
Llangelynnin
Llangenau
Llangendeirne
Llangennech
Llangenni
Llangennith
Llangenny
Llangernyw
Llangeview
Llangïan
Llanginning
Llangiwa
Llangiwg
Llan-giwg
Llangloffan
Llanglydwen
Llangoed
Llangoedmor
Llangofan
Llangollen
Llangolman
Llan-gors
Llangorse
Llangorwen
Llangovan
Llangower
Llangrallo
Llangrannog
Llangranog
Llangristiolus
Llangrwyne
Llangrwyney
Llangua
Llanguicke
Llangunllo
Llangunnor
Llangurig
Llangwm
Llan-gwm
Llangwm Isaf
Llangwnnadl
Llangwstenin
Llangwyfan
Llangwyfan-isaf
Llangwyllog
Llangwyryddon
Llangwyryfon
Llangybi
Llangybi Fawr
Llangyfelach
Llangyfiw
Llangyndeyrn
Llangynfarwy
Llangynfelyn
Llangynhafal
Llangynidr
Llangyniew
Llangynin
Llangynnwr
Llangynog
Llangynwyd
Llangynydd
Llangynyw
Llangywair
Llangywer
Llanhamlach
Llanharan
Llanhari
Llanharry
Llanhennock
Llanhenwg Fawr
Llanhiledd
Llanhilleth
Llanhowel
Llanhuadain
Llanhychan
Llanhywel
Llanhywg Fawr
Llanidan
Llanidloes
Llanieithion
Llaniestyn
Llanifyny
Llanigon
Llanilar
Llanilid
Llanilltern
Llanilltud Faerdref
Llanilltud Fawr
Llanilltud Gwyr
Llanina
Llanion
Llanishen
Llanisien
Llanismel
Llanllawddog
Llanllawen Fawr
Llanllechid
Llanllibio Fawr
Llanllowell
Llanllugan
Llanllwch
Llan-llwch
Llanllwchaearn
Llanllwchaiarn
Llanllwni
Llanllyfni
Llanllyr
Llanllyr-yn-Rhos
Llanllywel
Llanmadoc
Llanmadog
Llanmaes
Llanmartin
Llanmerwig
Llanmihangel
Llan-mill
Llanmiloe
Llanmorlais
Llannarth
Llannefydd
Llannerch Banna
Llannerchfydaf
Llannerch-Fydaf
Llannerch-y-medd
Llannerch-y-môr
Llannewydd
Llannon
Llan-non
Llannor
Llanofer Fawr
Llanon
Llanover
Llanpumsaint
Llanreath
Llanreithan
Llanrhaeadr
Llanrhaeadr-ym-Mochnant
Llanrhaeadr-yng-Nghinmeirch
Llanrheithan
Llanrhian
Llanrhidian
Llanrhos
Llan-rhos
Llan-rhudd
Llanrhuddlad
Llanrhychwyn
Llanrhydd
Llanrhyddlad
Llanrhymni
Llanrhystud
Llanrug
Llanrumney
Llanrwst
Llansadurnen
Llansadwrn
Llansadyrnin
Llansaint
Llan-saint
Llansamlet
Llansanffraid
Llansanffraid Cwmteuddwr
Llansanffraid Glan Conwy
Llansanffraid Glynceiriog
Llansanffraid Gwynllwg
Llansanffraid-ar-Elái
Llansanffraid-yn-Elfael
Llansannan
Llansannor
Llansantffraed
Llansantffraed-Cwmdeuddwr
Llansantffraed-in-Elvel
Llansantffraed-in-Elwel
Llansantffraed-in-Elwell
Llansantffraid ym Mechain
Llansantffraid-ym-Mechain
Llansanwyr
Llansawel
Llansbyddyd
Llansilin
Llan-soe
Llansoy
Llanspyddid
Llanstadwel
Llanstadwell
Llansteffan
Llanstephan
Llanstrisant
Llantarnam
Llantarnam Nant Teyrnon
Llanteems
Llanteg
Llan-teg
Llanthewy Vach
Llanthony
Llantilio Crossenny
Llantilio Pertholey
Llantood
Llantriddyd
Llantrisaint
Llantrisaint Fawr
Llantrisant
Llantrissent Fawr
Llantrithyd
Llantwit
Llantwit Fardre
Llantwit Major
Llantwyd
Llanuwchllyn
Llanvaches
Llanvair-Discoed
Llanvapley
Llanvetherine
Llanvihangel Crucorney
Llanvihangel Gobion
Llanvihangel Llantarnam
Llanvihangel near Roggiett
Llanvihangel-Ystern-Llewern
Llanvirn
Llanwarw
Llanwddyn
Llanwenarth
Llanwenog
Llanwern
Llan-wern
Llanwinio
Llanwnda
Llanwnnen
Llanwnog
Llanwonno
Llanwrda
Llanwrin
Llanwrthwl
Llanwrtyd
Llanwrtyd Wells
Llanwyddelan
Llanwynell
Llanwynoro
Llanwytherin
Llanybri
Llan-y-bri
Llanybydder
Llanycefn
Llan-y-cefn
Llanychaer
Llanychan
Llanychâr
Llanycil
Llanyfaelog
Llanygofain
Llanymawddwy
Llanymddyfri
Llanymynech
Llanynghenedl
Llanynys
Llan-y-pwll
Llanyrafon
Llanyre
Llanystumdwy
Llan-y-tair-mair
Llanywern
Llan-y-wern
Llawhaden
Llawndy
Llawr-y-Bettws
Llawryglyn
Llawr-y-glyn
Llay
Llechcynfarwy
Llecheiddior
Llechfaen
Llech-faen
Llechfraith
Llechgynfarwy
Llechryd
Llechwedd
Llechwedd Hwlcyn
Llechwedd Llwyd
Llechylched
Lledrod
Lledwigan
Llettem-ddu
Llettum-ddu
Lletty Brongu
Lletty Harry
Lletty-Gwilym
Llettygynfach
Llettyharri
Llettyrychen
Llewitha
Llidiad-Nenog
Llidiardau
Llidiart-y-Parc
Llidiartywaun
Llidiart-y-waun
Llithfaen
Lloc
Llong
Llowes
Lloyney
Lluest
Llugwy
Llundain-fach
Llwydarth
Llwydcoed
Llwydiarth-Esgob
Llwyn
Llwyn Einion
Llwynbrwydrau
Llwyncelyn
Llwyndafydd
Llwynderw
Llwyn-derw
Llwyndrain
Llwyn-du
Llwynduris
Llwyndyrys
Llwyneinion
Llwyneliddon
Llwyn-gwern
Llwyngwril
Llwynhendy
Llwynmawr
Llwyn-mawr
Llwynon
Llwyn-on
Llwyn-on Village
Llwyn-Onn
Llwyn-teg
Llwyn-y-brain
Llwynygog
Llwyn-y-groes
Llwynypia
Llwyn-yr-hwrdd
Llwytgoed
Llwythyfnwg
Llyndu
Llyn-dwr Hill
Llynfaes
Llynpenmaen
Llyn-y-pandy
Llysdinam
Llysfaen
Llys-faen
Llyswen
Llys-wen
Llysworney
Llyswyrny
Llys-y-frân
Llysyfronydd
Llythyfnwg
Llywel
Llywernog
Lock's Common
Loggerheads
Login
Lon
Long Hill
Longcross
Longford
Longstone
Lon-las
Loughor
Loveston
Lower Blacknuck
Lower Brynamman
Lower Castlewright
Lower Chapel
Lower Common
Lower Cwm-twrch
Lower Eweston
Lower Freystrop
Lower Green
Lower Hem
Lower Kingheriot
Lower Machen
Lower Mountain
Lower Nash
Lower New Inn
Lower Ochrwyth
Lower Penarth
Lower Porthkerry
Lower Rabber
Lower Race
Lower Redbrook
Lower Rickeston
Lower Sketty
Lower Solva
Lower Town
Lower Trehelig
Lowlands
Ludchurch
Lunnon
Lydart
Lydstep
Lygan-y-wern
Machen
Machroes
Machynlleth
Machynys
Maddox Moor
Maelienydd
Maenaddwyn
Maen-Addwyn
Maenan
Maenclochog
Maendy
Maengwynedd
Maenllegwaun
Maenlle-gwaun
Maenofferen
Maen-offeren
Maenorbyr
Maenordeilo
Maentwrog
Maen-y-bardd
Maen-y-groes
Maerdy
Maerun
Maes llyn
Maes Pennant
Maes y Coed
Maes-bangor
Maesgeirchen
Maes-Glas
Maes-gwyn
Maesgwynne
Maeshafn
Maesllyn
Maes-llyn
Maesmawr
Maes-mawr
Maesmynis
Maesmynys
Maesteg
Maestir
Maestregymer
Maesybont
Maes-y-bont
Maesycoed
Maesycrugiau
Maes-y-crugiau
Maesycwmer
Maesycwmmer
Maes-y-dre
Maesyfed
Maesygwartha
Maes-y-gwartha
Maesypandy
Maesyrhandir
Maes-y-waen
Magor
Magwyr
Maiden Wells
Maindee
Maindy
Malldraeth
Malltraeth
Mallwyd
Malpas
Mamheilad
Mamhilad
Manafon
Mancot Royal
Manian-fawr
Manmoel
Man-moel
Manod
Manorbier
Manorbier Newton
Manordeilo
Manorowen
Mansant
Manselfield
Manselton
Marble Hall
Marchwiail
Marchwiel
Marcroes
Marcross
Mardy
Marford
Margam
Marian
Marian Cwm
Marian-bach
Mariandyrys
Marianglas
Marian-glas
Marian-y-de
Marian-y-mor
Markham
Marli
Marloes
Marros
Marshfield
Martletwy
Maryland
Mascle Bridge
Matharn
Mathern
Mathrafal
Mathri
Mathry
Mathry Road
Maudlam
Mawdlam
May Hill
Mayals
Mayeston
Mayhill
Maypole
Medwaledd
Meidrim
Meifod
Meinciau
Meinir
Meiros
Meisgyn
Meliden
Melin Caiach
Melin Court
Melin Griffith
Melin Gruffydd
Melin Ifan Ddu
Melinau
Melinbyrhedyn
Melin-Carnguwch
Melincourt
Melin-crwt
Melincryddan
Melingriffith
Melingruffudd
Melin-y-coed
Melin-y-ddol
Melin-y-grug
Melin-y-wig
Mellington
Mellteyrn
Menai Bridge
Mendalgief
Merehead
Merlin's Bridge
Merlin's Cross
Merllyn
Merrion
Merry Green
Merthyr
Merthyr Cynog
Merthyr Dovan
Merthyr Dyfan
Merthyr Mawr
Merthyr Tudful
Merthyr Tydfil
Merthyr Vale
Mesur-y-dorth
Michaelchurch on Arrow
Michaelchurch-on-Arrow
Michaelston super Ely
Michaelston-le-Pit
Michaelston-super-Ely
Michaelston-y-Fedw
Michaelston-y-Vedw
Middle Blacknuck
Middle Heldre
Middle Hill
Middle Mill
Middleton
Middletown
Milebrook
Milffwrd
Milford
Milford Haven
Millbrook
Millin Cross
Milo
Milton
Milwr
Minera
Minffordd
Min-gwern
Minke
Minllyn
Minwear
Miskin
Mitchel Troy
Mitcheltroy Common
Mochdre
Modrydd
Moel Tryfan
Moel Ystradau
Moelfre
Moelfryn
Moel-Tryfan
Moel-y-crio
Moel-y-don
Moel-y-garth
Moel-y-Main
Moity
Mold
Mona
Monachty
Monaughty
Monaughty Poeth
Monington
Monknash
Monkswood
Monkton
Monmouth
Monmouth Cap
Montgomery
Moore Town
Morfa
Morfa Bach
Morfa Borth
Morfa Bychan
Morfa Glas
Morfa Nefyn
Morfabach
Morfil
Morfydd
Morgan Town
Morganstown
Moriah
Morriston
Morristown
Morvil
Moss
Mostyn
Mostyn Quay
Moulton
Mount Ballan
Mount Pleasant
Mount Sion
Mountain
Mountain Air
Mountain Ash
Mountain Hare
Mountain Water
Mounton
Moydog
Moylgrove
Mullock
Mullock Bridge
Mumbles Hill
Murch
Mur-moch
Murton
Musselwick
Mwdwl-eithin
Mwynbwll
Mwyndy
Mwynglawdd
Myddfai
Myddyn-fych
Mydroilyn
Mynachdy
Mynachlog Nedd
Mynachlog-ddu
Myndd Llandegai
Mynwar
Mynwent y Crynwyr
Mynydd Bach
Mynydd Bodafon
Mynydd Bychan
Mynydd Carn-y-cefn
Mynydd Cerrig
Mynydd Cilan
Mynydd Isa
Mynydd Marian
Mynydd Mechell
Mynydd Nefyn
Mynydd-Bach
Mynydd-bach-y-glo
Mynyddcynffig
Mynydd-dwlan-uchaf
Mynyddislwyn
Mynydd-llan
Mynydd-mawr
Mynyddmechell
Mynydd-Pen-bre
Mynydd-y-briw
Mynyddygarreg
Mynytho
Myrtle Hill
Naid-y-march
Nancwnlle
Nanhyfer
Nannau
Nannerch
Nant
Nant Alyn
Nant Mawr
Nant Peris
Nant y Pandy
Nant yr Arian
Nantclwyd
Nantddu
Nant-ddu
Nanternis
Nant-fforch
Nantgaredig
Nantgarw
Nantglas
Nant-glas
Nantglyn
Nantgwyn
Nantgwynant
Nantlle
Nantmel
Nantmor
Nantoer
Nantperis
Nant-porth
Nantserth
Nant-y-Bai
Nant-y-Bwch
Nant-y-cafn
Nantycaws
Nant-y-caws
Nant-y-ceisiad
Nant-y-derry
Nant-y-dugoed
Nant-y-felin
Nant-y-ffin
Nantyffyllon
Nantyglo
Nant-y-glo
Nant-y-meichiaid
Nantymoel
Nant-y-moel
Nant-y-pandy
Nantyrarian
Nantyrhibo
Nant-y-rhibo
Nant-y-Rhiw
Narberth
Narberth Bridge
Nasareth
Nash
Neath
Neath Abbey
Nebo
Nefyn
Nelly Andrews' Green
Nelson
Nercwys
Nerquis
Neuadd
Neuadd-ddu
Neuaddyrynys
Neuadd-yr-ynys
Nevern
Nevin
New Beaupre
New Beaupré
New Bridge
New Brighton
New Broughton
New Cross
New Hedges
New Inn
New Mills
New Moat
New Quay
New Radnor
New Rhosrobin
New Row
New Tredegar
New Well
New Wells
Newborough
Newbridge
Newbridge on Usk
Newbridge on Wye
Newbridge-on-Wye
Newcastle
Newcastle Emlyn
Newchapel
Newchurch
Newgale
Newlands Park
Newmarket
Newport
Newton
Newton Cross
Newton Green
Newtown
Neyland
Nicholaston
Nicholaston Burrows
Nine Wells
Niwbwrch
Niwgwl
Nolton
Nolton Haven
Norchard
North Cornelly
North Johnston
Northop
Northop Hall
Northville
Northway
Norton
Nottage
Noyadd Trefawr
Noyadd Wilym
Nurston
Nyfer
Oakdale
Oakenholt
Oakfield
Oakford
Oaklands
Oakley Park
Ochr glan hafon
Ochr-glan-hafon
Ochr-y-foel
Ogmore
Ogmore Vale
Ogmore-by-Sea
Olchfa
Old Beaupre
Old Beaupré
Old Church Stoke
Old Colwyn
Old Ffordd-fawr
Old Furnace
Old Goginan
Old Hall
Old Llanberis
Old Neuadd
Old Radnor
Old Rhosrobin
Old Warren
Oldcastle
Oldhall
Oldwalls
Oldway
Olmarch
Onen
Onllwyn
Orlandon
Osbaston
Over Monnow
Overton
Overton Bridge
Owrtyn
Oxwich
Oxwich Green
Oystermouth
Pabo
Padeswood
Padog
Painscastle
Painters Green
Pale
Palmerstown
Pancross
Pandy
Pandy Tudur
Pandy-Llwydiarth
Pandy'r Capel
Pandy'r-Capel
Pant
Pant Caerhun
Pant Du
Pant Glas
Pant Mawr
Pant y Wacco
Panta
Pantasa
Pantasaph
Pantcadifor
Pant-caerhun
Pantdu
Panteg
Pant-glas
Pantgwyn
Pant-gwyn
Pant-hoel
Panthowell
Pant-Iasau
Pantinker
Pantmawr
Pant-mawr
Pant-pastynog
Pantperthog
Pant-Perthog
Pantside
Pantteg
Pant-teg
Pant-Teg Cross Roads
Pant-y-Buarth
Pant-y-Caws
Pant-y-crug
Pantycwcw
Pant-y-cwcw
Pant-y-cwrt
Pant-y-Deri
Pantydwr
Pant-y-dwr
Pant-y-Ffordd
Pant-y-ffridd
Pantyffynnon
Pant-y-ffynnon
Pantygasseg
Pantygelli
Pant-y-Gelli
Pant-y-gof
Pant-y-Goitre
Pant-y-Goytre
Pantygraig Wen
Pantygraigwen
Pantymwyn
Pant-y-Phillip
Pant-y-pyllau
Pant-yr-awel
Pant-y-rhiw
Pany-y-mwyn
Paradwys
Paran
Parc
Parc Beck
Parc Grace Dieu
Parc Howard
Parc Llwydiarth
Parc Mawr
Parcbeck
Parc-hendy
Parciau
Parcllyn
Parc-llyn
Parc-Seymour
Parc-y-rhos
Park Lane
Parkey
Parkhouse
Parkmill
Parkside
Parrog
Partrishow
Patagonia
Pedair-ffordd
Pedair-hewl
Pelcam
Pelcomb
Pelcomb Bridge
Pelcomb Cross
Pemberton
Pembrey
Pembroke
Pembroke Dock
Pembroke Ferry
Pen Craig
Pen Gorphwysfa
Pen Rhiw
Pen Rhiwfawr
Pen Twyn
Pen y Ball
Pen y Foel
Pen y Garn
Pen Yard
Penallt
Pen-allt
Penally
Penalum
Penalun
Penaran
Penarlâg
Penarron
Penarth
Penbedw
Pen-bedw
Penbidwal
Penbodlas
Penbol
Pen-bont Rhydybeddau
Pen-bont-rhyd-y-beddau
Penbontrhydyfothau
Penbont-twrch
Pen-bont-Twrch
Penboyr
Pen-boyr
Pen-bre
Penbryn
Pencader
Pen-cae
Pencaenewydd
Pencaerau
Pen-caer-fenny
Pencarnisiog
Pencarreg
Penceiliogi
Pencelli
Penclawdd
Pen-Clawdd
Pencoed
Pen-coed
Pencoedcae
Pen-common
Penconisiog
Pencraig
Pencroesoped
Pendderi
Penderyn
Pendeulwyn
Pendine
Pendoylan
Pendre
Pen-dre
Penegoes
Penffordd
Pen-ffordd
Penffordd-las
Penfilia
Penfro
Pengam
Pengarnddu
Pengelli
Pengelli-ddrain
Pengenffordd
Pen-gilfach
Pengorffwysfa
Pen-groes-oped
Pengwern
Penhelig
Penhelyg
Pen-helyg
Penhill
Penhow
Pen-how
Pen-hw
Peniarth
Peniel
Penisa'r Waun
Pen-isa'r-waen
Penisa'r-waun
Penishawain
Penlan
Pen-lan
Pen-Lan-mabws
Penlasgarn
Penley
Pen-llain-wen
Pen-llan
Penllech
Penllergaer
Penlle'r-gaer
Pen-llin
Penllwyn
Pen-llwyn
Penllwyncoch-fawr
Penllyn
Pen-llyn
Penlon
Pen-lon
Penmachno
Penmaen
Pen-maen
Penmaen Rhos
Penmaenan
Penmaenmawr
Penmaen-mawr
Penmaenpool
Penmaen-pwl
Penmaen-rhos
Pen-marc
Penmark
Penmeiddyn
Pen-meiddyn
Penmon
Penmorfa
Penmynydd
Pennal
Pennant
Pennar
Pennar Park
Pennard
Pennon
Pennorth
Pen-onn
Penoros
Penparc
Penparcau
Pen-Parcau
Pen-pedair heol
Penpedairheol
Pen-Pedair-Heol
Penpelleni
Penpergwm
Penperlleni
Penplas
Penpont
Pen-pont
Pen-Prisk
Penprysg
Penrallt
Penrherber
Pen-rhew
Penrhiw
Pen-rhiw
Penrhiwceiber
Penrhiw-ceibr
Penrhiw-fawr
Pen-Rhiw-fawr
Penrhiwfer
Penrhiwgareg
Pen-Rhiw-Gareg
Penrhiwgarreg
Penrhiwgoch
Penrhiw-goch
Penrhiw-llan
Penrhiw-llech
Pen-rhiw-llech
Pen-Rhiw-Newydd
Penrhiwpâl
Penrhiw-pâl
Penrhiwtyn
Penrhos
Pen-rhos
Penrhosfeilw
Penrhosgarnedd
Penrhos-garnedd
Penrhyd Lastra
Penrhydlyniog
Pen-rhyd-lyniog
Penrhydlynoig
Penrhyn
Penrhyn Bay
Penrhyn Castle
Penrhyn side
Penrhyncoch
Penrhyn-coch
Penrhyndeudraeth
Penrhyn-Gwyr
Penrhyn-side
Penrhys
Pen-rhys
Penrice
Pensarn
Pen-sarn
Penstruet
Penthryn
Pentir
Pentlepoir
Pentowin
Pentraeth
Pentrapeod
Pentre
Pentre Bach
Pentre Beirdd
Pentre Berw
Pentre Broughton
Pentre Cilcwm
Pentre Cilgwyn
Pentre Dolau Honddu
Pentre Galar
Pentre Gwynfryn
Pentre Halkyn
Pentre Helygain
Pentre Isaf
Pentre Llifior
Pentre Llwyn-llwyd
Pentre Maelor
Pentre Mawr
Pentre Meyrick
Pentre Saron
Pentre Tafarnyfedw
Pentre Uchaf
Pentrebach
Pentre-bach
Pentre-baen
Pentrebane
Pentrebeirdd
Pentreberw
Pentre-Berw
Pentre-bont
Pentrecagal
Pentre-cagal
Pentre-castell
Pentrecelyn
Pentre-celyn
Pentre-chwyth
Pentrecilgwyn
Pentreclwyda
Pentreclwydau
Pentrecourt
Pentre-cwrt
Pentre-Dolau-Honddu
Pentredwr
Pentre-dwr
Pentre-elan
Pentrefelin
Pentre-felin
Pentre-Ffwrndan
Pentreffynnon
Pentrefoelas
Pentref-y-groes
Pentregalar
Pentre-galar
Pentregât
Pentre-gât
Pentregwenlais
Pentre-Gwenlais
Pentre-isaf
Pentre-Llanrhaeadr
Pentrellifor
Pentrellwyn
Pentre-llwyn-llwyd
Pentre-llymry
Pentre-llyn
Pentrellyncymer
Pentre-llyn-cymmer
Pentre-piod
Pentrepoeth
Pentre-Poeth
Pentrepoid
Pentre-Poid
Pentre'r beirdd
Pentre'r felin
Pentre'r Gaseg
Pentre'r-felin
Pentre'r-Gaseg
Pentre-rhew
Pentresaeson
Pentre-Saeson
Pentre-ty-gwyn
Pentreuchaf
Pentre-uchaf
Pentre-waun
Pentrisil
Pentwyn
Pen-twyn
Pentwyn Berthlwyd
Pentwyn-mawr
Pentyrch
Pen-tyrch
Pentywyn
Pen-Uchar Plwyf
Penuwch
Penwyllt
Penyard
Pen-y-Ball Top
Penybanc
Pen-y-banc
Pen-y-bank
Penybedd
Penybont
Pen-y-bont
Pen-y-bont ar Ogwr
Pen-y-bont Llanerch Emrys
Penybontfawr
Pen-y-bont-fawr
PenyBryn
Pen-y-Bryn
Pen-y-Bwlch
Penycae
Pen-y-Cae
Pen-y-cae-mawr
Penycaerau
Pen-y-cefn
Pen-y-clawdd
Penycoed
Pen-y-coed
Pen-y-coedcae
Penycwm
Pen-y-cwm
Pen-y-Darren
Penydre
Pen-y-Dre
Pen-y-fai
Pen-y-fan
Penyfeidr
Pen-y-felin
Penyffordd
Pen-y-ffordd
Penyffridd
Pen-y-ffridd
Penyfoel
Pen-y-gaer-fach
Penygarn
Pen-y-garn
Pen-y-Garn-Ddu
Penygarnedd
Pen-y-garnedd
Penygelli
Pen-y-Gelli
Penygloddfa
Pen-y-Glodfa
Penygraig
Pen-y-graig
Penygraigwen
Pen-y-Graig-Wen
Penygroes
Pen-y-groes
Pen-y-groeslon
Penylan
Pen-y-lan
Pen-y-maes
Penymynydd
Pen-y-Pound
Penyraber
Pen-yr-englyn
Penyrheol
Pen-yr-heol
Pen-y-Rheol
Penyrheolgerrig
Penyrherber
Pen-y-rhiw
Penysarn
Pen-y-sarn
Penystrowed
Pen-y-stryt
Penystrywaid
Penywaun
Pen-y-waun
Pen-y-wern
Per-ffordd-llan
Perris Wood
Perriswood
Persondy
Perthcelyn
Perthi
Peterstone Wentlooge
Peterston-super-Ely
Phillip's Town
Pibwrlwyd
Pickhill
Picton
Picton Ferry
Pigeon's Ford
Pigeonsford
Pill
Pilleth
Pillgwenlly
Pilton Green
Pinged
Pisgah
Pistyll
Pit
Pitcot
Pitton
Plain Dealings
Plas Berwyn
Plas Bodafon
Plas Coch
Plas Dinam
Plas Gogerddan
Plas Gwyn
Plas Llanfair
Plas Llangwyfan
Plas Madoc
Plas Meredydd
Plas rhiw-saeson
Plashett
Plasiolyn
Plas-Ivor
Plas-Marl
Plasnewydd
Pleasant Valley
Plwmp
Pochin Houses
Ponciau
Ponde
Pont Ar Ddulas
Pont ar Hydfer
Pont Baldwyn
Pont Ceri
Pont Cynon
Pont Cysyllte
Pont Dôl-goch
Pont Hwfa
Pont Lanio
Pont Llanio
Pont Llogel
Pont Morlais
Pont Radin
Pont Rhydd-y-cyff
Pont Rhydgaled
Pont Rhyd-y-berry
Pont Rhyd-y-cyff
Pont Sion Norton
Pont Tywely
Pont y Gilfach
Pontaman
Pontamman
Pontantwn
Pontardawe
Pontarddulais
Pont-Ar-Ddulas
Pontardulais
Pontarfynach
Pontargothi
Pont-ar-gothi
Pontarllechau
Pont-ar-llechau
Pontarsais
Pont-ar-sais
Pont-Baldwyn
Pontblyddyn
Pontbren Araeth
Pontcanna
Pont-Ceri
Pont-Cyfyng
Pontcynon
Pont-Cysyllte
Pontdôlgoch
Pont-dôl-goch
Ponterwyd
Ponterwyl
Pontfadog
Pontfaen
Pont-faen
Pontgarreg
Pont-goch
Pont-Henri
Pont-Henry
Ponthir
Ponthirwaun
Pont-hirwaun
Pont-Hwfa
Pontiago
Pont-iets
Pontithel
Pont-Lanio
Pontllanfraith
Pontllan-fraith
Pontlliw
Pont-lliw
Pontllogail
Pontllyfni
Pontlottyn
Pontlotyn
Pontlyfni
Pontmorlais
Pontneathvaughan
Pont-Nedd Fechan
Pontneddfechan
Pontnewydd
Pont-newydd
Pontnewyndd
Pontnewynydd
Pont-rhydbont
Pontrhydfendigaid
Pontrhyd-Saeson
Pont-Rhyd-Saeson
Pontrhydyceirt
Pont-Rhyd-y-Ceirt
Pontrhydycyff
Pontrhydyfen
Pont-rhyd-y-fen
Pont-rhyd-y-groes
Pontrhydyrun
Pont-rhyd-yr-ynn
Pontrhythallt
Pont-Rhythallt
Pontrobert
Pont-rug
Pontsarn
Pont-sarn
Pontsenni
Pontshaen
Pontshonnorton
Pont-siân
Pontsticill
Pont-Tyweli
Pontwalby
Pont-Walby
Pontwgan
Pontyates
Pontyberem
Pont-y-blew
Pontybodkin
Pont-y-bodkin
Pontyclun
Pont-y-clun
Pontycymer
Pont-y-felin
Pont-y-Fenni
Pont-y-Gilfach
Pontyglasier
Pontyglazier
Pont-y-glazier
Pont-y-Gof
Pontygwaith
Pont-y-gwaith
Pontymister
Pont-y-Mister
Pontymoel
Pont-y-pant
Pontypool
Pontypridd
Pontypwl
Pont-y-pwl
Pont-yr-hafod
Pont-yr-hyl
Pont-y-rhyl
Pontysgawrhyd
Pont-Ysgawrhyd
Pont-Ystrad
Pont-y-wal
Pontywaun
Pont-y-waun
Ponty-y-rhyl
Pool Mouth
Pool Quay
Pope Hill
Port Dinorwic
Port Dinorwig
Port Einon
Port Lion
Port Mead
Port Penrhyn
Port Talbot
Port Tennant
Port Tywyn
Port-Eynon
Portfield Gate
Porth
Porth Colmon
Porth Sgiwed
Porth Ysgewin
Porthaethwy
Porthcawl
Porthceri
Portheiddy
Porthgain
Porth-Gain
Porthkerry
Porthllechog
Porthmadog
Porth-y-felin
Porthyrhyd
Porth-y-rhyd
Portmead
Portmeirion
Portskewett
Post-mawr
Poundffald
Powis Castle
Powis Castle Park
Poyston
Poyston Cross
Prenbrigog
Prendergast
Pren-gwyn
Prenteg
Pren-teg
Prestatyn
Presteigne
Price Town
Priestholm
Princes Gate
Princetown
Prion
Priors Town
Priory
Prisk
Priskilly Forest
Prospect Place
Prys-Iorwerth
Prysiorwerth Ucha
Puffin Island
Pump-hewl
Pumpsaint
Pumsaint
Puncheston
Pwll
Pwll Gwaun
Pwll Meyrick
Pwll-clai
Pwllcrochan
Pwll-du
Pwllfanogl
Pwll-fanogl
Pwllglas
Pwll-glas
Pwllgloyw
Pwllgwaun
Pwllheli
Pwllhobi
Pwll-Mawr
Pwll-melyn
Pwllmeurig
Pwllmeyric
Pwll-Meyric
Pwll-trap
Pwll-y-blaidd
Pwll-y-glaw
Pwllypant
Pye Corner
Pyle
Pyllalai
Quaker's Yard
Quarr-Clydach
Queensferry
Rachub
Radur
Radyr
Raglan
Rallt
Ram
Ramsey Island
Rassau
Raven Hill
Ravenhill
Red Hill
Red Roses
Red Wharf Bay
Redberth
Redbrook
Redwick
Redwither
Refail
Resolfen
Resolven
Reynalton
Reynoldston
Rhadyr
Rhaeadr Gwy
Rhaglan
Rhandir
Rhandirmwyn
Rhandir-mwyn
Rhayader
Rhes-y-Cae
Rhewl
Rhewl-fawr
Rhewl-Mostyn
Rhigian
Rhigos
Rhippinllwyd
Rhisga
Rhiw
Rhiw Saeson
Rhiwabon
Rhiwaedog
Rhiwbebyll
Rhiwbebyll isa
Rhiwbeina
Rhiwbina
Rhiwbryfdir
Rhiwceiliog
Rhiwderin
Rhiwderyn
Rhiwen
Rhiw-gam
Rhiwinder
Rhiwlas
Rhiwlen
Rhiwnachor
Rhiwsaeson
Rhiw-yr-adar
Rhodiad
Rhondda
Rhoose
Rhos
Rhos Common
Rhos ddu
Rhos fawr
Rhos Haminiog
Rhos Lligwy
Rhos y Bont
Rhos y madoc
Rhos y Pentref
Rhosaman
Rhosbeirio
Rhoscefnhir
Rhos-cefn-hir
Rhoscolyn
Rhoscrowdder
Rhoscrowther
Rhos-Crug
Rhos-ddu
Rhosdylluan
Rhosesmor
Rhosfach
Rhos-fawr
Rhosferig
Rhosgadfan
Rhosgoch
Rhos-goch
Rhos-grug
Rhosgyll
Rhos-Hill
Rhoshirwaun
Rhos-hyl
Rhosili
Rhoslan
Rhos-lan
Rhoslefain
Rhosllanerchrugog
Rhosmaen
Rhos-maen
Rhosmeirch
Rhos-meirch
Rhosneigr
Rhosnesni
Rhos-on-Sea
Rhosrobin
Rhossili
Rhosson
Rhostrehwfa
Rhostryfan
Rhostyllen
Rhos-y-beddau
Rhosybol
Rhos-y-bol
Rhos-y-brithdir
Rhos-y-brwyner
Rhosycaerau
Rhos-y-caerau
Rhosygadair Newydd
Rhos-y-garth
Rhosygilwen
Rhosygwaliau
Rhos-y-gwaliau
Rhos-y-llan
Rhosymadoc
Rhos-y-Madoc
Rhosymedre
Rhos-y-meirch
Rhosyn-coch
Rhos-y-pentref
Rhosywaen
Rhosywaun
Rhuallt
Rhuddlan
Rhulen
Rhuthin
Rhuthun
Rhyd
Rhyd uchaf
Rhyd y gwin
Rhyd y meirch
Rhydaman
Rhydargaeau
Rhydcymerau
Rhyd-Ddu
Rhyddgoed-fawr
Rhydding
Rhyddlan
Rhydescyn
Rhyd-esgyn
Rhydfelen
Rhydgaled
Rhydings
Rhyd-lafer
Rhydlanfair
Rhydlewis
Rhydlios
Rhydlydan
Rhyd-meirionydd
Rhydodyn
Rhydowen
Rhyd-Owen
Rhydri
Rhyd-Rosser
Rhydtalog
Rhyduchaf
Rhyd-uchaf
Rhydwaedlyd
Rhyd-wen
Rhydwernen
Rhydwilym
Rhyd-wilym
Rhydwyn
Rhyd-wyn
Rhyd-y-Bedd
Rhyd-y-Beillen
Rhyd-y-Brown
Rhyd-y-car
Rhyd-y-ceirw
Rhydyclafdy
Rhyd-y-clafdy
Rhydyfelin
Rhyd-y-felin
Rhyd-y-foel
Rhyd-y-fro
Rhydygele
Rhyd-y-gele
Rhyd-y-goleu
Rhyd-y-groes
Rhyd-y-gwin
Rhyd-y-gwystl
Rhydymain
Rhyd-y-main
Rhyd-y-meirch
Rhyd-y-meudwy
Rhydymwyn
Rhyd-y-mwyn
Rhyd-y-pandy
Rhydypennau
Rhyd-y-pennau
Rhyd-yr-onen
Rhydyronnen
Rhyd-yr-onnen
Rhyd-y-sarn
Rhydywernen
Rhyd-y-Wernen
Rhydywrach
Rhyd-y-wrach
Rhyl
Rhylownyd
Rhymney
Rhymney Bridge
Rhymni
Rhytalog
Rickeston Water
Ridge
Ridgeway
Ridleywood
Rifle Green
Ringland
Ringly Wells
Risca
Riverside
Roath
Roath Park
Robert's Town
Robertstown
Robeston Back
Robeston Wathen
Robeston West
Robleston
Roch
Roch Gate
Rock
Rockfield
Rogerstone
Rogiet
Rose Valley
Rosebush
Rosehill
Rosemarket
Rossett
Rowen
Royton
Ruabon
Rudbaxton
Rudry
Rumney
Rushacre
Ruthin
Sageston
Sain Andras
Sain Dunwyd
Sain Ffagan
Sain Ffraid
Sain Ffred
Sain Nicolas
Sain Pedrog
Sain Silian
Sain Siorys
Sain Tathan
Saint Harmon
Saint Hilari
Saint-y-brid
Saint-y-nyll
Saith Ffynnon
Salem
Saltmarsh
Saltmead
Saltney
Sanclêr
Sandfields
Sandy
Sandy Haven
Sandy Lane
Sandycroft
Sandylane
Sardis
Sardis Mountain
Sarn
Sarn Mellteyrn
Sarn Meyllteyrn
Sarnau
Sarn-Bach
Sarnwen
Sarn-wen
Sarn-y-bryn-caled
Saron
Saundersfoot
Saw Mill
Scafell
Scethrog
Scleddau
Scolton
Scoveston
Scrwgan
Scurlage
Scwrfa
Sealand
Seaside
Sebastopol
Seion
Senghenydd
Senny Bridge
Sennybridge
Seven Sisters
Sgeti
Sgiwen
Shelf
Shelone
Shipping
Shirenewton
shlr
Shordley
Shotton
Shwt
Sigingstone
Siginston
Sili
Silian
Siloh
Silstwn
Simpson
Simpson Cross
Singleton
Singret
Singrug
Sirhowy
Sirhywi
Six Bells
Skenfrith
Sker
Skerryford
Sketty
Skewen
Skokholm Island
Slade
Slebech
Slebets
Sling
Slough
Smithy Gate
Snatchwood
Snead
Soar
Soar Hill
Sodom
Soldiers Point
Soldiers' Point
Soldier's Point
Solfach
Solva
Somerton
Sontley
Soughton
South Beach
South Cornelly
South Gate
South Hill
Southerndown
Southgate
Southsea
Southville
Sowhill
Spelter
Spittal
Splott
Splottlands
Spon Green
Springfield
Square and Compass
St. Andrews Major
St. Arvans
St. Asaph
St. Athan
St. Brides
St. Brides Major
St. Brides Netherwent
St. Bride's Netherwent
St. Brides Wentlooge
St. Bride's Wentlooge
St. Brides-super-Ely
St. Bride's-super-Ely
St. Clears
St. David's
St. Dials
St. Dogmaels
St. Donat's
St. Edrens
St. Elvis
St. Fagans
St. Florence
St. George
St. George's
St. George-super-Ely
St. Harmon
St. Hilary
St. Illtyd
St. Ishmael
St. Ishmael's
St. Julians
St. Lythans
St. Lythan's
St. Mary Church
St. Mary Hill
St. Maughans
St. Maughan's
St. Maughans Green
St. Mellons
St. Nicholas
St. Petrox
St. Pierre
St. Thomas
St. Twynnells
St. y-Nyll
Stackpole
Stackpole Elidor
Stanleytown
Stanner
Stansty
Stanton
Star
Star Hill
Staylittle
Stelvio
Stembridge
Stepaside
Stephen's Ford
Steynton
Stimmy Heath
Stop and Call
Stop-and-Call
Stow Park
Strade
Stradey Park
Strata Florida
Street Lydan
Streflyn
Stryd
Stryd y Facsen
Stryd-y-Facsen
Stryt-cae-rhedyn
Stryt-issa
Stryt-yr-Hwch
Studdolph
Sudbrook
Sully
Summer Hill
Summerhill
Summerleaze
Sutton
Sutton Green
Swan Bridge
Swanbridge
Swansea
Swffryd
Swiss Valley
Swyddffynnon
Swydd-Ffynnon
Sycharth
Sychdyn
Sychtyn
Sydallt
Sylen
Sylfaen
Synod
Synod Inn
Tabor
Tafarnau Bach
Tafarnaubach
Tafarn-y-bwlch
Tafarnyfedw
Tafarn-y-Gelyn
Taff Merthyr Garden Village
Taff's Well
Tafolog
Tafolwern
Taibach
Tai-bach
Tai-Drill
Taigwynion
Tai-gwynion
Tai-hirion
Tai-morfa
Tainant
Tai-nant
Tai'r Bull
Tair Onen
Tair Onnen
Tairgwaith
Tai'r-heol
Tai'r-hoel
Tai'r-ysgol
Talachddu
Talach-ddu
Talacre
Talardd
Talbenni
Talbenny
Talbot Green
Talerddig
Talerddigg
Talgarreg
Talgarth
Talgarth's Well
Taliaris
Taliesin
Tallarn Green
Talley
Tallistown
Talog
Talsarn
Tal-sarn
Talsarnau
Talwrn
Talybont
Tal-y-bont
Tal-y-bont ar Wysg
Talybont-on-Usk
Tal-y-cae
Tal-y-cafn
Tal-y-coed
Talyllychau
Talyllyn
Tal-y-llyn
Talysarn
Tal-y-sarn
Tal-y-waenydd
Talywain
Tal-y-waun
Talywern
Tal-y-wern
Tan Hinon
Tanat Valley
Tandinas
Tan-dinas
Tanerdy
Tangiers
Tanglwst
Tanlan
Tan-lan
Tanlan Banks
Tan-y-bwlch
Tan-y-ffridd
Tan-y-foel
Tanyfron
Tan-y-fron
Tan-y-graig
Tanygrisiau
Tan-y-groes
Tan-y-lan
Tan-y-maes
Tan-y-mynydd
Tan-yr-allt
Tan-yr-ogof
Tarts Hill
Tavernspite
Tegryn
Temperance Town
Temple Bar
Templeton
Tenby
Terfyn
The Bryn
The Burrows
The Butts
The Chequer
The City
The Colony
The Common
The Cot
The Cwm
The Dunks
The Flags
The Gaer
The Great Orme
The Green
The Hendre
The Herberts
The Knab
The Knap
The Laques
The Leys
The Marsh
The Moor
The Mumbles
The Nant
The Narth
The Pill
The Quar
The Rhos
The Roe
The Smelt
The Square
The Stubb
The Tumble
The Valley
The Village
The Warren
The Wern
The Willowford
Thistleboon
Thomas Chapel
Thomas Town
Thomastown
Thorn
Thornbury
Thornhill
Thornton
Three Cocks
Three Crosses
Three Fingers
Three Sisters
Tiers Cross
Tintern
Tintern Parva
Tir Syr Walter
Tirabad
Tircanol
Tirdeunaw
Tir-Nest
Tirpenry
Tirphil
Tir-phil
Tir-Phill
Tiryberth
Tir-y-berth
Tir-y-dail
Tir-y-Fron
Tirymynach
Tir-y-Mynach
Todleth
Ton
Ton Breigam
Ton Pentre
Tondu
Ton-du
Tongwynlais
Tonmawr
Ton-mawr
Tonna
Tonpentre
Tonteg
Ton-teg
Ton-ty'r-bel
Tonypandy
Ton-y-pistyll
Tonyrefail
Top Hill
Tophill
Torllwyn
Torpantau
Townhill
Townsend
Towyn
Traeth Coch
Traethsaith
Trallong
Trallwn
Tranch
Trap
Trapp
Trauscoed
Travellers' Rest
Traws Mawr
Trawscoed
Trawsfynydd
Trawsgoed
Traws-Mawr
Trawsnant
Tre Taliesin
Tre Wen
Treadam
Trealaw
Treamlod
Trearddur
Trearddur Bay
Tre-Aubrey
Trebannws
Trebanog
Trebanos
Trebedw
Trebeferad
Tre-Beferad
Trebella
Treberfedd
Treberfydd
Tre-betin
Trebettyn
Tre-boeth
Treborth
Trecastell
Tre-castell
Trecastle
Trecco Bay
Trecenydd
Trecwn
Tre-Cwn
Trecynon
Tredean
Tredegar
Tredegarville
Trederlech
Trederwen
Tre-derwen
Tredodridge
Tredogan
Tredomen
Tredowen
Tredunnock
Tredustan
Tredwstan
Tredynog
Trefaes
Trefaldwyn
Trefarthen
Trefasser
Tref-Asser
Trefdraeth
Trefeca
Trefecca
Trefechan
Trefeglwys
Trefeini
Trefeinion
Tref-Einon
Trefeitha
Trefelen
Trefenter
Trefenty
Trefesgob
Treffgarne
Trefflemin
Trefforest
Treffynnon
Tre-ffynnon
Treffynon
Trefgarn
Trefgarn Owen
Trefgarn-Owen
Trefil
Trefilan
Trefin
Tre-fin
Trefnanney
Tref-nanney
Trefnant
Trefonnen
Trefor
Treforest
Treforgan
Tre-Forgan
Treforys
Trefri
Trefriw
Trefwrdan
Trefyclawdd
Tref-y-Clawdd
Trefyclo
Trefynant
Tref-y-nant
Trefynwy
Tregaean
Tregagle
Tre-gagle
Tregaian
Treganeithw
Treganna
Tregantllo
Tregare
Tregaron
Tregarth
Tre-garth
Tregatwg
Tregawntlo
Tregeiriog
Tregele
Tre-Gibbon
Treginnis
Treglemais
Treglement
Tregolwyn
Tregoyd
Tregoyd Mill
Tregroes
Tre-groes
Tre-gwyr
Tregyddulan
Tregyddylan
Tregynon
Tregynrig Bach
Tregynrig Fawr
Tre-gynwer
Trehafod
Trehafren
Trehale
Treharris
Trehelig
Treherbert
Tre-Herbert
Tre-hill
Trehopcyn
Tre-hyl
Tre-Ifor
Trelái
Trelales
Tre-lan
Trelawnyd
Trelech
Treleddyd-fawr
Trelerw
Treletert
Trelewis
Trellech
Trelleck
Trelleck Grange
Trelogan
Trelydan
Trelystan
Tremadoc
Tremadog
Tremain
Tre-main
Tremains
Tremarchog
Tremeirchion
Tremodog
Tremorfa
Tre-Mostyn
Treoes
Tre-oes
Treopert
Treorchy
Treorci
Treowen
Treowman
Tre-pit
Tre'r Onnen
Tre'r-ddôl
Tre'rdelyn
Tre'resgob
Tre'r-gaer
Trerhedyn
Trerhingyll
Tre-rhiwarth
Trerhos
Tre-Rhos
Trerhyngyll
Tre'r-llan
Tre'ronnen
Tresaith
Tre-saith
Tresigin
Tresimwn
Tre-Taliesin
Treteio
Trethomas
Tretio
Tre-Tio
Tretomas
Tretower
Tretwr
Treuddyn
Trevalyn
Trevaughan
Tre-vaughan
Trevethin
Trevine
Trevor
Trevor Uchaf
Trewalchmai
Trewallter
Trewarren
Trewen
Tre-Wen
Trewent
Trewern
Tre-wern
Trewiliam
Treworgan
Treworgan Common
Trewyddel
Trewyddfa Fach
Trewyddfa-fach
Trewylan
Tre-Wylan
Trewyn
Tre-wyn
Triffleton
Trimsaran
Trinant
Trisant
Troearhiwgwair
Troedrhiwdalar
Troed-rhiw-dalar
Troedrhiwffenyd
Troedrhiwfuwch
Troedrhiw-gwair
Troed-rhiw-gwair
Troedrhiwrfuwch
Troed-rhiw'r-fuwch
Troed-rhiw-trwyn
Troedyraur
Troed-yr-aur
Troed-yr-Henriw
Troed-yr-hen-riw
Troedyrhiw
Troed-y-rhiw
Troed-y-rhiw-Sion
Trofarth
Trooper's Inn
Trosnant
Trostra
Trostre
Trostrey
Trostrey Common
Trowbridge
Trwstllewelyn
Trwyn Larnog
Tryddyn
Tryfel
Tryfil
Tryleg
Tudweiliog
Tufton
Tumble
Twmpath
Twmpath-mawr
Twr
Twyn
Twyn Cynhordy
Twyn Llanan
Twyn Shon-Ifan
Twyn Wenallt
Twyn-Allws
Twyn-blaen-nant
Twyn-cynhordy
Twynllanan
Twynmynydd
Twyn-Shon-Evan
Twyn-yr-argoed
Twynyrodyn
Twyn-yr-odyn
Twyn-y-Sheriff
Ty Croes
Ty Llwyn
Ty Mawr
Ty Rhiw
Tybroughton
Ty-coch
Tycroes
Ty-croes
Tycrwyn
Ty-crwyn
Tyddewi
Tyddyn
Tyddyn Angharad
Tyddyn Dai
Tyddyn Phillip
Tydfil's Well
Tydraw
Ty-draw
Ty-du
Tydweiliog
Ty-fry
Tyganol
Tyla
Tylagwyn
Tyle
Tyle-garw
Tyllgoed
Ty-llwyd
Tyllwyn
Ty-llwyn
Tylorstown
Tylwch
Ty-mawr
Tynant
Ty-nant
Tyndyrn
Tynewydd
Ty-Newydd
Tyn-lon
Ty'nlon
Tynmorfa
Tyntetown
Tynybryn
Ty'n-y-bryn
Ty'n-y-Byrwydd
Ty'n-y-caeau
Ty'n-y-cefn
Ty'n-y-coedcae
Tyn-y-cwm
Tynyfedw
Ty'n-y-ffordd
Ty'n-y-garn
Tynygongl
Tynygraig
Ty'n-y-graig
Tyn-y-groes
Ty'n-y-groes
Tyn-y-maes
Tyn-y-Morfa
Tynyreithin
Ty'n-yr-eithin
Tynyrwtra
Ty'n-y-weirglodd
Ty'r fran
Ty'r-felin-isaf
Ty-Rhos
Ty-Sign
Tythegston
Tywyllach
Tywyn
Ucheldre
Underwood
Undy
Uplands
Upper Bangor
Upper Blacknuck
Upper Boat
Upper Borth
Upper Brynamman
Upper Castlewright
Upper Chapel
Upper Church Village
Upper Coedcae
Upper Corris
Upper Cwmbran
Upper Cwm-twrch
Upper Eweston
Upper Garth
Upper Grange
Upper Green
Upper Harmeston
Upper Hem
Upper Killay
Upper Nash
Upper Neeston
Upper Ochrwyth
Upper Race
Upper Redbrook
Upper Solva
Upper Trehelig
Upton
Usk
Uwchafon
Uwchlaw'r-coed
Uwchmynydd
Uzmaston
Vachelich
Vaenor
Valley
Van
Varchoel
Vardre
Varteg
Vaynol Hall
Vaynol Park
Vaynor
Velfrey Road
Velindre
Venny-fach
Verwick
Victoria
Victoria Park
Victoria Village
Vinegar Hill
Voel
Voel-y-crio
Vollgastell
Vorlan
Vownog
Vroncysllte
Vroncysyllte
Waen
Waen Aberwheeler
Waen-fach
Waen-llapria
Waen-pentir
Waen-wen
Wainfelin
Wallaston
Wallington
Wallis
Wallog
Walls Bridge
Wallston
Walson
Walterston
Walton
Walton East
Walton Green
Walton West
Waltwn Dwyrain
Waltwn Gorllewin
Walwen
Wal-wen
Walwyn's Castle
Warden
Warren
Warren Bank
Waterloo
Waterloo Port
Waterston
Waterton
Watford Park
Wattstown
Wattsville
Waun
Waun Beddau
Waun Fawr
Waun y Clyn
Waun y Gilfach
Waunarlwydd
Waunfawr
Waun-fawr
Waungilwen
Waun-gilwen
Waungron
Waun-gron
Waunifor
Waun-llapria
Waun-Lwyd
Waun-Wen
Waun-y-beddau
Wayne
Wayne Green
Wdig
Wellington
Welsh Hook
Welsh St Donats
Welsh St. Donats
Welshpool
Wenallt
Wenvoe
Wepre
Wern
Wern Claergoed
Wern Tarw
Wernffrwd
Wernffrwdd
Wern-gerhynt
Wern-olau
Wernrheolydd
Wern-scadog
Wern-y-cwrt
Wern-y-gaer
Wern-yr-heolydd
West Aberthaw
West Bank
West Cross
West Denant
West Dunston
West End
West End Town
West Fedw
West Pontnewydd
West Side
West Town
West Village
West Williamston
West-end Town
Western Slade
Weston
Weston Madoc
Westra
Weythel
Whalecombe
Whelston
Whitchurch
White Grit
White Mill
Whitebrook
Whitegrit
Whitehall Common
Whitelye
Whiterock
Whitewall Common
Whitewell
Whitford
Whitland
Whitson
Whitton
Wick
Wig
Wig Fach
Wigfair
Wigfair Isa
Wilcrick
Wild Mill
Williamston
Williamstown
Willowtown
Winchestown
Wind Hill
Windmill
Windy Hill
Winllan
Winshwen
Winsh-wen
Wiston
Withybush
Wolfpits
Wolf's Castle
Wolfsdale
Wolfsdale Hill
Wolvesnewton
Womaston
Wonastow
Wood
Wooden
Woodfield Side
Woodfieldside
Woodsend
Woodside
Woodstock
Worms Head
Worthenbury
Worthybrook
Wrecsam
Wrexham
Wyesham
Wylfa
Wyllie
Wyndham
Wyndham Park
Y Bala
Y Barri
Y Batel
Y Beifil
Y Belan
Y Betws
Y Bewpyr
Y Bont-ddu
Y Bont-faen
Y Bontnewydd
Y Borth
Y Britwn
Y Bynie
Y Castell
Y Castellnewydd
Y Cendl
Y Clas-ar-Wy
Y Clun
Y Creunant
Y Croes-faen
Y Crwys
Y Cwm
Y Cymer
Y Ddraenen Wen
Y Dref
Y Drenewydd
Y Fach-wen
Y Faenor
Y Fan
Y Farteg
Y Felinheli
Y Fenechdid
Y Fenni
Y Fenni-fach
Y Ferwig
Y Fflint
Y Ffor
Y Ffridd
Y Ffriog
Y Ffrith
Y Foel
Y Forlan
Y Foryd
Y Friog
Y Fron
Y Fron-deg
Y Gadlys
Y Gaerwen
Y Ganllwyd
Y Garn
Y Garnant
Y Gelli
Y Gelli Gandryll
Y Gilfach-goch
Y Glais
Y Goetre
Y Goetre-hen
Y Graig
Y Gribyn
Y Groes-faen
Y Groeslon
Y Groes-wen
Y Grysmwnt
Y Gurnos
Y Gyffin
Y Gyffylliog
Y Hendy
Y Maendy
Y Maerdy
Y Mot
Y Pil
Y Pîl
Y Porth
Y Rhath
Y Rhigos
Y Rhiw
Y Rhws
Y Rhyl
Y Ro-wen
Y Sblot
Y Sger
Y Trallwng
Y Transh
Y Tymbl
Y Waun
Y Wern
Y Wig
Y Ystrad
Yardro
Yerbeston
y-Ffrith
Y-Fron
Ynus-tawelog
Ynys Byr
Ynys Dewi
Ynys Enlli
Ynys Forgan
Ynys Gybi
Ynys Lannog
Ynys Llanddwyn
Ynys Llanfihangel-y-traethau
Ynys Seiriol
Ynys Tachwedd
Ynys Tawe
Ynys y Barri
Ynys y Gwas
Ynys y maerdy
Ynysarwed
Ynysboeth
Ynys-boeth
Ynysddu
Ynys-ddu
Ynys-fach
Ynysforgan
Ynys-Forgan
Ynysgynwraidd
Ynyshafren
Ynys-hafren
Ynyshir
Ynys-hir
Ynys-isaf
Ynyslas
Ynys-las
Ynysmaerdy
Ynysmeudwy
Ynys-meudwy
Ynysowen
Ynystawe
Ynys-Tawe
Ynyswen
Ynys-wen
Ynysybwl
Ynys-y-bwl
Ynysygwas
Ynys-y-Gwas
Ynys-y-maerdy
Ynys-y-mond
Ynysymwn
Yr Allt
Yr Allt-wen
Yr As Fawr
Yr Eglwys Lwyd
Yr Eglwys Newydd
Yr Eglwys Newydd ar y Cefn
Yr Hengastell
Yr Hob
Yr Orsedd
Yr Wyddgrug
Yr Ystog
Ysbyty Cynfyn
Ysbyty Ifan
Ysbyty Ystwyth
Ysceifiog
Ysgeibion
Ysgeifiog
Ysgubor Newydd
Ysguborwen
Ysgubor-y-coed
Ysgwd Ffordd
Yspitty
Yspytty Cynfyn
Yspytty-Cynfyn
Ystalyfera
Ystrad
Ystrad Aeron
Ystrad Einion
Ystrad Meurig
Ystrad Mynach
Ystrad Rhondda
Ystrad Uchaf
Ystradau
Ystrad-Einion
Ystradfellte
Ystrad-fflur
Ystradgynlais
Ystradmeurig
Ystradowen
Ystradyfodwg
Ystumllwynarth
Ystumtuen
Aaccra
Aalborg
Aarhus
Ababa
Abadan
Abakan
Aberdeen
Abha
Abi Dhabi
Abidjan
Abilene
Abu
Abu Dhabi
Abuja
Acapulco
Acarigua
Accra
Adak Island
Adana
Addis
Addis Ababa
Addlestone
Adelaide
Aden
Adler
Adnan Menderes
Agadir
Aguascalientes
Ahmedabad
Aires
Aix-En-Provence
Aix-Les-Bains
Ajaccio
Ajijic
Akiachak
Akiak
Akita
Akron
Al-Baha
Albany
Al Basrah
Albert Bay
Albertville
Albuquerque
Aleandria
Aleandroupolis
Alencon
Aleppo
Ales
Alexandrie
Al-Fujairah
Alger
Algesiras
Algiers
Alicante
Al Iskandariyh
Allahabad
Allakaket
Allentown
Alma Ata
Alma-Ata
AlmatyAmiens
Al Muthana
Alofi
Alor Setar
Altona
Altoona
Amarillo
Amchitka
Amman
Amritsar
Amsterdam
Anchorage
Ancona
Andahuaylas
Andorra
Anfa
Angeles
Angers
Angouleme
Anguilla
Aniak
Ankang
Ankara
Annaba
Annapolis
Annecy
Antalya
Antananarivo
Antannanarivo
Antigua
Antigua-Et-Anvers
Antofagasta
Antwerp
Antwerpen
Anvik
Aomori
Apia
Appleton
Apra Harbor
Aqaba
Arcachon
Arcata
Arctic Village
Arecibo
Arequipa
Argentia
Arica
Arkhangelsk
Arlanda
Aruba
Arzanah Island
Asahikawa
Ascension
Asheville
Ashkhabad
Asmara
As Suways
Astrurias
Asuncion
Asunción
Aswan
Athenes
Athens
Atlanta
Atlantic City
Atmautluak
Aubervillers
Auckland
Augusta
Aurora
Austin
Auteuil
Autrans
Auvillar
Avarua
Avignon
Aviv
Avoriaz
Ayacucho
Baghdad
Bahrain
Bahrein
Bakersfield
Baku
Balboa
Balmaceda
Baltimore
Bamako
Bandar
Bandar Abbas
Bandar Seri Begawan
Bandar Shahid Rejaie
Baneasa
Bangalore
Bangkok
Bangor
Bangui
Banjul
Banzart
Baotou
Barbados
Barcelona
Barcelone
Bardufoss
Barentsburg
Bari
Barinas
Barletta
Barnes
Barquisimeto
Barranquilla
Barrow
Barrow-In-Furness
Basle
Basra
Basseterre
Basse-Terre
Bastia
Basuo Gang
Baton Rouge
Battle Creek
Bay City
Bayonne
Bayonnne
Beaumont
Beauvais
Beaver
Beaver Ruin
Begawan
Beijing
Beira
Beirut
Bel-Air
Belem
Belfast
Belfast City
Belfort
Belgrade
Belize
Bellingham
Belmopan
Belo Horizonte
Benghazi
Bergen
Bergerac
Berkeley
Berlin
Bermuda
Bern
Berne
Besancon
Bethel
Bethlehem
Bettels
Bettles
Beverly Hills
Beyrouth
Biak
Biarritz
Bilbao
Billings
Billund
Biloxi
Binghamton
Bintulu
Birmingham
Bismarck
Bissau
Bitche
Blagnac
Blanding
Blantyre
Blantyre-Limbe
Bloemfontein
BloisBogota
Bloomington
Blyth
Boa Vista
Bodo
Bogota
Bogotá
Boise
Bologna
Bologne
Bombay
Bonaire
Bonn
Bordeaux
Borispol
Boston
Boulder
Boulogne
Bournemouth
Bozeman
Bradenton
Bradford
Brainerd
Brake
Brasilia
Bratislava
Brazzaville
Bremen
Bremerhaven
Bremerton
Brest
Bridgend
Bridgeport
Bridgetown
Brindisi
Brisbane
Bristol
Brize Norton
Bromma
Bromsgrove
Brooklyn
Brownsville
Brugge
Brunswick
Brussels
Bruxelles
Bruz
Buarest
Bucaramanga
Bucarest
Bucharest
Bucknall
Budapest
Buenos
Buenos Aires
Buffalo
Bujumbura
Bulawayo
Burbank
Burke Lakefront
Burkina-Caen
Burlington
Burnsall
Bur Said
Bur Sudan
Burton-on-Trent
Bury St Edmunds
Busan
Bushehr
Butte
Cadiz
Caen
Caire
Cairns
Cairo
Cajamarca
Calais
Calama
Calcutta
Calgary
Cali
Calicut
Calikyitsik
Calumet
Calumet Harbor
Calvi
Cambridge
Cambridge Bay
Camden
Camembert
Campana
Camp David
Campo Grande
Canaima
Canaport
Canberra
Cancun
Canet
Cannes
Canton
Cape Girardeau
Cape Town
Cape Yakatage
Caracas
Cardif
Cardiff
Carlisle
Carlsbad
Carnac
Carson City
Cartagena
Cartagene
Carthage
Carupano
Casablanca
Casper
Castries
Catania
Cayenne
Cebu
Cedar City
Cedar Rapids
Cergy
Ceuta
Chachapoyas
Chaiang Mai
Chalons-Sur-Saone
Chambery
Chamonix
Champaign
Champigny
Chandigarh
Changchun
Changsha
Chantilly
Charleston
Charlestown
Charleville-Mezieres
Charlotte Amalie
Chartres
Chateau-Thierry
Chatham Docks
Chattanooga
Chavanod
Chavenay
Cheam
Chefornak
Cheju
Chelmsford
Chengdu
Chennai
Cherbourg
Chester
Chetumal
Chevak
Cheyenne
Chi
Chiang
Chicago
Chichen Itza
Chiclayo
Chico
Chignik
Chihuahua
Chi Lung
Ching Tao
Chiswick
Chitose
Chittagong
Chongqing
Christchurch
Chuathbaluk
Cienfuegos
Cigli Military
Cincinnati
City
Ciudad del Carmen
Ciudad Del Carmen
Ciudad del Este
Civitavecchia
Cladisvostok
Clampino
Clermont-Ferrand
Cleveland
Clichy
Cobh
Cochabamba
Cochin
Coeur D'Alene
Colchester
Cold Bay
Colima
College Station
Colmar
Cologne
Colombo
Colombo Harbor
Colorado Springs
Columbia
Columbus
Columbuss
Conakry
Concepcion
Concord
Congonhas
Constantine
Copenhage
Copenhagen
Copenhague
Copiapo
Cordova
Corinth
Cork
Coro
Corpus Christi
Cotonou
Courchevel
Coyhaique
Cozumel
Cracovie
Cristobal
Crokked Creek
Cruzeiro do Sul
Cruzeiro Do Sul
Cuenca
Cuiaba
Cul de Sac
Cul De Sac
Culebra
Culiacan
Cumana
Curacao
Curitiba
Cusco
Cuxhaven
Dakar
Dalaman
Dalian
Dallas
DALLAS
Damas
Damascus
Damietta
Danbury
Danville
Dar
Dar Es Salaam
Dar-Es-Salaam
Darnetal
Darwin
Davao
Dayton
DAYTON
Daytona Beach
Deadhorse
Deauville
Decatur
Deering
Deer Lake
Delhi
Del Rio
Delta
Delta Junction
Denpasar
Denver
DENVER
Des Moines
DES MOINES
Destin
Detroit
DETROIT
Dhabi
Dhahran
Dhaka
Dieppe
Dijon
Dillingham
Djakarta
Djerba
Djibouti
Doha
Domingue
Domodedovo
Dordrecht
Dothan
Douala
Dover
Dover Harbor
Dresden
Dubai
Dublin
Dubrovnik
Dudinka
Duluth
Dundee
Dunkerque
Durango
Durban
Durham
Durres
Dushanbe
Dusseldorf
Düsseldorf
Dutch Harbor
Eagle Pass
Ealing
Easter Island
East London
East Midlands
Edinburgh
Edison
Edmonton
Egegik
Eindhoven
Ekaterinburg
El Aaiun
Elat
Elbeuf
El Ferrol Del Caudillo
Elko
Elmira
El Paso
El Salvador
El Segundo
El Vigia
Ely
Embarkadero
Emden
Emirats
Enfield
English Bay
Enschede
Ensenada
Ercan
Erfurt
Erie
Eros
Esbjerg
Esenboga
Essendon
Eugene
Eureka
Europa Point
Europoort
Evansville
Evenes
Evian
Evreux
Evry
Exeter
Fagall'l
Fairbanks
Falkirk
Falmouth
False Pass
Fangcheng Gang
Fargo
Faro
Fawley
Fayetteville
Fecamp
Felletin
Ferte-Bernard
Fez
Fillmore
Findlay
Fiumicino
Flagstaff
Flint
Florence
Flores
Fontainebleau
Fornebu
Fortaleza
Fort de France
Fort De France
Fort-de-France
Fort Lauderdale
Fort Myers
Fort Nelson
Fort Pierce
Fort Simpson
Fort Smith
Fort St. John
Fort Walton Beach
Fort Wayne
Fort Worth
Fort Yukon
Framingham
Francfort
Frankfort
Frankfurt
Franklin Park
Fransisco
Fredericton
Freeport
Freetown
Freiburg
Fremantle
Fresno
Friedrichshasen
Frunze
Fukuoka
Fukuyama
Fulham
Funafuti
Funchal
Futuna
Fuzhou
Gaborone
Gainsville
Galena
Galveston
Gamagori
Gardermoen
Garoua
Gassim
Gateshead
Gauhati
Gayaquil
Gdansk
Gdynia
Geelong
Geisum
Gemena
Geneva
Geneve
Genoa
Genova
Georgetown
Ghardaia
Glacier National Park
Glasgow
Glendale
Goa
Godthab
Golovim
Goma
Goodnews
Goodnews Bay
Goose Bay
Goroka
Goslar
Goteborg
Göteborg
Gothenburg
Gran Canaria
Grand Cayman
Grande Prairie
Grand Forks
Grand Junction
Grand Rapids
Grand Turk
Grangemouth
Grasse
Grayling
Graz
Great Falls
Green Bay
Greenock
Greensboro
Greenville
Grenada
Grenoble
Grimsby
Groningen
Groton
Grozny
Guadalajara
Guam
Guangzhou
Guatemala
Guatemala City
Guayaquil
Guernsey
Guilin
Guinea-Bissau
Guiyang
Gulfport
Gulkana
Gunnison
Hagen
Haikou
Hail
Haines
Hakata
Hakodate
Halim Perdana Kusuma
Hall Beach
Halsingborg
Halstead
Hambourg
Hamburg
Hamilton
Haneda
Hangzhou
Hanko
Hanley
Hanoi
Hanoi
Hanover
Hanstholm Havn
Harare
Harare
Harbin
Harburg
Harlingen
Harlow
Harrisburg
Harrogate
Hartford
Hartlepool
Hastings
Hat Yai
Haugesund
Havana
Havane
Havre
Haye
Hay River
Hayward
Headingley
Hefei
Heidelberg
Helena
Helsingborg
Helsinki
Heraklion
Hermosillo
Hewanorra
Hibbing
Higashi Harima
Hilo
Hiroshima
Ho
Hobart
Hoboken
Ho Chi Minh
Ho Chi Minh City
Hohhot
Hollywood
Holy Cross
Homer
HongHongkong
Hong Kong
Honiara
Honolulu
Hoolehua
Hooper Bay
Hoorn
Hoskins
Houston
Hove
Huangpu
Huatulco
Hull
Humberside
Hunterston
Huntington
Huntsville
Huslia
Hvalfjordur
Hyannis
Hyderabad
Hyeres
Idaho Falls
Igarka
Iguassu Falls
Ile
Iliamna
Immingham
Inchon
Indianapolis
Innsbruck
Intercontinental
International Falls
Inuvik
Iowa City
Ipoh
Iqaluit
Iquique
Iraklion
Iron Mountain
Irvine
Irving
Isfahan
Isiro
Isla Grande
Islamabad
Issy-Les-Moulineaux
Istanbul
Itami
Ithaca
Ivanoff Bay
Iwakuni
Ixtapa
Izmir
Jackson
Jackson Hole
Jacksonville
Jaipur
Jakarta
Jalalabad
Janeiro
Janesville
Jarnac
Jeddah
Jefferson City
Jericho
Jersey
Jersey City
Jerusalem
Jinan
Johannesburg
John O'Groats
Johnston Island
Johor Bahru
Jonkoping
Jorge Newbery
Jose
Jouy-En-Josas
Juan
Juanjui
Juba
Jubail
Juliaca
Juneau
Kabul
Kaduna
Kagoshima
Kahului
Kakogawa
Kaktovik
Kalamazoo
Kaliningrad
Kalispell
Kalskag
Kaltag
Kampala
Kampong Saom
Kanab
Kanakanak
Kananga
Kano
Kansas City
Kaohsiung
Kao Hsiung
Karachi
Karachi Harbor
Karaganda
Karsto
Karup
Kasigluk
Kasko
Kathmandou
Kathmandu
Katunan
Kawasaki
Kelang
Kemaman Harbor
Kenai
Kerman
Ketchikan
Key West
Khabarovsk
Khartoum
Khobar
Khorramshahr
Kiel
Kiev
Kigali
Kilburn
Kilimanjaro
Killeen
Kimberley
Kindu
King Cove
King Salmon
Kingston
Kingston-upon-Thames
Kingstown
Kinshasa
Kin Wan
Kipnuk
Kiruna
Kisangani
Kisarazu
Kishinev
Kivalina
Kkuujjuaq
Klagentfurt
Klaipeda
Knoxville
Kobe
Kobenhavn
Kochi
Kodiak
Kokruagarok
Kolonia
Komatsu
Kona
Kongiganak
Koror
Kosovo
Kosrae
Kota Kinabalu
Kotka
Kotzebue
Koweit
Koyukuk
Krasnojarsk
Kristiansand
Kristinestad
Kuala
Kuala Lumpur
Kuantan New Port
Kuching
Kumamoto
Kunming
Kuopio
Kure
Kushikino
Kushiro
Kuujjuarapik
Kuwait
Kwajalien
Kwangju
Kwethluk
Kwigillingok
Kyoto
Labuan
La Ceiba
La Coruna
La Crosse Wi
Lae
Lafayette
Lagos
La Grande
La Habana
Lahad Datu
Lahore
LahoreLancon
Lake Charles
Lake Havasu City
Lakehead Harbor
Lanai City
Lancaster
Lands End
Langkawi
Lannion
Lansing
Lanzhou
La Pallice
La Paz
La Plata
Laredo
Larnaca
La Rochelle
Las Palmas
La Spezia
Las Piedras
Las Vegas
Latouche
Launceston
Laval
Lawi Lawi
Lawton
Lax
Lebanon
Le Bourget
Leeds
Le Havre
Leinster
Leipzig
Leith
Leningrad
Le Palais
Lerwick
Les Sables Dolonne
Lethbridge
Lexington
Lhasa
Libourne
Libreville
Lido
Liepaja
Lihue
Lille
LilleLima
Lilongwe
Lima
Limerick
Limoges
Linate
Lincoln
Linz
Lisboa
Lisbon
Lisbonne
Little Rock
Liverpool
Livingstone
Livorno
Ljubljana
Lome
London
London City
Londres
Long Beach
Longview
Longyearbyen
Loreto
Lorient
Los Angeles
Los Cabos
Los Mochis
Louis
Louisville
Lourdes
Louviers
Luanda
Lubbock
Lubeck
Lubumbashi
Lucknow
Luda
Lueneburg
Lugano
Luka Gruz
Lulea
Lumpur
Luneville
Lusaka
Luxembourg
Luxor
Lyon
Maastricht
Macclesfield
Macon
Madinah
Madison
Madras
Madrid
Magadan
Magenta
Mahala
Mahe
Mahe Island
Maiduguri
Maisons-Laffitte
Maizuru
Majuro
Malabo
Malaga
Male
Malindi
Malmo
Malmö
Malpensa
Malta
Malvern
Manado
Managua
Manama
Manaus
Manchester
Manhattan
Manila
Manille
Mans
Manzanillo
Maputo
Maracaibo
Margarita
Maribor
Marignane
Marion
Marlow
Marmorilik
Marquette
Marrakech
Marriot Astrodrome
Marseille
Marshall
Martha's Vineyard
Mascate
Maseru
Mashad
Matadi
Matamoros
Matsuyama
Maturin
Mauritius
Mayaguez
Mazatlan
Mbabane
Mbandaka
Mbuji-Mayi
McAllen
McGrath
Medan
Medellin
Medford
Meekatharra
Mekoryuk
Melbourne
Melun
Melville Hall
Memphis
Mendoza
Merida
Meriden
Meridian
Mesa
Meshik
Messina
Metz
Mexicali
Mexico
Mexico City
Meylan
Miami
Milan
Milford
Milton Keynes
Milwaukee
Mina Jabal Ali
Minatitlan
Mineralnye Vody
Minh
Minneapolis
Minot
Minsk
Miquelon
Miri
Mishima Kawanoe
Missoula
Miyazaki
Mizushima
Mogadishu
Moji
Moline
Molokai
Molyneux
Mombasa
Monaco
Moncton
Mongstad
Monroe
Monrovia
Mont-De-Marsan
Montego
Montego Bay
Monterrey
Montervideo
Montevideo
Montgomery
Monticello
Montignac
Montigny
Montmorillon
Montpelier
Montpellier
Montreal
Mont-St-Michel
Morelia
Moresby
Moroni
Moscou
Moscow
Moses Point
Moskva
Mount Hagen
Mount Pleasant
Moutiers
Mulhouse
Mumbai
Munich
Munster
Murmansk
Muroran
Muscat
Muscle Shoals
Muskegon
Myrtle Beach
N'djamena
N'Djamena
Nadi
Nagasaki
Nagayeva
Nagoya
Nairobi
Nanchang
Nancy
Nanisivik
Nanjing
Nanning
Nantes
Nantucket
Nanyuan
Napakiak
Napaskiak
Naples
Napoli
Narita
Nashville
Nassau
Natal
Nazareth
Nemours
Nemrut
Nenana
Newark
New Bedford
New Bern
Newburgh
Newcastle
New Delhi
Newhalen
New Haven
New Orleans
Newport
Newtok
New Westminster
New York
New York City
Niagara Falls
Niamey
Niamey
Nicosia
NicosieNimes
Nightmute
Niigata
Nijmegen
Nimes
Ningbo
Niort
Nis
Nizhnevartovsk
Nogales
Nogent
Nome
Norfolk
Norfolk Beach
Norilsk
Norman Wells
Norrkoping
Norte Los Rodeos
North Philadelphia
Norwich
Nottingham
Nouakchott
Noumea
Novi Sad
Novosibirsk
Nuevitas
Nuevo Laredo
Nuku'Alofa
Nukus
Nulato
Nunapitchuk
Nuremberg
Nuuk
Oakland
Oaxaca
Ockelbo
Odessa
Oita
Okadama
Okayama
Okinawa
Oklahoma City
Oldham
Old Harbor
Oliktok
Olympia
Omaha
Ontario
Oostende
Oran
Oranjestad
Orio Al Serio
Orlando
Orleans
Osaka
Oshkosh
Osijek
Oslo
Osorno
Ostend
Östersund
Otaru
Otopeni
Ottawa
Ouagadougou
Ovda
Oxnard
Pago Pago
Paitilla
Palaiseau
Palembang
Palermo
Palma
Palmer
Palm Springs
Palo Alto
Panama
Panama City
Panguitch
Papeete
Paphos
Paramaribo
Parempuyre
Paris
Parkersburg
Parme
Parthenay
Pasajes
Pascagoula
Pasco
Pau
Paulo
Paya Lebar
Paz
Pecos
Pedro Juan Caballero
Pekin
Penang
Penh
Pensacola
Peoria
Pereira
Perimeter Mall
Perpignan
Perryville
Perth
Pescara
Peshawar
Petersburg
Petropavlovsk
Philadelphia
Phnom
Phoenix
Phuket
Pierre
Pinang
Piraievs
Pisa
Pittsburgh
Piura
Plata
Platinum
Plymouth
Pocatello
Pohnpei
Point a Pitre
Pointe-à-Pitre
Point Hope
Point Lay
Poitiers
Polamar
Ponce
Ponta Delgada
Pontiac
Pontoise
Pori
Pornic
Port Adelaide
Port Arthur
Port au Prince
Port Au Prince
Port-au-Prince
Port-Au-Prince
Port Dalrymple
Port Elizabeth
Port Everglades
Port Graham
Port-Grimaud
Port Harcourt
Port Hedland
Port Heiden
Portland
Port Louis
Port Lyttelton
Port Moller
Port Moresby
Porto
Porto Alegre
Porto de Leixoes
Porto De Leixoes
Porto de Sines
Porto De Sines
Port of Spain
Port Of Spain
Port-of-Spain
Port of Tyne
Port Of Tyne
Porto-Novo
Porto Velho
Portsmouth
Portsmouth Harbor
Port Vila
Port-Villa
Prague
Praia
Presque Isle
Prestwick
Pretoria
Prince George
Prince Rupert
Providence
Providenciales
Prudhoe Bay
Pucallpa
Puebla
Puerto
Puerto Armuelles
Puerto Ayachucho
Puerto Del Callao
Puerto Escondido
Puerto La Cruz
Puerto La Guaira
Puerto Maldonado
Puerto Montt
Puerto Ordaz
Puerto Plata
Puerto Vallarta
Punta Arenas
Punta Palenque
Pusan
Pyongyang
Pyramiden
Qingdao
Quebec
Que Iboe
Quetta
Quimper
Quinhagak
Quito
Rabat
Rabaul
Raleigh
Ramstein
Rangoon
Ranton
Rapid City
Rarotonga
Ras At Tannurah
Ras Shukhier
Rauma
Recife
Red Devil
Redding
Red Dog
Redstone
Regina
Reims
Rennes
Reno
Resolute
Reunion
Reykjavik
Reze
Richards Bay
Richland
Richmond
Riga
Rijeka Luka
Rimini
Rio
Rio de Janeiro
Rio De Janeiro
Rio Gallegos
Rioja
Riverhead
Riyad
Riyadh
Road Town
Roanne
Roanoke
Roatan
Rochefort
Rochelle
Rochester
Rockford
Rocky Mount
Rodez
Roma
Rome
Roosevelt
Rosario
Roseau
Roskilde
Rota
Rothesay Dock
Rotterdam
Rouen
Roussillon
Ruby
Russian Mission
Saarbrucken
Sacramento
Safi
Saganoseki
Saginaw
Saigon
Saint-Denis
Saint-Etienne
Saint-Etienne Du Rouvray
Saint Georges
Saint-Jean
Saint Johns
Saint Michael
Saint-Nazaire
Saint-Omer
Saint Paul
Saint-Petersbourg
Saint Petersburg
Saint-Quentin
Saint-Sauveur
Saint-Sulpice
Saint-Tropez
Saipan
Sakai Senboku
Sakhalinsk
Sal
Salala
Saldanha Bay
Salem
Salmesbury
Salon-De-Provence
Saltillo
Salt Lake City
Salvador
Salzburg
San
Sana'A
Sanaa
San Andres Island
San Angelo
San Antonio
San Bernardino
Sandakan
San Diego
Sand Point
San Fernando
San Fernando de Apure
San Francisco
San Jose
San Juan
San Luis Potosi
San Pedro Sula
San Salvador
Santa Barbara
Santa Cruz
Santa Cruz De Tenerife
Santa Fe
Santa Maria
Santander
Santiago
Santiago de Compostela
Santiago De Cuba
Santo
Santo Domingo
San Tome
Santos
Santos Dumont
Sanya
Sanzibar
Sao
Sao Luiz
Sao Paulo
Sao Tome
Sao Tome Island
Sapporo
Sapporo
Sarajevo
Sarasota
Sasebo
Sault St. Marie
Sauveterre-De-Bearn
Savannah
Savona
Scammon Bay
Scatsta
Sde Dov
Seattle
Sedona
Segrate
Seldovia
Seletar
Sendai
Seoul
Seri
Sevilla
Seville
Seward
Shageluk
Shanghai
Shang Hai
Shannon
Shantou
Sharjah
Sheffield
Shemya Islands
Shenyang
Shenzhen
Sheremetyevo
Shibushi
Shields Harbor
Shijiazhuang
Shimizu
Shimonoseki
Shiraz
Shishmaref
Shreveport
Shung Shan
Sibenik
Sibu
Simferopol
Singapore
Singapour
Sioux City
Sioux Falls
Siracusa
Sirri Island
Sitka
Sizewell
Skagway
Skulte
Sleetmute
Sochi
Sofia
Sokoto
Soldotna
Sonderborg
Sondre Stromfjord
Southampton
South Bend
Springfield
St. Denis de la Reunion
St. George
St. George Island
St. Helena
St. Johns
St. Kitts
St. Kitts and Nevis
St. Louis
St. Lucia
St. Maarten
St. Mary's
St. Paul
St. Petersburg
St. Pierre and Miquelon
St. Thomas
St. Vincent
St. Vincent and the Grenadines
Starkville
Stavanger
Stavenger
Steamboat Spring
Stevens Village
St John
St Louis
St Nazaire
Stockholm
Stockport
Stockton
Stoke-on-Trent
Stoke Poges
Stony River
Storlien
St-Petersburg
St-Pierre
Strasbourg
Studstrup
Stuttgart
Sudbury
Sukhumi
Sumuburgh
Sunderland
Sundsvall
Superior
Surabaya
Sur Reine Sofia
Suva
Swanage
Swansea
Swatow
Sydney
Syracuse
Szczecin
Tabriz
Tabuk
Tachibana
Tacna
Tacoma
Taegu
Tagonoura
Tahkoluoto
Taif
Taipeh
Taipei
Tai-pei
Taiyuan
Takamatsu
Takoradi
Talara
Talkeetna
Tallahassee
Tallinn
Tamanrasset
Tamiami
Tampa
Tampere
Tampico
Tanana
Tananarive
Tanger
Tangier
Tanjungpriok
Tapis
Tapis Oilfield
Tarabulus
Taranto
Tarapoto
Tarawa
Tarbes
Tashkent
Tawau
Tazerka
Tbilisi
Teesport
Teesside
Tegel
Tegucigalpa
Teheran
Tehran
Tel Aviv
Tel Aviv-Yafo
Teller
Tempelhof
Temuco
Tenerife
Tepic
Terceira
Terneuzen
Terrace
Tetlin Junction
Texarkana
Thanh Pho Ho Chi Minh
Thann
The Hague
Thessaloniki
Thessalonoki
The Valley
Thimphu
Thonon
Thunder Bay
Tianjin
Tijuana
Timisoara
Tinee
Tingo Maria
Tingwall
Tinson
Tirana
Tirane
Tobago
Togiak
Toksook Bay
Tokushimax
Tokyo
Toledo
Tompkinsville Si
Tongatapu
Tonnerre
Topeka
Toronto
Toronto Island
Torreon
Tortola
Tottori
Toucy
Toulon
Toulouse
Tours
Toyama
Traverse City
Trenton
Tresco
Treviso
Trieste
Trincomalee Harbor
Trinite
Tripoli
Trivandrum
Trois Rivieres
Trombetas
Tromso
Trondheim
Troyes
Trujillo
Truk
Tucson
Tulsa
Tuluksak
Tumbes
Tunis
Tunstall
Tuntutuliak
Tununak
Turin
Turku
Tuscaloosa
Tuxtla Gutierrez
Tuzla
Twin Falls
Tyler
Ube
Ujung Pandang
Ukiah
Ulaanbaatar
Ulan Bator
Umea
Umiat
Umkumiut
Unalakleet
Ungalik
Uppsala
Urumqi
Ussel
Utopia
Vaasa
Vaduz
Val d'Or
Val D'Or
Valdez
Valdosta
Valencia
Valera
Valladolid
Vallarta
Valletta
Valparaiso
Vancouver
Vannes
Varadero
Varengeville
Varsovie
Vasteras
Vatican
Vaxjo
Vegas
Vejle
Venetie
Venice
Venise
Veracruz
Vernal
Verona
Versailles
Vichy
Victoria
Victoria Harbor
Vienna
Vienne
Vientiane
Vieques
Vigo
Villahermosa
Villanueva
Villefranche-Sur-Saone
Villepreux
Villeurbanne
Vilnius
Viracopos
Viroflay
Vishakhapatnam
Vitrolles
Vladivostok
Vlissingen
Vnukovo
Voiron
Volgograd
Voreppe
Vyborg
Wabush
Waco
Wadi Feiran
Wainwright
Wakamatsu
Wallis
Warsaw
Washington
Washington, DC
Watson Lake
Wausau
Weisbaden
Wellington
Wells
Wembley
Wenatchee
Wendover
Westchester County
Westminster
West Palm Beach
West Point
Wevok
Weymouth
Whitehall
Whitehorse
Whittier
Wichita
Wichita Falls
Wiesbaden
Wilkes-Barre
Willemstad
Williamsburg
Willow
Willow Run
Wilmington
Wilson
Windhoek
Windsor
Winnipeg
Winston-Salem
Woolwich
Wrangell
Wuhan
Xiamen
Xian
Yakima
Yakutat
Yamagata
Yanan
Yangon
Yantai
Yaounde
Yap Caroline Island
Yaren
Yellowknife
Yerevan
Yinchuang
Yokkaichi
Yokohama
Yokosuka
York
Yuma
Yurimaguas
Yuzhno
Zacatecas
Zagreb
Zahedan
Zaragoza
Zeebrugge
Zhanjiang
Zhengzhou
Zihuatanejo
Zorg en Hoop
Zorg En Hoop
Zurich
Aceh
Africa
Algarve
America
Antarctica
Ashmore and Cartier Islands
Asia
Atlantic Coast
Bahamas
Baker Island
Balkans
Bassin Pacifique
Bay Area
Bay of Pigs
Bouvet Island
British Virgin Islands
Cayman Islands
Christmas Island
Clipperton Island
Cocos Islands
Cook Island
Coral Sea Islands
East Asia
Eastern Bloc
Eastern Europe
Europa Island
Europe
Falkland Islands
Faroe Islands
Gaza
Gilbert and Ellice Islands
Glorioso Islands
Gulf Coast
Heard and McDonald Islands
Hispaniola
Howland Island
Indochina
Jarvis Island
Juan de Nova Island
Judea
Marshall Islands
Mediterranean
Middle East
Midway Islands
Navassa Island
New England
Norfolk Island
North America
Northern Mariana Islands
Pacific Basin
Paracel Islands
Patagonia
Pitcairn Islands
Providencia
San Andres
Scandinavia
Silicon Valley
Solomon Islands
South America
South East Asia
Spitsbergen
Spitzbergen
Spratly Islands
Svalbard
the Far East
the Gulf
The Gulf
the Persian Gulf
The Persian Gulf
Tromelin Island
Turks and Caicos Islands
Virgin Islands
W. Indies
Wake Island
West Bank
Western Europe
West Europe
West Indies
W Indies
Antrim
Ards
Armagh
Avon
Ayrshire
Ballymena
Ballymoney
Banbridge
Bedfordshire
Belfast
Berks
Berkshire
Borders
Buckinghamshire
Bucks
Cambridgeshire
Carrickfergus
Castlereagh
Cheshire
Cleveland
Clwyd
Coleraine
Cookstown
Cornwall
County Antrim
County Ards
County Armagh
County Ballymena
County Ballymoney
County Banbridge
County Belfast
County Carrickfergus
County Castlereagh
County Coleraine
County Cookstown
County Craigavon
County Down
County Dungannon
County Fermanagh
County Larne
County Limavady
County Lisburn
County Londonderry
County Magherafelt
County Moyle
County Newry and Mourne
County Newtownabbey
County North Down
County Omagh
County Strabane
Craigavon
Cumbria
Dartmoor
Derbyshire
Devon
Dorset
Dumfries and Galloway
Dungannon
Durham
Dyfed
East Anglia
East Riding
East Sussex
Essex
Exmoor
Fermanagh
Fife
Gloucestershire
Grampian
Greater London
Greater Manchester
Gwent
Gwynedd
Hampshire
Hants
Hereford
Hereford and Worcester
Hertfordshire
Herts
Highland
Humberside
Isle of Wight
Isle Of Wight
Kent
Lancashire
Lancs
Larne
Leicestershire
Limavady
Lincolnshire
Lisburn
Londonderry
Lothian
Magherafelt
Merseyside
Middlesex
Mid Glamorgan
Midlands
Moyle
Newry and Mourne
Newtownabbey
Norfolk
Northamptonshire
Northants
North Down
Northumberland
Northumbria
North Yorks
North Yorkshire
Nottinghamshire
Omagh
Orkney
Oxfordshire
Oxon
Perthshire
Powys
Royal Berks
Royal Berkshire
Rutland
Shetland
Shropshire
Somerset
South Glamorgan
South Yorks
South Yorkshire
Staffordshire
Strabane
Strathclyde
Suffolk
Surrey
Sussex
Tayside
Tyne and Wear
Vale of Glamorgan
Warwickshire
Western Isles
West Glamorgan
West Midlands
West Sussex
West Yorks
West Yorkshire
Wiltshire
Worcestershire
Yorkshire
